Component: ARM Compiler 5.06 update 6 (build 750) Tool: armlink [4d35ed]

==============================================================================

Section Cross References

    startup_stm32h733xx.o(STACK) refers (Special) to heapauxi.o(.text) for __use_two_region_memory
    startup_stm32h733xx.o(HEAP) refers (Special) to heapauxi.o(.text) for __use_two_region_memory
    startup_stm32h733xx.o(RESET) refers (Special) to heapauxi.o(.text) for __use_two_region_memory
    startup_stm32h733xx.o(RESET) refers to startup_stm32h733xx.o(STACK) for __initial_sp
    startup_stm32h733xx.o(RESET) refers to startup_stm32h733xx.o(.text) for Reset_Handler
    startup_stm32h733xx.o(RESET) refers to stm32h7xx_it.o(i.NMI_Handler) for NMI_Handler
    startup_stm32h733xx.o(RESET) refers to stm32h7xx_it.o(i.HardFault_Handler) for HardFault_Handler
    startup_stm32h733xx.o(RESET) refers to stm32h7xx_it.o(i.MemManage_Handler) for MemManage_Handler
    startup_stm32h733xx.o(RESET) refers to stm32h7xx_it.o(i.BusFault_Handler) for BusFault_Handler
    startup_stm32h733xx.o(RESET) refers to stm32h7xx_it.o(i.UsageFault_Handler) for UsageFault_Handler
    startup_stm32h733xx.o(RESET) refers to stm32h7xx_it.o(i.SVC_Handler) for SVC_Handler
    startup_stm32h733xx.o(RESET) refers to stm32h7xx_it.o(i.DebugMon_Handler) for DebugMon_Handler
    startup_stm32h733xx.o(RESET) refers to stm32h7xx_it.o(i.PendSV_Handler) for PendSV_Handler
    startup_stm32h733xx.o(RESET) refers to stm32h7xx_it.o(i.SysTick_Handler) for SysTick_Handler
    startup_stm32h733xx.o(RESET) refers to stm32h7xx_it.o(i.FDCAN1_IT0_IRQHandler) for FDCAN1_IT0_IRQHandler
    startup_stm32h733xx.o(RESET) refers to stm32h7xx_it.o(i.TIM1_BRK_IRQHandler) for TIM1_BRK_IRQHandler
    startup_stm32h733xx.o(RESET) refers to stm32h7xx_it.o(i.TIM1_UP_IRQHandler) for TIM1_UP_IRQHandler
    startup_stm32h733xx.o(RESET) refers to stm32h7xx_it.o(i.TIM2_IRQHandler) for TIM2_IRQHandler
    startup_stm32h733xx.o(RESET) refers to stm32h7xx_it.o(i.USART3_IRQHandler) for USART3_IRQHandler
    startup_stm32h733xx.o(RESET) refers to stm32h7xx_it.o(i.TIM8_UP_TIM13_IRQHandler) for TIM8_UP_TIM13_IRQHandler
    startup_stm32h733xx.o(RESET) refers to stm32h7xx_it.o(i.USART10_IRQHandler) for USART10_IRQHandler
    startup_stm32h733xx.o(.text) refers (Special) to heapauxi.o(.text) for __use_two_region_memory
    startup_stm32h733xx.o(.text) refers to system_stm32h7xx.o(i.SystemInit) for SystemInit
    startup_stm32h733xx.o(.text) refers to __main.o(!!!main) for __main
    startup_stm32h733xx.o(.text) refers to startup_stm32h733xx.o(HEAP) for Heap_Mem
    startup_stm32h733xx.o(.text) refers to startup_stm32h733xx.o(STACK) for Stack_Mem
    main.o(i.SystemClock_Config) refers to rt_memclr_w.o(.text) for __aeabi_memclr4
    main.o(i.SystemClock_Config) refers to stm32h7xx_hal_pwr_ex.o(i.HAL_PWREx_ConfigSupply) for HAL_PWREx_ConfigSupply
    main.o(i.SystemClock_Config) refers to stm32h7xx_hal_rcc.o(i.HAL_RCC_OscConfig) for HAL_RCC_OscConfig
    main.o(i.SystemClock_Config) refers to stm32h7xx_hal_rcc.o(i.HAL_RCC_ClockConfig) for HAL_RCC_ClockConfig
    main.o(i.SystemClock_Config) refers to stm32h7xx_hal_rcc_ex.o(i.HAL_RCCEx_PeriphCLKConfig) for HAL_RCCEx_PeriphCLKConfig
    main.o(i.main) refers to stm32h7xx_hal.o(i.HAL_Init) for HAL_Init
    main.o(i.main) refers to main.o(i.SystemClock_Config) for SystemClock_Config
    main.o(i.main) refers to gpio.o(i.MX_GPIO_Init) for MX_GPIO_Init
    main.o(i.main) refers to tim.o(i.MX_TIM2_Init) for MX_TIM2_Init
    main.o(i.main) refers to usart.o(i.MX_USART3_UART_Init) for MX_USART3_UART_Init
    main.o(i.main) refers to fdcan.o(i.MX_FDCAN1_Init) for MX_FDCAN1_Init
    main.o(i.main) refers to tim.o(i.MX_TIM1_Init) for MX_TIM1_Init
    main.o(i.main) refers to tim.o(i.MX_TIM3_Init) for MX_TIM3_Init
    main.o(i.main) refers to usart.o(i.MX_USART10_UART_Init) for MX_USART10_UART_Init
    main.o(i.main) refers to tim.o(i.MX_TIM13_Init) for MX_TIM13_Init
    main.o(i.main) refers to stm32h7xx_hal_gpio.o(i.HAL_GPIO_WritePin) for HAL_GPIO_WritePin
    main.o(i.main) refers to stm32h7xx_hal_tim.o(i.HAL_TIM_Base_Start_IT) for HAL_TIM_Base_Start_IT
    main.o(i.main) refers to stm32h7xx_hal_uart.o(i.HAL_UART_Transmit) for HAL_UART_Transmit
    main.o(i.main) refers to stm32h7xx_hal_gpio.o(i.HAL_GPIO_TogglePin) for HAL_GPIO_TogglePin
    main.o(i.main) refers to tim.o(.bss) for htim2
    main.o(i.main) refers to main.o(.data) for .data
    main.o(i.main) refers to usart.o(.bss) for huart3
    gpio.o(i.MX_GPIO_Init) refers to rt_memclr_w.o(.text) for __aeabi_memclr4
    gpio.o(i.MX_GPIO_Init) refers to stm32h7xx_hal_gpio.o(i.HAL_GPIO_WritePin) for HAL_GPIO_WritePin
    gpio.o(i.MX_GPIO_Init) refers to stm32h7xx_hal_gpio.o(i.HAL_GPIO_Init) for HAL_GPIO_Init
    fdcan.o(i.HAL_FDCAN_MspDeInit) refers to stm32h7xx_hal_gpio.o(i.HAL_GPIO_DeInit) for HAL_GPIO_DeInit
[...]
    stm32h7xx_hal_rcc_ex.o(i.RCCEx_PLL2_Config) refers to stm32h7xx_hal.o(i.HAL_GetTick) for HAL_GetTick
    stm32h7xx_hal_rcc_ex.o(i.RCCEx_PLL3_Config) refers to stm32h7xx_hal.o(i.HAL_GetTick) for HAL_GetTick
    stm32h7xx_hal_flash.o(i.FLASH_CRC_WaitForLastOperation) refers to stm32h7xx_hal.o(i.HAL_GetTick) for HAL_GetTick
    stm32h7xx_hal_flash.o(i.FLASH_CRC_WaitForLastOperation) refers to stm32h7xx_hal_flash.o(.bss) for .bss
    stm32h7xx_hal_flash.o(i.FLASH_OB_WaitForLastOperation) refers to stm32h7xx_hal.o(i.HAL_GetTick) for HAL_GetTick
    stm32h7xx_hal_flash.o(i.FLASH_OB_WaitForLastOperation) refers to stm32h7xx_hal_flash.o(.bss) for .bss
    stm32h7xx_hal_flash.o(i.FLASH_WaitForLastOperation) refers to stm32h7xx_hal.o(i.HAL_GetTick) for HAL_GetTick
    stm32h7xx_hal_flash.o(i.FLASH_WaitForLastOperation) refers to stm32h7xx_hal_flash.o(.bss) for .bss
    stm32h7xx_hal_flash.o(i.HAL_FLASH_GetError) refers to stm32h7xx_hal_flash.o(.bss) for .bss
    stm32h7xx_hal_flash.o(i.HAL_FLASH_IRQHandler) refers to stm32h7xx_hal_flash.o(i.HAL_FLASH_OperationErrorCallback) for HAL_FLASH_OperationErrorCallback
    stm32h7xx_hal_flash.o(i.HAL_FLASH_IRQHandler) refers to stm32h7xx_hal_flash.o(i.HAL_FLASH_EndOfOperationCallback) for HAL_FLASH_EndOfOperationCallback
    stm32h7xx_hal_flash.o(i.HAL_FLASH_IRQHandler) refers to stm32h7xx_hal_flash_ex.o(i.FLASH_Erase_Sector) for FLASH_Erase_Sector
    stm32h7xx_hal_flash.o(i.HAL_FLASH_IRQHandler) refers to stm32h7xx_hal_flash.o(.bss) for .bss
    stm32h7xx_hal_flash.o(i.HAL_FLASH_OB_Launch) refers to stm32h7xx_hal_flash.o(i.FLASH_CRC_WaitForLastOperation) for FLASH_CRC_WaitForLastOperation
    stm32h7xx_hal_flash.o(i.HAL_FLASH_OB_Launch) refers to stm32h7xx_hal_flash.o(i.FLASH_OB_WaitForLastOperation) for FLASH_OB_WaitForLastOperation
    stm32h7xx_hal_flash.o(i.HAL_FLASH_Program) refers to stm32h7xx_hal_flash.o(i.FLASH_WaitForLastOperation) for FLASH_WaitForLastOperation
    stm32h7xx_hal_flash.o(i.HAL_FLASH_Program) refers to stm32h7xx_hal_flash.o(.bss) for .bss
    stm32h7xx_hal_flash.o(i.HAL_FLASH_Program_IT) refers to stm32h7xx_hal_flash.o(i.FLASH_WaitForLastOperation) for FLASH_WaitForLastOperation
    stm32h7xx_hal_flash.o(i.HAL_FLASH_Program_IT) refers to stm32h7xx_hal_flash.o(.bss) for .bss
    stm32h7xx_hal_flash_ex.o(i.HAL_FLASHEx_ComputeCRC) refers to stm32h7xx_hal_flash.o(i.FLASH_OB_WaitForLastOperation) for FLASH_OB_WaitForLastOperation
    stm32h7xx_hal_flash_ex.o(i.HAL_FLASHEx_ComputeCRC) refers to stm32h7xx_hal_flash.o(i.FLASH_CRC_WaitForLastOperation) for FLASH_CRC_WaitForLastOperation
    stm32h7xx_hal_flash_ex.o(i.HAL_FLASHEx_Erase) refers to stm32h7xx_hal_flash.o(i.FLASH_WaitForLastOperation) for FLASH_WaitForLastOperation
    stm32h7xx_hal_flash_ex.o(i.HAL_FLASHEx_Erase) refers to stm32h7xx_hal_flash_ex.o(i.FLASH_MassErase) for FLASH_MassErase
    stm32h7xx_hal_flash_ex.o(i.HAL_FLASHEx_Erase) refers to stm32h7xx_hal_flash_ex.o(i.FLASH_Erase_Sector) for FLASH_Erase_Sector
    stm32h7xx_hal_flash_ex.o(i.HAL_FLASHEx_Erase) refers to stm32h7xx_hal_flash.o(.bss) for pFlash
    stm32h7xx_hal_flash_ex.o(i.HAL_FLASHEx_Erase_IT) refers to stm32h7xx_hal_flash.o(i.FLASH_WaitForLastOperation) for FLASH_WaitForLastOperation
    stm32h7xx_hal_flash_ex.o(i.HAL_FLASHEx_Erase_IT) refers to stm32h7xx_hal_flash_ex.o(i.FLASH_Erase_Sector) for FLASH_Erase_Sector
    stm32h7xx_hal_flash_ex.o(i.HAL_FLASHEx_Erase_IT) refers to stm32h7xx_hal_flash_ex.o(i.FLASH_MassErase) for FLASH_MassErase
    stm32h7xx_hal_flash_ex.o(i.HAL_FLASHEx_Erase_IT) refers to stm32h7xx_hal_flash.o(.bss) for pFlash
    stm32h7xx_hal_flash_ex.o(i.HAL_FLASHEx_OBProgram) refers to stm32h7xx_hal_flash.o(i.FLASH_WaitForLastOperation) for FLASH_WaitForLastOperation
    stm32h7xx_hal_flash_ex.o(i.HAL_FLASHEx_OBProgram) refers to stm32h7xx_hal_flash_ex.o(i.FLASH_OB_UserConfig) for FLASH_OB_UserConfig
    stm32h7xx_hal_flash_ex.o(i.HAL_FLASHEx_OBProgram) refers to stm32h7xx_hal_flash.o(.bss) for pFlash
    stm32h7xx_hal_gpio.o(i.HAL_GPIO_EXTI_IRQHandler) refers to stm32h7xx_hal_gpio.o(i.HAL_GPIO_EXTI_Callback) for HAL_GPIO_EXTI_Callback
    stm32h7xx_hal_hsem.o(i.HAL_HSEM_IRQHandler) refers to stm32h7xx_hal_hsem.o(i.HAL_HSEM_FreeCallback) for HAL_HSEM_FreeCallback
    stm32h7xx_hal_dma.o(i.DMA_CalcBaseAndBitshift) refers to stm32h7xx_hal_dma.o(.constdata) for .constdata
    stm32h7xx_hal_dma.o(i.HAL_DMA_Abort) refers to stm32h7xx_hal.o(i.HAL_GetTick) for HAL_GetTick
    stm32h7xx_hal_dma.o(i.HAL_DMA_DeInit) refers to stm32h7xx_hal_dma.o(i.DMA_CalcBaseAndBitshift) for DMA_CalcBaseAndBitshift
    stm32h7xx_hal_dma.o(i.HAL_DMA_DeInit) refers to stm32h7xx_hal_dma.o(i.DMA_CalcDMAMUXChannelBaseAndMask) for DMA_CalcDMAMUXChannelBaseAndMask
    stm32h7xx_hal_dma.o(i.HAL_DMA_DeInit) refers to stm32h7xx_hal_dma.o(i.DMA_CalcDMAMUXRequestGenBaseAndMask) for DMA_CalcDMAMUXRequestGenBaseAndMask
    stm32h7xx_hal_dma.o(i.HAL_DMA_IRQHandler) refers to system_stm32h7xx.o(.data) for SystemCoreClock
    stm32h7xx_hal_dma.o(i.HAL_DMA_Init) refers to stm32h7xx_hal.o(i.HAL_GetTick) for HAL_GetTick
    stm32h7xx_hal_dma.o(i.HAL_DMA_Init) refers to stm32h7xx_hal_dma.o(i.DMA_CheckFifoParam) for DMA_CheckFifoParam
    stm32h7xx_hal_dma.o(i.HAL_DMA_Init) refers to stm32h7xx_hal_dma.o(i.DMA_CalcBaseAndBitshift) for DMA_CalcBaseAndBitshift
    stm32h7xx_hal_dma.o(i.HAL_DMA_Init) refers to stm32h7xx_hal_dma.o(i.DMA_CalcDMAMUXChannelBaseAndMask) for DMA_CalcDMAMUXChannelBaseAndMask
    stm32h7xx_hal_dma.o(i.HAL_DMA_Init) refers to stm32h7xx_hal_dma.o(i.DMA_CalcDMAMUXRequestGenBaseAndMask) for DMA_CalcDMAMUXRequestGenBaseAndMask
    stm32h7xx_hal_dma.o(i.HAL_DMA_PollForTransfer) refers to stm32h7xx_hal.o(i.HAL_GetTick) for HAL_GetTick
    stm32h7xx_hal_dma.o(i.HAL_DMA_PollForTransfer) refers to stm32h7xx_hal_dma.o(i.HAL_DMA_Abort) for HAL_DMA_Abort
    stm32h7xx_hal_dma.o(i.HAL_DMA_Start) refers to stm32h7xx_hal_dma.o(i.DMA_SetConfig) for DMA_SetConfig
    stm32h7xx_hal_dma.o(i.HAL_DMA_Start_IT) refers to stm32h7xx_hal_dma.o(i.DMA_SetConfig) for DMA_SetConfig
    stm32h7xx_hal_dma_ex.o(i.HAL_DMAEx_MultiBufferStart) refers to stm32h7xx_hal_dma_ex.o(i.DMA_MultiBufferSetConfig) for DMA_MultiBufferSetConfig
    stm32h7xx_hal_dma_ex.o(i.HAL_DMAEx_MultiBufferStart_IT) refers to stm32h7xx_hal_dma_ex.o(i.DMA_MultiBufferSetConfig) for DMA_MultiBufferSetConfig
    stm32h7xx_hal_mdma.o(i.HAL_MDMA_Abort) refers to stm32h7xx_hal.o(i.HAL_GetTick) for HAL_GetTick
    stm32h7xx_hal_mdma.o(i.HAL_MDMA_IRQHandler) refers to system_stm32h7xx.o(.data) for SystemCoreClock
    stm32h7xx_hal_mdma.o(i.HAL_MDMA_Init) refers to stm32h7xx_hal.o(i.HAL_GetTick) for HAL_GetTick
    stm32h7xx_hal_mdma.o(i.HAL_MDMA_Init) refers to stm32h7xx_hal_mdma.o(i.MDMA_Init) for MDMA_Init
    stm32h7xx_hal_mdma.o(i.HAL_MDMA_PollForTransfer) refers to stm32h7xx_hal.o(i.HAL_GetTick) for HAL_GetTick
    stm32h7xx_hal_mdma.o(i.HAL_MDMA_PollForTransfer) refers to stm32h7xx_hal_mdma.o(i.HAL_MDMA_Abort) for HAL_MDMA_Abort
    stm32h7xx_hal_mdma.o(i.HAL_MDMA_Start) refers to stm32h7xx_hal_mdma.o(i.MDMA_SetConfig) for MDMA_SetConfig
    stm32h7xx_hal_mdma.o(i.HAL_MDMA_Start_IT) refers to stm32h7xx_hal_mdma.o(i.MDMA_SetConfig) for MDMA_SetConfig
    stm32h7xx_hal_pwr.o(i.HAL_PWR_PVD_IRQHandler) refers to stm32h7xx_hal_pwr.o(i.HAL_PWR_PVDCallback) for HAL_PWR_PVDCallback
    stm32h7xx_hal_pwr_ex.o(i.HAL_PWREx_ConfigSupply) refers to stm32h7xx_hal.o(i.HAL_GetTick) for HAL_GetTick
    stm32h7xx_hal_pwr_ex.o(i.HAL_PWREx_ControlVoltageScaling) refers to stm32h7xx_hal.o(i.HAL_GetTick) for HAL_GetTick
    stm32h7xx_hal_pwr_ex.o(i.HAL_PWREx_DisableBkUpReg) refers to stm32h7xx_hal.o(i.HAL_GetTick) for HAL_GetTick
    stm32h7xx_hal_pwr_ex.o(i.HAL_PWREx_DisableUSBReg) refers to stm32h7xx_hal.o(i.HAL_GetTick) for HAL_GetTick
    stm32h7xx_hal_pwr_ex.o(i.HAL_PWREx_EnableBkUpReg) refers to stm32h7xx_hal.o(i.HAL_GetTick) for HAL_GetTick
    stm32h7xx_hal_pwr_ex.o(i.HAL_PWREx_EnableUSBReg) refers to stm32h7xx_hal.o(i.HAL_GetTick) for HAL_GetTick
    stm32h7xx_hal_pwr_ex.o(i.HAL_PWREx_PVD_AVD_IRQHandler) refers to stm32h7xx_hal_pwr.o(i.HAL_PWR_PVDCallback) for HAL_PWR_PVDCallback
    stm32h7xx_hal_pwr_ex.o(i.HAL_PWREx_PVD_AVD_IRQHandler) refers to stm32h7xx_hal_pwr_ex.o(i.HAL_PWREx_AVDCallback) for HAL_PWREx_AVDCallback
    stm32h7xx_hal_pwr_ex.o(i.HAL_PWREx_WAKEUP_PIN_IRQHandler) refers to stm32h7xx_hal_pwr_ex.o(i.HAL_PWREx_WKUP1_Callback) for HAL_PWREx_WKUP1_Callback
    stm32h7xx_hal_pwr_ex.o(i.HAL_PWREx_WAKEUP_PIN_IRQHandler) refers to stm32h7xx_hal_pwr_ex.o(i.HAL_PWREx_WKUP2_Callback) for HAL_PWREx_WKUP2_Callback
    stm32h7xx_hal_pwr_ex.o(i.HAL_PWREx_WAKEUP_PIN_IRQHandler) refers to stm32h7xx_hal_pwr_ex.o(i.HAL_PWREx_WKUP4_Callback) for HAL_PWREx_WKUP4_Callback
    stm32h7xx_hal_pwr_ex.o(i.HAL_PWREx_WAKEUP_PIN_IRQHandler) refers to stm32h7xx_hal_pwr_ex.o(i.HAL_PWREx_WKUP6_Callback) for HAL_PWREx_WKUP6_Callback
    stm32h7xx_hal.o(i.HAL_DeInit) refers to stm32h7xx_hal.o(i.HAL_MspDeInit) for HAL_MspDeInit
    stm32h7xx_hal.o(i.HAL_Delay) refers to stm32h7xx_hal.o(i.HAL_GetTick) for HAL_GetTick
    stm32h7xx_hal.o(i.HAL_Delay) refers to stm32h7xx_hal.o(.data) for .data
    stm32h7xx_hal.o(i.HAL_GetTick) refers to stm32h7xx_hal.o(.data) for .data
    stm32h7xx_hal.o(i.HAL_GetTickFreq) refers to stm32h7xx_hal.o(.data) for .data
    stm32h7xx_hal.o(i.HAL_GetTickPrio) refers to stm32h7xx_hal.o(.data) for .data
    stm32h7xx_hal.o(i.HAL_IncTick) refers to stm32h7xx_hal.o(.data) for .data
    stm32h7xx_hal.o(i.HAL_Init) refers to stm32h7xx_hal_cortex.o(i.HAL_NVIC_SetPriorityGrouping) for HAL_NVIC_SetPriorityGrouping
    stm32h7xx_hal.o(i.HAL_Init) refers to stm32h7xx_hal_rcc.o(i.HAL_RCC_GetSysClockFreq) for HAL_RCC_GetSysClockFreq
    stm32h7xx_hal.o(i.HAL_Init) refers to stm32h7xx_hal.o(i.HAL_InitTick) for HAL_InitTick
    stm32h7xx_hal.o(i.HAL_Init) refers to stm32h7xx_hal_msp.o(i.HAL_MspInit) for HAL_MspInit
    stm32h7xx_hal.o(i.HAL_Init) refers to system_stm32h7xx.o(.constdata) for D1CorePrescTable
    stm32h7xx_hal.o(i.HAL_Init) refers to system_stm32h7xx.o(.data) for SystemD2Clock
    stm32h7xx_hal.o(i.HAL_InitTick) refers to stm32h7xx_hal_cortex.o(i.HAL_SYSTICK_Config) for HAL_SYSTICK_Config
    stm32h7xx_hal.o(i.HAL_InitTick) refers to stm32h7xx_hal_cortex.o(i.HAL_NVIC_SetPriority) for HAL_NVIC_SetPriority
    stm32h7xx_hal.o(i.HAL_InitTick) refers to stm32h7xx_hal.o(.data) for .data
    stm32h7xx_hal.o(i.HAL_InitTick) refers to system_stm32h7xx.o(.data) for SystemCoreClock
    stm32h7xx_hal.o(i.HAL_SYSCFG_EnableVREFBUF) refers to stm32h7xx_hal.o(i.HAL_GetTick) for HAL_GetTick
    stm32h7xx_hal.o(i.HAL_SetTickFreq) refers to stm32h7xx_hal.o(i.HAL_InitTick) for HAL_InitTick
    stm32h7xx_hal.o(i.HAL_SetTickFreq) refers to stm32h7xx_hal.o(.data) for .data
    stm32h7xx_hal_i2c.o(i.HAL_I2C_DeInit) refers to stm32h7xx_hal_i2c.o(i.HAL_I2C_MspDeInit) for HAL_I2C_MspDeInit
    stm32h7xx_hal_i2c.o(i.HAL_I2C_DisableListen_IT) refers to stm32h7xx_hal_i2c.o(i.I2C_Disable_IRQ) for I2C_Disable_IRQ
    stm32h7xx_hal_i2c.o(i.HAL_I2C_ER_IRQHandler) refers to stm32h7xx_hal_i2c.o(i.I2C_ITError) for I2C_ITError
    stm32h7xx_hal_i2c.o(i.HAL_I2C_EnableListen_IT) refers to stm32h7xx_hal_i2c.o(i.I2C_Enable_IRQ) for I2C_Enable_IRQ
    stm32h7xx_hal_i2c.o(i.HAL_I2C_EnableListen_IT) refers to stm32h7xx_hal_i2c.o(i.I2C_Slave_ISR_IT) for I2C_Slave_ISR_IT
    stm32h7xx_hal_i2c.o(i.HAL_I2C_Init) refers to stm32h7xx_hal_i2c.o(i.HAL_I2C_MspInit) for HAL_I2C_MspInit
    stm32h7xx_hal_i2c.o(i.HAL_I2C_IsDeviceReady) refers to stm32h7xx_hal.o(i.HAL_GetTick) for HAL_GetTick
    stm32h7xx_hal_i2c.o(i.HAL_I2C_IsDeviceReady) refers to stm32h7xx_hal_i2c.o(i.I2C_WaitOnFlagUntilTimeout) for I2C_WaitOnFlagUntilTimeout
    stm32h7xx_hal_i2c.o(i.HAL_I2C_Master_Abort_IT) refers to stm32h7xx_hal_i2c.o(i.I2C_Disable_IRQ) for I2C_Disable_IRQ
    stm32h7xx_hal_i2c.o(i.HAL_I2C_Master_Abort_IT) refers to stm32h7xx_hal_i2c.o(i.I2C_TransferConfig) for I2C_TransferConfig
    stm32h7xx_hal_i2c.o(i.HAL_I2C_Master_Abort_IT) refers to stm32h7xx_hal_i2c.o(i.I2C_Enable_IRQ) for I2C_Enable_IRQ
    stm32h7xx_hal_i2c.o(i.HAL_I2C_Master_Receive) refers to stm32h7xx_hal.o(i.HAL_GetTick) for HAL_GetTick
    stm32h7xx_hal_i2c.o(i.HAL_I2C_Master_Receive) refers to stm32h7xx_hal_i2c.o(i.I2C_WaitOnFlagUntilTimeout) for I2C_WaitOnFlagUntilTimeout
    stm32h7xx_hal_i2c.o(i.HAL_I2C_Master_Receive) refers to stm32h7xx_hal_i2c.o(i.I2C_TransferConfig) for I2C_TransferConfig
    stm32h7xx_hal_i2c.o(i.HAL_I2C_Master_Receive) refers to stm32h7xx_hal_i2c.o(i.I2C_WaitOnRXNEFlagUntilTimeout) for I2C_WaitOnRXNEFlagUntilTimeout
    stm32h7xx_hal_i2c.o(i.HAL_I2C_Master_Receive) refers to stm32h7xx_hal_i2c.o(i.I2C_WaitOnSTOPFlagUntilTimeout) for I2C_WaitOnSTOPFlagUntilTimeout
    stm32h7xx_hal_i2c.o(i.HAL_I2C_Master_Receive_DMA) refers to stm32h7xx_hal_dma.o(i.HAL_DMA_Start_IT) for HAL_DMA_Start_IT
    stm32h7xx_hal_i2c.o(i.HAL_I2C_Master_Receive_DMA) refers to stm32h7xx_hal_i2c.o(i.I2C_TransferConfig) for I2C_TransferConfig
    stm32h7xx_hal_i2c.o(i.HAL_I2C_Master_Receive_DMA) refers to stm32h7xx_hal_i2c.o(i.I2C_Enable_IRQ) for I2C_Enable_IRQ
    stm32h7xx_hal_i2c.o(i.HAL_I2C_Master_Receive_DMA) refers to stm32h7xx_hal_i2c.o(i.I2C_Master_ISR_DMA) for I2C_Master_ISR_DMA
    stm32h7xx_hal_i2c.o(i.HAL_I2C_Master_Receive_DMA) refers to stm32h7xx_hal_i2c.o(i.I2C_DMAMasterReceiveCplt) for I2C_DMAMasterReceiveCplt
    stm32h7xx_hal_i2c.o(i.HAL_I2C_Master_Receive_DMA) refers to stm32h7xx_hal_i2c.o(i.I2C_DMAError) for I2C_DMAError
    stm32h7xx_hal_i2c.o(i.HAL_I2C_Master_Receive_DMA) refers to stm32h7xx_hal_i2c.o(i.I2C_Master_ISR_IT) for I2C_Master_ISR_IT
    stm32h7xx_hal_i2c.o(i.HAL_I2C_Master_Receive_IT) refers to stm32h7xx_hal_i2c.o(i.I2C_TransferConfig) for I2C_TransferConfig
    stm32h7xx_hal_i2c.o(i.HAL_I2C_Master_Receive_IT) refers to stm32h7xx_hal_i2c.o(i.I2C_Enable_IRQ) for I2C_Enable_IRQ
    stm32h7xx_hal_i2c.o(i.HAL_I2C_Master_Receive_IT) refers to stm32h7xx_hal_i2c.o(i.I2C_Master_ISR_IT) for I2C_Master_ISR_IT
    stm32h7xx_hal_i2c.o(i.HAL_I2C_Master_Seq_Receive_DMA) refers to stm32h7xx_hal_i2c.o(i.I2C_ConvertOtherXferOptions) for I2C_ConvertOtherXferOptions
    stm32h7xx_hal_i2c.o(i.HAL_I2C_Master_Seq_Receive_DMA) refers to stm32h7xx_hal_dma.o(i.HAL_DMA_Start_IT) for HAL_DMA_Start_IT
    stm32h7xx_hal_i2c.o(i.HAL_I2C_Master_Seq_Receive_DMA) refers to stm32h7xx_hal_i2c.o(i.I2C_TransferConfig) for I2C_TransferConfig
    stm32h7xx_hal_i2c.o(i.HAL_I2C_Master_Seq_Receive_DMA) refers to stm32h7xx_hal_i2c.o(i.I2C_Enable_IRQ) for I2C_Enable_IRQ
    stm32h7xx_hal_i2c.o(i.HAL_I2C_Master_Seq_Receive_DMA) refers to stm32h7xx_hal_i2c.o(i.I2C_Master_ISR_DMA) for I2C_Master_ISR_DMA
    stm32h7xx_hal_i2c.o(i.HAL_I2C_Master_Seq_Receive_DMA) refers to stm32h7xx_hal_i2c.o(i.I2C_DMAMasterReceiveCplt) for I2C_DMAMasterReceiveCplt
    stm32h7xx_hal_i2c.o(i.HAL_I2C_Master_Seq_Receive_DMA) refers to stm32h7xx_hal_i2c.o(i.I2C_DMAError) for I2C_DMAError
    stm32h7xx_hal_i2c.o(i.HAL_I2C_Master_Seq_Receive_DMA) refers to stm32h7xx_hal_i2c.o(i.I2C_Master_ISR_IT) for I2C_Master_ISR_IT
    stm32h7xx_hal_i2c.o(i.HAL_I2C_Master_Seq_Receive_IT) refers to stm32h7xx_hal_i2c.o(i.I2C_ConvertOtherXferOptions) for I2C_ConvertOtherXferOptions
    stm32h7xx_hal_i2c.o(i.HAL_I2C_Master_Seq_Receive_IT) refers to stm32h7xx_hal_i2c.o(i.I2C_TransferConfig) for I2C_TransferConfig
    stm32h7xx_hal_i2c.o(i.HAL_I2C_Master_Seq_Receive_IT) refers to stm32h7xx_hal_i2c.o(i.I2C_Enable_IRQ) for I2C_Enable_IRQ
    stm32h7xx_hal_i2c.o(i.HAL_I2C_Master_Seq_Receive_IT) refers to stm32h7xx_hal_i2c.o(i.I2C_Master_ISR_IT) for I2C_Master_ISR_IT
    stm32h7xx_hal_i2c.o(i.HAL_I2C_Master_Seq_Transmit_DMA) refers to stm32h7xx_hal_i2c.o(i.I2C_ConvertOtherXferOptions) for I2C_ConvertOtherXferOptions
    stm32h7xx_hal_i2c.o(i.HAL_I2C_Master_Seq_Transmit_DMA) refers to stm32h7xx_hal_dma.o(i.HAL_DMA_Start_IT) for HAL_DMA_Start_IT
    stm32h7xx_hal_i2c.o(i.HAL_I2C_Master_Seq_Transmit_DMA) refers to stm32h7xx_hal_i2c.o(i.I2C_TransferConfig) for I2C_TransferConfig
    stm32h7xx_hal_i2c.o(i.HAL_I2C_Master_Seq_Transmit_DMA) refers to stm32h7xx_hal_i2c.o(i.I2C_Enable_IRQ) for I2C_Enable_IRQ
    stm32h7xx_hal_i2c.o(i.HAL_I2C_Master_Seq_Transmit_DMA) refers to stm32h7xx_hal_i2c.o(i.I2C_Master_ISR_DMA) for I2C_Master_ISR_DMA
    stm32h7xx_hal_i2c.o(i.HAL_I2C_Master_Seq_Transmit_DMA) refers to stm32h7xx_hal_i2c.o(i.I2C_DMAMasterTransmitCplt) for I2C_DMAMasterTransmitCplt
    stm32h7xx_hal_i2c.o(i.HAL_I2C_Master_Seq_Transmit_DMA) refers to stm32h7xx_hal_i2c.o(i.I2C_DMAError) for I2C_DMAError
    stm32h7xx_hal_i2c.o(i.HAL_I2C_Master_Seq_Transmit_DMA) refers to stm32h7xx_hal_i2c.o(i.I2C_Master_ISR_IT) for I2C_Master_ISR_IT
    stm32h7xx_hal_i2c.o(i.HAL_I2C_Master_Seq_Transmit_IT) refers to stm32h7xx_hal_i2c.o(i.I2C_ConvertOtherXferOptions) for I2C_ConvertOtherXferOptions
    stm32h7xx_hal_i2c.o(i.HAL_I2C_Master_Seq_Transmit_IT) refers to stm32h7xx_hal_i2c.o(i.I2C_TransferConfig) for I2C_TransferConfig
    stm32h7xx_hal_i2c.o(i.HAL_I2C_Master_Seq_Transmit_IT) refers to stm32h7xx_hal_i2c.o(i.I2C_Enable_IRQ) for I2C_Enable_IRQ
    stm32h7xx_hal_i2c.o(i.HAL_I2C_Master_Seq_Transmit_IT) refers to stm32h7xx_hal_i2c.o(i.I2C_Master_ISR_IT) for I2C_Master_ISR_IT
    stm32h7xx_hal_i2c.o(i.HAL_I2C_Master_Transmit) refers to stm32h7xx_hal.o(i.HAL_GetTick) for HAL_GetTick
    stm32h7xx_hal_i2c.o(i.HAL_I2C_Master_Transmit) refers to stm32h7xx_hal_i2c.o(i.I2C_WaitOnFlagUntilTimeout) for I2C_WaitOnFlagUntilTimeout
    stm32h7xx_hal_i2c.o(i.HAL_I2C_Master_Transmit) refers to stm32h7xx_hal_i2c.o(i.I2C_TransferConfig) for I2C_TransferConfig
    stm32h7xx_hal_i2c.o(i.HAL_I2C_Master_Transmit) refers to stm32h7xx_hal_i2c.o(i.I2C_WaitOnTXISFlagUntilTimeout) for I2C_WaitOnTXISFlagUntilTimeout
    stm32h7xx_hal_i2c.o(i.HAL_I2C_Master_Transmit) refers to stm32h7xx_hal_i2c.o(i.I2C_WaitOnSTOPFlagUntilTimeout) for I2C_WaitOnSTOPFlagUntilTimeout
    stm32h7xx_hal_i2c.o(i.HAL_I2C_Master_Transmit_DMA) refers to stm32h7xx_hal_dma.o(i.HAL_DMA_Start_IT) for HAL_DMA_Start_IT
    stm32h7xx_hal_i2c.o(i.HAL_I2C_Master_Transmit_DMA) refers to stm32h7xx_hal_i2c.o(i.I2C_TransferConfig) for I2C_TransferConfig
    stm32h7xx_hal_i2c.o(i.HAL_I2C_Master_Transmit_DMA) refers to stm32h7xx_hal_i2c.o(i.I2C_Enable_IRQ) for I2C_Enable_IRQ
    stm32h7xx_hal_i2c.o(i.HAL_I2C_Master_Transmit_DMA) refers to stm32h7xx_hal_i2c.o(i.I2C_Master_ISR_DMA) for I2C_Master_ISR_DMA
    stm32h7xx_hal_i2c.o(i.HAL_I2C_Master_Transmit_DMA) refers to stm32h7xx_hal_i2c.o(i.I2C_DMAMasterTransmitCplt) for I2C_DMAMasterTransmitCplt
    stm32h7xx_hal_i2c.o(i.HAL_I2C_Master_Transmit_DMA) refers to stm32h7xx_hal_i2c.o(i.I2C_DMAError) for I2C_DMAError
    stm32h7xx_hal_i2c.o(i.HAL_I2C_Master_Transmit_DMA) refers to stm32h7xx_hal_i2c.o(i.I2C_Master_ISR_IT) for I2C_Master_ISR_IT
    stm32h7xx_hal_i2c.o(i.HAL_I2C_Master_Transmit_IT) refers to stm32h7xx_hal_i2c.o(i.I2C_TransferConfig) for I2C_TransferConfig
    stm32h7xx_hal_i2c.o(i.HAL_I2C_Master_Transmit_IT) refers to stm32h7xx_hal_i2c.o(i.I2C_Enable_IRQ) for I2C_Enable_IRQ
    stm32h7xx_hal_i2c.o(i.HAL_I2C_Master_Transmit_IT) refers to stm32h7xx_hal_i2c.o(i.I2C_Master_ISR_IT) for I2C_Master_ISR_IT
    stm32h7xx_hal_i2c.o(i.HAL_I2C_Mem_Read) refers to stm32h7xx_hal.o(i.HAL_GetTick) for HAL_GetTick
    stm32h7xx_hal_i2c.o(i.HAL_I2C_Mem_Read) refers to stm32h7xx_hal_i2c.o(i.I2C_WaitOnFlagUntilTimeout) for I2C_WaitOnFlagUntilTimeout
    stm32h7xx_hal_i2c.o(i.HAL_I2C_Mem_Read) refers to stm32h7xx_hal_i2c.o(i.I2C_RequestMemoryRead) for I2C_RequestMemoryRead
    stm32h7xx_hal_i2c.o(i.HAL_I2C_Mem_Read) refers to stm32h7xx_hal_i2c.o(i.I2C_TransferConfig) for I2C_TransferConfig
    stm32h7xx_hal_i2c.o(i.HAL_I2C_Mem_Read) refers to stm32h7xx_hal_i2c.o(i.I2C_WaitOnSTOPFlagUntilTimeout) for I2C_WaitOnSTOPFlagUntilTimeout
    stm32h7xx_hal_i2c.o(i.HAL_I2C_Mem_Read_DMA) refers to stm32h7xx_hal.o(i.HAL_GetTick) for HAL_GetTick
    stm32h7xx_hal_i2c.o(i.HAL_I2C_Mem_Read_DMA) refers to stm32h7xx_hal_i2c.o(i.I2C_RequestMemoryRead) for I2C_RequestMemoryRead
    stm32h7xx_hal_i2c.o(i.HAL_I2C_Mem_Read_DMA) refers to stm32h7xx_hal_dma.o(i.HAL_DMA_Start_IT) for HAL_DMA_Start_IT
    stm32h7xx_hal_i2c.o(i.HAL_I2C_Mem_Read_DMA) refers to stm32h7xx_hal_i2c.o(i.I2C_TransferConfig) for I2C_TransferConfig
    stm32h7xx_hal_i2c.o(i.HAL_I2C_Mem_Read_DMA) refers to stm32h7xx_hal_i2c.o(i.I2C_Enable_IRQ) for I2C_Enable_IRQ
    stm32h7xx_hal_i2c.o(i.HAL_I2C_Mem_Read_DMA) refers to stm32h7xx_hal_i2c.o(i.I2C_Master_ISR_DMA) for I2C_Master_ISR_DMA
    stm32h7xx_hal_i2c.o(i.HAL_I2C_Mem_Read_DMA) refers to stm32h7xx_hal_i2c.o(i.I2C_DMAMasterReceiveCplt) for I2C_DMAMasterReceiveCplt
    stm32h7xx_hal_i2c.o(i.HAL_I2C_Mem_Read_DMA) refers to stm32h7xx_hal_i2c.o(i.I2C_DMAError) for I2C_DMAError
    stm32h7xx_hal_i2c.o(i.HAL_I2C_Mem_Read_IT) refers to stm32h7xx_hal.o(i.HAL_GetTick) for HAL_GetTick
    stm32h7xx_hal_i2c.o(i.HAL_I2C_Mem_Read_IT) refers to stm32h7xx_hal_i2c.o(i.I2C_RequestMemoryRead) for I2C_RequestMemoryRead
    stm32h7xx_hal_i2c.o(i.HAL_I2C_Mem_Read_IT) refers to stm32h7xx_hal_i2c.o(i.I2C_TransferConfig) for I2C_TransferConfig
    stm32h7xx_hal_i2c.o(i.HAL_I2C_Mem_Read_IT) refers to stm32h7xx_hal_i2c.o(i.I2C_Enable_IRQ) for I2C_Enable_IRQ
    stm32h7xx_hal_i2c.o(i.HAL_I2C_Mem_Read_IT) refers to stm32h7xx_hal_i2c.o(i.I2C_Master_ISR_IT) for I2C_Master_ISR_IT
    stm32h7xx_hal_i2c.o(i.HAL_I2C_Mem_Write) refers to stm32h7xx_hal.o(i.HAL_GetTick) for HAL_GetTick
    stm32h7xx_hal_i2c.o(i.HAL_I2C_Mem_Write) refers to stm32h7xx_hal_i2c.o(i.I2C_WaitOnFlagUntilTimeout) for I2C_WaitOnFlagUntilTimeout
    stm32h7xx_hal_i2c.o(i.HAL_I2C_Mem_Write) refers to stm32h7xx_hal_i2c.o(i.I2C_RequestMemoryWrite) for I2C_RequestMemoryWrite
    stm32h7xx_hal_i2c.o(i.HAL_I2C_Mem_Write) refers to stm32h7xx_hal_i2c.o(i.I2C_TransferConfig) for I2C_TransferConfig
    stm32h7xx_hal_i2c.o(i.HAL_I2C_Mem_Write) refers to stm32h7xx_hal_i2c.o(i.I2C_WaitOnTXISFlagUntilTimeout) for I2C_WaitOnTXISFlagUntilTimeout
    stm32h7xx_hal_i2c.o(i.HAL_I2C_Mem_Write) refers to stm32h7xx_hal_i2c.o(i.I2C_WaitOnSTOPFlagUntilTimeout) for I2C_WaitOnSTOPFlagUntilTimeout
    stm32h7xx_hal_i2c.o(i.HAL_I2C_Mem_Write_DMA) refers to stm32h7xx_hal.o(i.HAL_GetTick) for HAL_GetTick
    stm32h7xx_hal_i2c.o(i.HAL_I2C_Mem_Write_DMA) refers to stm32h7xx_hal_i2c.o(i.I2C_RequestMemoryWrite) for I2C_RequestMemoryWrite
    stm32h7xx_hal_i2c.o(i.HAL_I2C_Mem_Write_DMA) refers to stm32h7xx_hal_dma.o(i.HAL_DMA_Start_IT) for HAL_DMA_Start_IT
    stm32h7xx_hal_i2c.o(i.HAL_I2C_Mem_Write_DMA) refers to stm32h7xx_hal_i2c.o(i.I2C_TransferConfig) for I2C_TransferConfig
    stm32h7xx_hal_i2c.o(i.HAL_I2C_Mem_Write_DMA) refers to stm32h7xx_hal_i2c.o(i.I2C_Enable_IRQ) for I2C_Enable_IRQ
    stm32h7xx_hal_i2c.o(i.HAL_I2C_Mem_Write_DMA) refers to stm32h7xx_hal_i2c.o(i.I2C_Master_ISR_DMA) for I2C_Master_ISR_DMA
    stm32h7xx_hal_i2c.o(i.HAL_I2C_Mem_Write_DMA) refers to stm32h7xx_hal_i2c.o(i.I2C_DMAMasterTransmitCplt) for I2C_DMAMasterTransmitCplt
    stm32h7xx_hal_i2c.o(i.HAL_I2C_Mem_Write_DMA) refers to stm32h7xx_hal_i2c.o(i.I2C_DMAError) for I2C_DMAError
    stm32h7xx_hal_i2c.o(i.HAL_I2C_Mem_Write_IT) refers to stm32h7xx_hal.o(i.HAL_GetTick) for HAL_GetTick
    stm32h7xx_hal_i2c.o(i.HAL_I2C_Mem_Write_IT) refers to stm32h7xx_hal_i2c.o(i.I2C_RequestMemoryWrite) for I2C_RequestMemoryWrite
    stm32h7xx_hal_i2c.o(i.HAL_I2C_Mem_Write_IT) refers to stm32h7xx_hal_i2c.o(i.I2C_TransferConfig) for I2C_TransferConfig
    stm32h7xx_hal_i2c.o(i.HAL_I2C_Mem_Write_IT) refers to stm32h7xx_hal_i2c.o(i.I2C_Enable_IRQ) for I2C_Enable_IRQ
    stm32h7xx_hal_i2c.o(i.HAL_I2C_Mem_Write_IT) refers to stm32h7xx_hal_i2c.o(i.I2C_Master_ISR_IT) for I2C_Master_ISR_IT
    stm32h7xx_hal_i2c.o(i.HAL_I2C_Slave_Receive) refers to stm32h7xx_hal.o(i.HAL_GetTick) for HAL_GetTick
    stm32h7xx_hal_i2c.o(i.HAL_I2C_Slave_Receive) refers to stm32h7xx_hal_i2c.o(i.I2C_WaitOnFlagUntilTimeout) for I2C_WaitOnFlagUntilTimeout
    stm32h7xx_hal_i2c.o(i.HAL_I2C_Slave_Receive) refers to stm32h7xx_hal_i2c.o(i.I2C_WaitOnRXNEFlagUntilTimeout) for I2C_WaitOnRXNEFlagUntilTimeout
    stm32h7xx_hal_i2c.o(i.HAL_I2C_Slave_Receive) refers to stm32h7xx_hal_i2c.o(i.I2C_WaitOnSTOPFlagUntilTimeout) for I2C_WaitOnSTOPFlagUntilTimeout
    stm32h7xx_hal_i2c.o(i.HAL_I2C_Slave_Receive_DMA) refers to stm32h7xx_hal_dma.o(i.HAL_DMA_Start_IT) for HAL_DMA_Start_IT
    stm32h7xx_hal_i2c.o(i.HAL_I2C_Slave_Receive_DMA) refers to stm32h7xx_hal_i2c.o(i.I2C_Enable_IRQ) for I2C_Enable_IRQ
    stm32h7xx_hal_i2c.o(i.HAL_I2C_Slave_Receive_DMA) refers to stm32h7xx_hal_i2c.o(i.I2C_Slave_ISR_DMA) for I2C_Slave_ISR_DMA
    stm32h7xx_hal_i2c.o(i.HAL_I2C_Slave_Receive_DMA) refers to stm32h7xx_hal_i2c.o(i.I2C_DMASlaveReceiveCplt) for I2C_DMASlaveReceiveCplt
    stm32h7xx_hal_i2c.o(i.HAL_I2C_Slave_Receive_DMA) refers to stm32h7xx_hal_i2c.o(i.I2C_DMAError) for I2C_DMAError
    stm32h7xx_hal_i2c.o(i.HAL_I2C_Slave_Receive_IT) refers to stm32h7xx_hal_i2c.o(i.I2C_Enable_IRQ) for I2C_Enable_IRQ
    stm32h7xx_hal_i2c.o(i.HAL_I2C_Slave_Receive_IT) refers to stm32h7xx_hal_i2c.o(i.I2C_Slave_ISR_IT) for I2C_Slave_ISR_IT
    stm32h7xx_hal_i2c.o(i.HAL_I2C_Slave_Seq_Receive_DMA) refers to stm32h7xx_hal_i2c.o(i.I2C_Disable_IRQ) for I2C_Disable_IRQ
    stm32h7xx_hal_i2c.o(i.HAL_I2C_Slave_Seq_Receive_DMA) refers to stm32h7xx_hal_dma.o(i.HAL_DMA_Abort_IT) for HAL_DMA_Abort_IT
    stm32h7xx_hal_i2c.o(i.HAL_I2C_Slave_Seq_Receive_DMA) refers to stm32h7xx_hal_dma.o(i.HAL_DMA_Start_IT) for HAL_DMA_Start_IT
    stm32h7xx_hal_i2c.o(i.HAL_I2C_Slave_Seq_Receive_DMA) refers to stm32h7xx_hal_i2c.o(i.I2C_Enable_IRQ) for I2C_Enable_IRQ
    stm32h7xx_hal_i2c.o(i.HAL_I2C_Slave_Seq_Receive_DMA) refers to stm32h7xx_hal_i2c.o(i.I2C_DMAAbort) for I2C_DMAAbort
    stm32h7xx_hal_i2c.o(i.HAL_I2C_Slave_Seq_Receive_DMA) refers to stm32h7xx_hal_i2c.o(i.I2C_Slave_ISR_DMA) for I2C_Slave_ISR_DMA
    stm32h7xx_hal_i2c.o(i.HAL_I2C_Slave_Seq_Receive_DMA) refers to stm32h7xx_hal_i2c.o(i.I2C_DMASlaveReceiveCplt) for I2C_DMASlaveReceiveCplt
    stm32h7xx_hal_i2c.o(i.HAL_I2C_Slave_Seq_Receive_DMA) refers to stm32h7xx_hal_i2c.o(i.I2C_DMAError) for I2C_DMAError
    stm32h7xx_hal_i2c.o(i.HAL_I2C_Slave_Seq_Receive_IT) refers to stm32h7xx_hal_i2c.o(i.I2C_Disable_IRQ) for I2C_Disable_IRQ
    stm32h7xx_hal_i2c.o(i.HAL_I2C_Slave_Seq_Receive_IT) refers to stm32h7xx_hal_dma.o(i.HAL_DMA_Abort_IT) for HAL_DMA_Abort_IT
    stm32h7xx_hal_i2c.o(i.HAL_I2C_Slave_Seq_Receive_IT) refers to stm32h7xx_hal_i2c.o(i.I2C_Enable_IRQ) for I2C_Enable_IRQ
    stm32h7xx_hal_i2c.o(i.HAL_I2C_Slave_Seq_Receive_IT) refers to stm32h7xx_hal_i2c.o(i.I2C_DMAAbort) for I2C_DMAAbort
    stm32h7xx_hal_i2c.o(i.HAL_I2C_Slave_Seq_Receive_IT) refers to stm32h7xx_hal_i2c.o(i.I2C_Slave_ISR_IT) for I2C_Slave_ISR_IT
    stm32h7xx_hal_i2c.o(i.HAL_I2C_Slave_Seq_Transmit_DMA) refers to stm32h7xx_hal_i2c.o(i.I2C_Disable_IRQ) for I2C_Disable_IRQ
    stm32h7xx_hal_i2c.o(i.HAL_I2C_Slave_Seq_Transmit_DMA) refers to stm32h7xx_hal_dma.o(i.HAL_DMA_Abort_IT) for HAL_DMA_Abort_IT
    stm32h7xx_hal_i2c.o(i.HAL_I2C_Slave_Seq_Transmit_DMA) refers to stm32h7xx_hal_dma.o(i.HAL_DMA_Start_IT) for HAL_DMA_Start_IT
    stm32h7xx_hal_i2c.o(i.HAL_I2C_Slave_Seq_Transmit_DMA) refers to stm32h7xx_hal_i2c.o(i.I2C_Enable_IRQ) for I2C_Enable_IRQ
    stm32h7xx_hal_i2c.o(i.HAL_I2C_Slave_Seq_Transmit_DMA) refers to stm32h7xx_hal_i2c.o(i.I2C_DMAAbort) for I2C_DMAAbort
    stm32h7xx_hal_i2c.o(i.HAL_I2C_Slave_Seq_Transmit_DMA) refers to stm32h7xx_hal_i2c.o(i.I2C_Slave_ISR_DMA) for I2C_Slave_ISR_DMA
    stm32h7xx_hal_i2c.o(i.HAL_I2C_Slave_Seq_Transmit_DMA) refers to stm32h7xx_hal_i2c.o(i.I2C_DMASlaveTransmitCplt) for I2C_DMASlaveTransmitCplt
    stm32h7xx_hal_i2c.o(i.HAL_I2C_Slave_Seq_Transmit_DMA) refers to stm32h7xx_hal_i2c.o(i.I2C_DMAError) for I2C_DMAError
    stm32h7xx_hal_i2c.o(i.HAL_I2C_Slave_Seq_Transmit_IT) refers to stm32h7xx_hal_i2c.o(i.I2C_Disable_IRQ) for I2C_Disable_IRQ
    stm32h7xx_hal_i2c.o(i.HAL_I2C_Slave_Seq_Transmit_IT) refers to stm32h7xx_hal_dma.o(i.HAL_DMA_Abort_IT) for HAL_DMA_Abort_IT
    stm32h7xx_hal_i2c.o(i.HAL_I2C_Slave_Seq_Transmit_IT) refers to stm32h7xx_hal_i2c.o(i.I2C_Enable_IRQ) for I2C_Enable_IRQ
    stm32h7xx_hal_i2c.o(i.HAL_I2C_Slave_Seq_Transmit_IT) refers to stm32h7xx_hal_i2c.o(i.I2C_DMAAbort) for I2C_DMAAbort
    stm32h7xx_hal_i2c.o(i.HAL_I2C_Slave_Seq_Transmit_IT) refers to stm32h7xx_hal_i2c.o(i.I2C_Slave_ISR_IT) for I2C_Slave_ISR_IT
    stm32h7xx_hal_i2c.o(i.HAL_I2C_Slave_Transmit) refers to stm32h7xx_hal.o(i.HAL_GetTick) for HAL_GetTick
    stm32h7xx_hal_i2c.o(i.HAL_I2C_Slave_Transmit) refers to stm32h7xx_hal_i2c.o(i.I2C_WaitOnFlagUntilTimeout) for I2C_WaitOnFlagUntilTimeout
    stm32h7xx_hal_i2c.o(i.HAL_I2C_Slave_Transmit) refers to stm32h7xx_hal_i2c.o(i.I2C_WaitOnTXISFlagUntilTimeout) for I2C_WaitOnTXISFlagUntilTimeout
    stm32h7xx_hal_i2c.o(i.HAL_I2C_Slave_Transmit) refers to stm32h7xx_hal_i2c.o(i.I2C_WaitOnSTOPFlagUntilTimeout) for I2C_WaitOnSTOPFlagUntilTimeout
    stm32h7xx_hal_i2c.o(i.HAL_I2C_Slave_Transmit_DMA) refers to stm32h7xx_hal_dma.o(i.HAL_DMA_Start_IT) for HAL_DMA_Start_IT
    stm32h7xx_hal_i2c.o(i.HAL_I2C_Slave_Transmit_DMA) refers to stm32h7xx_hal_i2c.o(i.I2C_Enable_IRQ) for I2C_Enable_IRQ
    stm32h7xx_hal_i2c.o(i.HAL_I2C_Slave_Transmit_DMA) refers to stm32h7xx_hal_i2c.o(i.I2C_Slave_ISR_DMA) for I2C_Slave_ISR_DMA
    stm32h7xx_hal_i2c.o(i.HAL_I2C_Slave_Transmit_DMA) refers to stm32h7xx_hal_i2c.o(i.I2C_DMASlaveTransmitCplt) for I2C_DMASlaveTransmitCplt
    stm32h7xx_hal_i2c.o(i.HAL_I2C_Slave_Transmit_DMA) refers to stm32h7xx_hal_i2c.o(i.I2C_DMAError) for I2C_DMAError
    stm32h7xx_hal_i2c.o(i.HAL_I2C_Slave_Transmit_IT) refers to stm32h7xx_hal_i2c.o(i.I2C_Enable_IRQ) for I2C_Enable_IRQ
    stm32h7xx_hal_i2c.o(i.HAL_I2C_Slave_Transmit_IT) refers to stm32h7xx_hal_i2c.o(i.I2C_Slave_ISR_IT) for I2C_Slave_ISR_IT
    stm32h7xx_hal_i2c.o(i.I2C_DMAAbort) refers to stm32h7xx_hal_i2c.o(i.I2C_TreatErrorCallback) for I2C_TreatErrorCallback
    stm32h7xx_hal_i2c.o(i.I2C_DMAError) refers to stm32h7xx_hal_dma.o(i.HAL_DMA_GetError) for HAL_DMA_GetError
    stm32h7xx_hal_i2c.o(i.I2C_DMAError) refers to stm32h7xx_hal_i2c.o(i.I2C_ITError) for I2C_ITError
    stm32h7xx_hal_i2c.o(i.I2C_DMAMasterReceiveCplt) refers to stm32h7xx_hal_dma.o(i.HAL_DMA_Start_IT) for HAL_DMA_Start_IT
    stm32h7xx_hal_i2c.o(i.I2C_DMAMasterReceiveCplt) refers to stm32h7xx_hal_i2c.o(i.I2C_ITError) for I2C_ITError
    stm32h7xx_hal_i2c.o(i.I2C_DMAMasterReceiveCplt) refers to stm32h7xx_hal_i2c.o(i.I2C_Enable_IRQ) for I2C_Enable_IRQ
    stm32h7xx_hal_i2c.o(i.I2C_DMAMasterTransmitCplt) refers to stm32h7xx_hal_dma.o(i.HAL_DMA_Start_IT) for HAL_DMA_Start_IT
    stm32h7xx_hal_i2c.o(i.I2C_DMAMasterTransmitCplt) refers to stm32h7xx_hal_i2c.o(i.I2C_ITError) for I2C_ITError
    stm32h7xx_hal_i2c.o(i.I2C_DMAMasterTransmitCplt) refers to stm32h7xx_hal_i2c.o(i.I2C_Enable_IRQ) for I2C_Enable_IRQ
    stm32h7xx_hal_i2c.o(i.I2C_DMASlaveReceiveCplt) refers to stm32h7xx_hal_i2c.o(i.I2C_ITSlaveSeqCplt) for I2C_ITSlaveSeqCplt
    stm32h7xx_hal_i2c.o(i.I2C_DMASlaveTransmitCplt) refers to stm32h7xx_hal_i2c.o(i.I2C_ITSlaveSeqCplt) for I2C_ITSlaveSeqCplt
    stm32h7xx_hal_i2c.o(i.I2C_Enable_IRQ) refers to stm32h7xx_hal_i2c.o(i.I2C_Master_ISR_DMA) for I2C_Master_ISR_DMA
    stm32h7xx_hal_i2c.o(i.I2C_Enable_IRQ) refers to stm32h7xx_hal_i2c.o(i.I2C_Slave_ISR_DMA) for I2C_Slave_ISR_DMA
    stm32h7xx_hal_i2c.o(i.I2C_ITAddrCplt) refers to stm32h7xx_hal_i2c.o(i.I2C_Disable_IRQ) for I2C_Disable_IRQ
    stm32h7xx_hal_i2c.o(i.I2C_ITAddrCplt) refers to stm32h7xx_hal_i2c.o(i.HAL_I2C_AddrCallback) for HAL_I2C_AddrCallback
    stm32h7xx_hal_i2c.o(i.I2C_ITError) refers to stm32h7xx_hal_i2c.o(i.I2C_Disable_IRQ) for I2C_Disable_IRQ
    stm32h7xx_hal_i2c.o(i.I2C_ITError) refers to stm32h7xx_hal_dma.o(i.HAL_DMA_GetState) for HAL_DMA_GetState
    stm32h7xx_hal_i2c.o(i.I2C_ITError) refers to stm32h7xx_hal_dma.o(i.HAL_DMA_Abort_IT) for HAL_DMA_Abort_IT
    stm32h7xx_hal_i2c.o(i.I2C_ITError) refers to stm32h7xx_hal_i2c.o(i.I2C_TreatErrorCallback) for I2C_TreatErrorCallback
    stm32h7xx_hal_i2c.o(i.I2C_ITError) refers to stm32h7xx_hal_i2c.o(i.I2C_DMAAbort) for I2C_DMAAbort
    stm32h7xx_hal_i2c.o(i.I2C_ITError) refers to stm32h7xx_hal_i2c.o(i.I2C_Slave_ISR_IT) for I2C_Slave_ISR_IT
    stm32h7xx_hal_i2c.o(i.I2C_ITListenCplt) refers to stm32h7xx_hal_i2c.o(i.I2C_Disable_IRQ) for I2C_Disable_IRQ
    stm32h7xx_hal_i2c.o(i.I2C_ITListenCplt) refers to stm32h7xx_hal_i2c.o(i.HAL_I2C_ListenCpltCallback) for HAL_I2C_ListenCpltCallback
    stm32h7xx_hal_i2c.o(i.I2C_ITMasterCplt) refers to stm32h7xx_hal_i2c.o(i.I2C_Disable_IRQ) for I2C_Disable_IRQ
    stm32h7xx_hal_i2c.o(i.I2C_ITMasterCplt) refers to stm32h7xx_hal_i2c.o(i.I2C_Flush_TXDR) for I2C_Flush_TXDR
    stm32h7xx_hal_i2c.o(i.I2C_ITMasterCplt) refers to stm32h7xx_hal_i2c.o(i.I2C_ITError) for I2C_ITError
    stm32h7xx_hal_i2c.o(i.I2C_ITMasterCplt) refers to stm32h7xx_hal_i2c.o(i.HAL_I2C_MasterRxCpltCallback) for HAL_I2C_MasterRxCpltCallback
    stm32h7xx_hal_i2c.o(i.I2C_ITMasterCplt) refers to stm32h7xx_hal_i2c.o(i.HAL_I2C_MasterTxCpltCallback) for HAL_I2C_MasterTxCpltCallback
    stm32h7xx_hal_i2c.o(i.I2C_ITMasterCplt) refers to stm32h7xx_hal_i2c.o(i.HAL_I2C_MemTxCpltCallback) for HAL_I2C_MemTxCpltCallback
    stm32h7xx_hal_i2c.o(i.I2C_ITMasterCplt) refers to stm32h7xx_hal_i2c.o(i.HAL_I2C_MemRxCpltCallback) for HAL_I2C_MemRxCpltCallback
    stm32h7xx_hal_i2c.o(i.I2C_ITMasterSeqCplt) refers to stm32h7xx_hal_i2c.o(i.I2C_Disable_IRQ) for I2C_Disable_IRQ
    stm32h7xx_hal_i2c.o(i.I2C_ITMasterSeqCplt) refers to stm32h7xx_hal_i2c.o(i.HAL_I2C_MasterRxCpltCallback) for HAL_I2C_MasterRxCpltCallback
    stm32h7xx_hal_i2c.o(i.I2C_ITMasterSeqCplt) refers to stm32h7xx_hal_i2c.o(i.HAL_I2C_MasterTxCpltCallback) for HAL_I2C_MasterTxCpltCallback
    stm32h7xx_hal_i2c.o(i.I2C_ITSlaveCplt) refers to stm32h7xx_hal_i2c.o(i.I2C_Disable_IRQ) for I2C_Disable_IRQ
    stm32h7xx_hal_i2c.o(i.I2C_ITSlaveCplt) refers to stm32h7xx_hal_i2c.o(i.I2C_Flush_TXDR) for I2C_Flush_TXDR
    stm32h7xx_hal_i2c.o(i.I2C_ITSlaveCplt) refers to stm32h7xx_hal_i2c.o(i.I2C_ITError) for I2C_ITError
    stm32h7xx_hal_i2c.o(i.I2C_ITSlaveCplt) refers to stm32h7xx_hal_i2c.o(i.I2C_ITListenCplt) for I2C_ITListenCplt
    stm32h7xx_hal_i2c.o(i.I2C_ITSlaveCplt) refers to stm32h7xx_hal_i2c.o(i.I2C_ITSlaveSeqCplt) for I2C_ITSlaveSeqCplt
    stm32h7xx_hal_i2c.o(i.I2C_ITSlaveCplt) refers to stm32h7xx_hal_i2c.o(i.HAL_I2C_ListenCpltCallback) for HAL_I2C_ListenCpltCallback
    stm32h7xx_hal_i2c.o(i.I2C_ITSlaveCplt) refers to stm32h7xx_hal_i2c.o(i.HAL_I2C_SlaveTxCpltCallback) for HAL_I2C_SlaveTxCpltCallback
    stm32h7xx_hal_i2c.o(i.I2C_ITSlaveCplt) refers to stm32h7xx_hal_i2c.o(i.HAL_I2C_SlaveRxCpltCallback) for HAL_I2C_SlaveRxCpltCallback
    stm32h7xx_hal_i2c.o(i.I2C_ITSlaveSeqCplt) refers to stm32h7xx_hal_i2c.o(i.I2C_Disable_IRQ) for I2C_Disable_IRQ
    stm32h7xx_hal_i2c.o(i.I2C_ITSlaveSeqCplt) refers to stm32h7xx_hal_i2c.o(i.HAL_I2C_SlaveRxCpltCallback) for HAL_I2C_SlaveRxCpltCallback
    stm32h7xx_hal_i2c.o(i.I2C_ITSlaveSeqCplt) refers to stm32h7xx_hal_i2c.o(i.HAL_I2C_SlaveTxCpltCallback) for HAL_I2C_SlaveTxCpltCallback
    stm32h7xx_hal_i2c.o(i.I2C_IsAcknowledgeFailed) refers to stm32h7xx_hal.o(i.HAL_GetTick) for HAL_GetTick
    stm32h7xx_hal_i2c.o(i.I2C_IsAcknowledgeFailed) refers to stm32h7xx_hal_i2c.o(i.I2C_Flush_TXDR) for I2C_Flush_TXDR
    stm32h7xx_hal_i2c.o(i.I2C_Master_ISR_DMA) refers to stm32h7xx_hal_i2c.o(i.I2C_Enable_IRQ) for I2C_Enable_IRQ
    stm32h7xx_hal_i2c.o(i.I2C_Master_ISR_DMA) refers to stm32h7xx_hal_i2c.o(i.I2C_Flush_TXDR) for I2C_Flush_TXDR
    stm32h7xx_hal_i2c.o(i.I2C_Master_ISR_DMA) refers to stm32h7xx_hal_i2c.o(i.I2C_TransferConfig) for I2C_TransferConfig
    stm32h7xx_hal_i2c.o(i.I2C_Master_ISR_DMA) refers to stm32h7xx_hal_i2c.o(i.I2C_ITError) for I2C_ITError
    stm32h7xx_hal_i2c.o(i.I2C_Master_ISR_DMA) refers to stm32h7xx_hal_i2c.o(i.I2C_ITMasterSeqCplt) for I2C_ITMasterSeqCplt
    stm32h7xx_hal_i2c.o(i.I2C_Master_ISR_DMA) refers to stm32h7xx_hal_i2c.o(i.I2C_ITMasterCplt) for I2C_ITMasterCplt
    stm32h7xx_hal_i2c.o(i.I2C_Master_ISR_IT) refers to stm32h7xx_hal_i2c.o(i.I2C_Flush_TXDR) for I2C_Flush_TXDR
    stm32h7xx_hal_i2c.o(i.I2C_Master_ISR_IT) refers to stm32h7xx_hal_i2c.o(i.I2C_TransferConfig) for I2C_TransferConfig
    stm32h7xx_hal_i2c.o(i.I2C_Master_ISR_IT) refers to stm32h7xx_hal_i2c.o(i.I2C_ITError) for I2C_ITError
    stm32h7xx_hal_i2c.o(i.I2C_Master_ISR_IT) refers to stm32h7xx_hal_i2c.o(i.I2C_ITMasterCplt) for I2C_ITMasterCplt
    stm32h7xx_hal_i2c.o(i.I2C_Master_ISR_IT) refers to stm32h7xx_hal_i2c.o(i.I2C_ITMasterSeqCplt) for I2C_ITMasterSeqCplt
    stm32h7xx_hal_i2c.o(i.I2C_RequestMemoryRead) refers to stm32h7xx_hal_i2c.o(i.I2C_TransferConfig) for I2C_TransferConfig
    stm32h7xx_hal_i2c.o(i.I2C_RequestMemoryRead) refers to stm32h7xx_hal_i2c.o(i.I2C_WaitOnTXISFlagUntilTimeout) for I2C_WaitOnTXISFlagUntilTimeout
    stm32h7xx_hal_i2c.o(i.I2C_RequestMemoryRead) refers to stm32h7xx_hal_i2c.o(i.I2C_WaitOnFlagUntilTimeout) for I2C_WaitOnFlagUntilTimeout
    stm32h7xx_hal_i2c.o(i.I2C_RequestMemoryWrite) refers to stm32h7xx_hal_i2c.o(i.I2C_TransferConfig) for I2C_TransferConfig
    stm32h7xx_hal_i2c.o(i.I2C_RequestMemoryWrite) refers to stm32h7xx_hal_i2c.o(i.I2C_WaitOnTXISFlagUntilTimeout) for I2C_WaitOnTXISFlagUntilTimeout
    stm32h7xx_hal_i2c.o(i.I2C_RequestMemoryWrite) refers to stm32h7xx_hal_i2c.o(i.I2C_WaitOnFlagUntilTimeout) for I2C_WaitOnFlagUntilTimeout
    stm32h7xx_hal_i2c.o(i.I2C_Slave_ISR_DMA) refers to stm32h7xx_hal_i2c.o(i.I2C_ITSlaveCplt) for I2C_ITSlaveCplt
    stm32h7xx_hal_i2c.o(i.I2C_Slave_ISR_DMA) refers to stm32h7xx_hal_i2c.o(i.I2C_ITListenCplt) for I2C_ITListenCplt
    stm32h7xx_hal_i2c.o(i.I2C_Slave_ISR_DMA) refers to stm32h7xx_hal_i2c.o(i.I2C_Flush_TXDR) for I2C_Flush_TXDR
    stm32h7xx_hal_i2c.o(i.I2C_Slave_ISR_DMA) refers to stm32h7xx_hal_i2c.o(i.I2C_ITSlaveSeqCplt) for I2C_ITSlaveSeqCplt
    stm32h7xx_hal_i2c.o(i.I2C_Slave_ISR_DMA) refers to stm32h7xx_hal_i2c.o(i.I2C_ITError) for I2C_ITError
    stm32h7xx_hal_i2c.o(i.I2C_Slave_ISR_DMA) refers to stm32h7xx_hal_i2c.o(i.I2C_ITAddrCplt) for I2C_ITAddrCplt
    stm32h7xx_hal_i2c.o(i.I2C_Slave_ISR_IT) refers to stm32h7xx_hal_i2c.o(i.I2C_ITSlaveCplt) for I2C_ITSlaveCplt
    stm32h7xx_hal_i2c.o(i.I2C_Slave_ISR_IT) refers to stm32h7xx_hal_i2c.o(i.I2C_ITError) for I2C_ITError
    stm32h7xx_hal_i2c.o(i.I2C_Slave_ISR_IT) refers to stm32h7xx_hal_i2c.o(i.I2C_ITListenCplt) for I2C_ITListenCplt
    stm32h7xx_hal_i2c.o(i.I2C_Slave_ISR_IT) refers to stm32h7xx_hal_i2c.o(i.I2C_Flush_TXDR) for I2C_Flush_TXDR
    stm32h7xx_hal_i2c.o(i.I2C_Slave_ISR_IT) refers to stm32h7xx_hal_i2c.o(i.I2C_ITAddrCplt) for I2C_ITAddrCplt
    stm32h7xx_hal_i2c.o(i.I2C_Slave_ISR_IT) refers to stm32h7xx_hal_i2c.o(i.I2C_ITSlaveSeqCplt) for I2C_ITSlaveSeqCplt
    stm32h7xx_hal_i2c.o(i.I2C_TreatErrorCallback) refers to stm32h7xx_hal_i2c.o(i.HAL_I2C_ErrorCallback) for HAL_I2C_ErrorCallback
    stm32h7xx_hal_i2c.o(i.I2C_TreatErrorCallback) refers to stm32h7xx_hal_i2c.o(i.HAL_I2C_AbortCpltCallback) for HAL_I2C_AbortCpltCallback
    stm32h7xx_hal_i2c.o(i.I2C_WaitOnFlagUntilTimeout) refers to stm32h7xx_hal.o(i.HAL_GetTick) for HAL_GetTick
    stm32h7xx_hal_i2c.o(i.I2C_WaitOnRXNEFlagUntilTimeout) refers to stm32h7xx_hal_i2c.o(i.I2C_IsAcknowledgeFailed) for I2C_IsAcknowledgeFailed
    stm32h7xx_hal_i2c.o(i.I2C_WaitOnRXNEFlagUntilTimeout) refers to stm32h7xx_hal.o(i.HAL_GetTick) for HAL_GetTick
    stm32h7xx_hal_i2c.o(i.I2C_WaitOnSTOPFlagUntilTimeout) refers to stm32h7xx_hal_i2c.o(i.I2C_IsAcknowledgeFailed) for I2C_IsAcknowledgeFailed
    stm32h7xx_hal_i2c.o(i.I2C_WaitOnSTOPFlagUntilTimeout) refers to stm32h7xx_hal.o(i.HAL_GetTick) for HAL_GetTick
    stm32h7xx_hal_i2c.o(i.I2C_WaitOnTXISFlagUntilTimeout) refers to stm32h7xx_hal_i2c.o(i.I2C_IsAcknowledgeFailed) for I2C_IsAcknowledgeFailed
    stm32h7xx_hal_i2c.o(i.I2C_WaitOnTXISFlagUntilTimeout) refers to stm32h7xx_hal.o(i.HAL_GetTick) for HAL_GetTick
    stm32h7xx_hal_fdcan.o(i.FDCAN_CopyMessageToRAM) refers to stm32h7xx_hal_fdcan.o(.constdata) for .constdata
    stm32h7xx_hal_fdcan.o(i.HAL_FDCAN_AddMessageToTxBuffer) refers to stm32h7xx_hal_fdcan.o(i.FDCAN_CopyMessageToRAM) for FDCAN_CopyMessageToRAM
    stm32h7xx_hal_fdcan.o(i.HAL_FDCAN_AddMessageToTxFifoQ) refers to stm32h7xx_hal_fdcan.o(i.FDCAN_CopyMessageToRAM) for FDCAN_CopyMessageToRAM
    stm32h7xx_hal_fdcan.o(i.HAL_FDCAN_DeInit) refers to stm32h7xx_hal_fdcan.o(i.HAL_FDCAN_Stop) for HAL_FDCAN_Stop
    stm32h7xx_hal_fdcan.o(i.HAL_FDCAN_DeInit) refers to fdcan.o(i.HAL_FDCAN_MspDeInit) for HAL_FDCAN_MspDeInit
    stm32h7xx_hal_fdcan.o(i.HAL_FDCAN_EnterPowerDownMode) refers to stm32h7xx_hal.o(i.HAL_GetTick) for HAL_GetTick
    stm32h7xx_hal_fdcan.o(i.HAL_FDCAN_ExitPowerDownMode) refers to stm32h7xx_hal.o(i.HAL_GetTick) for HAL_GetTick
    stm32h7xx_hal_fdcan.o(i.HAL_FDCAN_GetRxMessage) refers to stm32h7xx_hal_fdcan.o(.constdata) for .constdata
    stm32h7xx_hal_fdcan.o(i.HAL_FDCAN_IRQHandler) refers to stm32h7xx_hal_fdcan.o(i.HAL_FDCAN_HighPriorityMessageCallback) for HAL_FDCAN_HighPriorityMessageCallback
    stm32h7xx_hal_fdcan.o(i.HAL_FDCAN_IRQHandler) refers to stm32h7xx_hal_fdcan.o(i.HAL_FDCAN_TxBufferAbortCallback) for HAL_FDCAN_TxBufferAbortCallback
    stm32h7xx_hal_fdcan.o(i.HAL_FDCAN_IRQHandler) refers to stm32h7xx_hal_fdcan.o(i.HAL_FDCAN_ClockCalibrationCallback) for HAL_FDCAN_ClockCalibrationCallback
    stm32h7xx_hal_fdcan.o(i.HAL_FDCAN_IRQHandler) refers to stm32h7xx_hal_fdcan.o(i.HAL_FDCAN_TxEventFifoCallback) for HAL_FDCAN_TxEventFifoCallback
    stm32h7xx_hal_fdcan.o(i.HAL_FDCAN_IRQHandler) refers to stm32h7xx_hal_fdcan.o(i.HAL_FDCAN_RxFifo0Callback) for HAL_FDCAN_RxFifo0Callback
    stm32h7xx_hal_fdcan.o(i.HAL_FDCAN_IRQHandler) refers to stm32h7xx_hal_fdcan.o(i.HAL_FDCAN_RxFifo1Callback) for HAL_FDCAN_RxFifo1Callback
    stm32h7xx_hal_fdcan.o(i.HAL_FDCAN_IRQHandler) refers to stm32h7xx_hal_fdcan.o(i.HAL_FDCAN_TxFifoEmptyCallback) for HAL_FDCAN_TxFifoEmptyCallback
    stm32h7xx_hal_fdcan.o(i.HAL_FDCAN_IRQHandler) refers to stm32h7xx_hal_fdcan.o(i.HAL_FDCAN_TxBufferCompleteCallback) for HAL_FDCAN_TxBufferCompleteCallback
    stm32h7xx_hal_fdcan.o(i.HAL_FDCAN_IRQHandler) refers to stm32h7xx_hal_fdcan.o(i.HAL_FDCAN_RxBufferNewMessageCallback) for HAL_FDCAN_RxBufferNewMessageCallback
    stm32h7xx_hal_fdcan.o(i.HAL_FDCAN_IRQHandler) refers to stm32h7xx_hal_fdcan.o(i.HAL_FDCAN_TimestampWraparoundCallback) for HAL_FDCAN_TimestampWraparoundCallback
    stm32h7xx_hal_fdcan.o(i.HAL_FDCAN_IRQHandler) refers to stm32h7xx_hal_fdcan.o(i.HAL_FDCAN_TimeoutOccurredCallback) for HAL_FDCAN_TimeoutOccurredCallback
    stm32h7xx_hal_fdcan.o(i.HAL_FDCAN_IRQHandler) refers to stm32h7xx_hal_fdcan.o(i.HAL_FDCAN_ErrorStatusCallback) for HAL_FDCAN_ErrorStatusCallback
    stm32h7xx_hal_fdcan.o(i.HAL_FDCAN_IRQHandler) refers to stm32h7xx_hal_fdcan.o(i.HAL_FDCAN_TT_ScheduleSyncCallback) for HAL_FDCAN_TT_ScheduleSyncCallback
    stm32h7xx_hal_fdcan.o(i.HAL_FDCAN_IRQHandler) refers to stm32h7xx_hal_fdcan.o(i.HAL_FDCAN_TT_TimeMarkCallback) for HAL_FDCAN_TT_TimeMarkCallback
    stm32h7xx_hal_fdcan.o(i.HAL_FDCAN_IRQHandler) refers to stm32h7xx_hal_fdcan.o(i.HAL_FDCAN_TT_StopWatchCallback) for HAL_FDCAN_TT_StopWatchCallback
    stm32h7xx_hal_fdcan.o(i.HAL_FDCAN_IRQHandler) refers to stm32h7xx_hal_fdcan.o(i.HAL_FDCAN_TT_GlobalTimeCallback) for HAL_FDCAN_TT_GlobalTimeCallback
    stm32h7xx_hal_fdcan.o(i.HAL_FDCAN_IRQHandler) refers to stm32h7xx_hal_fdcan.o(i.HAL_FDCAN_ErrorCallback) for HAL_FDCAN_ErrorCallback
    stm32h7xx_hal_fdcan.o(i.HAL_FDCAN_Init) refers to rt_memcpy_w.o(.text) for __aeabi_memcpy4
    stm32h7xx_hal_fdcan.o(i.HAL_FDCAN_Init) refers to fdcan.o(i.HAL_FDCAN_MspInit) for HAL_FDCAN_MspInit
    stm32h7xx_hal_fdcan.o(i.HAL_FDCAN_Init) refers to stm32h7xx_hal.o(i.HAL_GetTick) for HAL_GetTick
    stm32h7xx_hal_fdcan.o(i.HAL_FDCAN_Init) refers to stm32h7xx_hal_fdcan.o(i.FDCAN_CalcultateRamBlockAddresses) for FDCAN_CalcultateRamBlockAddresses
    stm32h7xx_hal_fdcan.o(i.HAL_FDCAN_Init) refers to stm32h7xx_hal_fdcan.o(.constdata) for .constdata
    stm32h7xx_hal_fdcan.o(i.HAL_FDCAN_TT_ConfigOperation) refers to stm32h7xx_hal.o(i.HAL_GetTick) for HAL_GetTick
    stm32h7xx_hal_tim.o(i.HAL_TIM_Base_DeInit) refers to tim.o(i.HAL_TIM_Base_MspDeInit) for HAL_TIM_Base_MspDeInit
    stm32h7xx_hal_tim.o(i.HAL_TIM_Base_Init) refers to tim.o(i.HAL_TIM_Base_MspInit) for HAL_TIM_Base_MspInit
    stm32h7xx_hal_tim.o(i.HAL_TIM_Base_Init) refers to stm32h7xx_hal_tim.o(i.TIM_Base_SetConfig) for TIM_Base_SetConfig
    stm32h7xx_hal_tim.o(i.HAL_TIM_Base_Start_DMA) refers to stm32h7xx_hal_dma.o(i.HAL_DMA_Start_IT) for HAL_DMA_Start_IT
    stm32h7xx_hal_tim.o(i.HAL_TIM_Base_Start_DMA) refers to stm32h7xx_hal_tim.o(i.TIM_DMAPeriodElapsedCplt) for TIM_DMAPeriodElapsedCplt
    stm32h7xx_hal_tim.o(i.HAL_TIM_Base_Start_DMA) refers to stm32h7xx_hal_tim.o(i.TIM_DMAPeriodElapsedHalfCplt) for TIM_DMAPeriodElapsedHalfCplt
    stm32h7xx_hal_tim.o(i.HAL_TIM_Base_Start_DMA) refers to stm32h7xx_hal_tim.o(i.TIM_DMAError) for TIM_DMAError
    stm32h7xx_hal_tim.o(i.HAL_TIM_Base_Stop_DMA) refers to stm32h7xx_hal_dma.o(i.HAL_DMA_Abort_IT) for HAL_DMA_Abort_IT
    stm32h7xx_hal_tim.o(i.HAL_TIM_ConfigClockSource) refers to stm32h7xx_hal_tim.o(i.TIM_ETR_SetConfig) for TIM_ETR_SetConfig
    stm32h7xx_hal_tim.o(i.HAL_TIM_ConfigClockSource) refers to stm32h7xx_hal_tim.o(i.TIM_TI1_ConfigInputStage) for TIM_TI1_ConfigInputStage
    stm32h7xx_hal_tim.o(i.HAL_TIM_ConfigClockSource) refers to stm32h7xx_hal_tim.o(i.TIM_TI2_ConfigInputStage) for TIM_TI2_ConfigInputStage
    stm32h7xx_hal_tim.o(i.HAL_TIM_ConfigClockSource) refers to stm32h7xx_hal_tim.o(i.TIM_ITRx_SetConfig) for TIM_ITRx_SetConfig
    stm32h7xx_hal_tim.o(i.HAL_TIM_ConfigOCrefClear) refers to stm32h7xx_hal_tim.o(i.TIM_ETR_SetConfig) for TIM_ETR_SetConfig
    stm32h7xx_hal_tim.o(i.HAL_TIM_DMABurst_MultiReadStart) refers to stm32h7xx_hal_dma.o(i.HAL_DMA_Start_IT) for HAL_DMA_Start_IT
    stm32h7xx_hal_tim.o(i.HAL_TIM_DMABurst_MultiReadStart) refers to stm32h7xx_hal_tim.o(i.TIM_DMAError) for TIM_DMAError
    stm32h7xx_hal_tim.o(i.HAL_TIM_DMABurst_MultiReadStart) refers to stm32h7xx_hal_tim.o(i.TIM_DMACaptureCplt) for TIM_DMACaptureCplt
    stm32h7xx_hal_tim.o(i.HAL_TIM_DMABurst_MultiReadStart) refers to stm32h7xx_hal_tim.o(i.TIM_DMACaptureHalfCplt) for TIM_DMACaptureHalfCplt
    stm32h7xx_hal_tim.o(i.HAL_TIM_DMABurst_MultiReadStart) refers to stm32h7xx_hal_tim.o(i.TIM_DMAPeriodElapsedCplt) for TIM_DMAPeriodElapsedCplt
    stm32h7xx_hal_tim.o(i.HAL_TIM_DMABurst_MultiReadStart) refers to stm32h7xx_hal_tim.o(i.TIM_DMAPeriodElapsedHalfCplt) for TIM_DMAPeriodElapsedHalfCplt
    stm32h7xx_hal_tim.o(i.HAL_TIM_DMABurst_MultiReadStart) refers to stm32h7xx_hal_tim_ex.o(i.TIMEx_DMACommutationCplt) for TIMEx_DMACommutationCplt
    stm32h7xx_hal_tim.o(i.HAL_TIM_DMABurst_MultiReadStart) refers to stm32h7xx_hal_tim_ex.o(i.TIMEx_DMACommutationHalfCplt) for TIMEx_DMACommutationHalfCplt
    stm32h7xx_hal_tim.o(i.HAL_TIM_DMABurst_MultiReadStart) refers to stm32h7xx_hal_tim.o(i.TIM_DMATriggerCplt) for TIM_DMATriggerCplt
    stm32h7xx_hal_tim.o(i.HAL_TIM_DMABurst_MultiReadStart) refers to stm32h7xx_hal_tim.o(i.TIM_DMATriggerHalfCplt) for TIM_DMATriggerHalfCplt
    stm32h7xx_hal_tim.o(i.HAL_TIM_DMABurst_MultiWriteStart) refers to stm32h7xx_hal_dma.o(i.HAL_DMA_Start_IT) for HAL_DMA_Start_IT
    stm32h7xx_hal_tim.o(i.HAL_TIM_DMABurst_MultiWriteStart) refers to stm32h7xx_hal_tim.o(i.TIM_DMAError) for TIM_DMAError
    stm32h7xx_hal_tim.o(i.HAL_TIM_DMABurst_MultiWriteStart) refers to stm32h7xx_hal_tim.o(i.TIM_DMADelayPulseCplt) for TIM_DMADelayPulseCplt
    stm32h7xx_hal_tim.o(i.HAL_TIM_DMABurst_MultiWriteStart) refers to stm32h7xx_hal_tim.o(i.TIM_DMADelayPulseHalfCplt) for TIM_DMADelayPulseHalfCplt
    stm32h7xx_hal_tim.o(i.HAL_TIM_DMABurst_MultiWriteStart) refers to stm32h7xx_hal_tim.o(i.TIM_DMAPeriodElapsedCplt) for TIM_DMAPeriodElapsedCplt
    stm32h7xx_hal_tim.o(i.HAL_TIM_DMABurst_MultiWriteStart) refers to stm32h7xx_hal_tim.o(i.TIM_DMAPeriodElapsedHalfCplt) for TIM_DMAPeriodElapsedHalfCplt
    stm32h7xx_hal_tim.o(i.HAL_TIM_DMABurst_MultiWriteStart) refers to stm32h7xx_hal_tim_ex.o(i.TIMEx_DMACommutationCplt) for TIMEx_DMACommutationCplt
    stm32h7xx_hal_tim.o(i.HAL_TIM_DMABurst_MultiWriteStart) refers to stm32h7xx_hal_tim_ex.o(i.TIMEx_DMACommutationHalfCplt) for TIMEx_DMACommutationHalfCplt
    stm32h7xx_hal_tim.o(i.HAL_TIM_DMABurst_MultiWriteStart) refers to stm32h7xx_hal_tim.o(i.TIM_DMATriggerCplt) for TIM_DMATriggerCplt
    stm32h7xx_hal_tim.o(i.HAL_TIM_DMABurst_MultiWriteStart) refers to stm32h7xx_hal_tim.o(i.TIM_DMATriggerHalfCplt) for TIM_DMATriggerHalfCplt
    stm32h7xx_hal_tim.o(i.HAL_TIM_DMABurst_ReadStart) refers to stm32h7xx_hal_tim.o(i.HAL_TIM_DMABurst_MultiReadStart) for HAL_TIM_DMABurst_MultiReadStart
    stm32h7xx_hal_tim.o(i.HAL_TIM_DMABurst_ReadStop) refers to stm32h7xx_hal_dma.o(i.HAL_DMA_Abort_IT) for HAL_DMA_Abort_IT
    stm32h7xx_hal_tim.o(i.HAL_TIM_DMABurst_WriteStart) refers to stm32h7xx_hal_tim.o(i.HAL_TIM_DMABurst_MultiWriteStart) for HAL_TIM_DMABurst_MultiWriteStart
    stm32h7xx_hal_tim.o(i.HAL_TIM_DMABurst_WriteStop) refers to stm32h7xx_hal_dma.o(i.HAL_DMA_Abort_IT) for HAL_DMA_Abort_IT
    stm32h7xx_hal_tim.o(i.HAL_TIM_Encoder_DeInit) refers to stm32h7xx_hal_tim.o(i.HAL_TIM_Encoder_MspDeInit) for HAL_TIM_Encoder_MspDeInit
    stm32h7xx_hal_tim.o(i.HAL_TIM_Encoder_Init) refers to stm32h7xx_hal_tim.o(i.HAL_TIM_Encoder_MspInit) for HAL_TIM_Encoder_MspInit
    stm32h7xx_hal_tim.o(i.HAL_TIM_Encoder_Init) refers to stm32h7xx_hal_tim.o(i.TIM_Base_SetConfig) for TIM_Base_SetConfig
    stm32h7xx_hal_tim.o(i.HAL_TIM_Encoder_Start) refers to stm32h7xx_hal_tim.o(i.TIM_CCxChannelCmd) for TIM_CCxChannelCmd
    stm32h7xx_hal_tim.o(i.HAL_TIM_Encoder_Start_DMA) refers to stm32h7xx_hal_dma.o(i.HAL_DMA_Start_IT) for HAL_DMA_Start_IT
    stm32h7xx_hal_tim.o(i.HAL_TIM_Encoder_Start_DMA) refers to stm32h7xx_hal_tim.o(i.TIM_CCxChannelCmd) for TIM_CCxChannelCmd
    stm32h7xx_hal_tim.o(i.HAL_TIM_Encoder_Start_DMA) refers to stm32h7xx_hal_tim.o(i.TIM_DMACaptureCplt) for TIM_DMACaptureCplt
    stm32h7xx_hal_tim.o(i.HAL_TIM_Encoder_Start_DMA) refers to stm32h7xx_hal_tim.o(i.TIM_DMACaptureHalfCplt) for TIM_DMACaptureHalfCplt
    stm32h7xx_hal_tim.o(i.HAL_TIM_Encoder_Start_DMA) refers to stm32h7xx_hal_tim.o(i.TIM_DMAError) for TIM_DMAError
    stm32h7xx_hal_tim.o(i.HAL_TIM_Encoder_Start_IT) refers to stm32h7xx_hal_tim.o(i.TIM_CCxChannelCmd) for TIM_CCxChannelCmd
    stm32h7xx_hal_tim.o(i.HAL_TIM_Encoder_Stop) refers to stm32h7xx_hal_tim.o(i.TIM_CCxChannelCmd) for TIM_CCxChannelCmd
    stm32h7xx_hal_tim.o(i.HAL_TIM_Encoder_Stop_DMA) refers to stm32h7xx_hal_tim.o(i.TIM_CCxChannelCmd) for TIM_CCxChannelCmd
    stm32h7xx_hal_tim.o(i.HAL_TIM_Encoder_Stop_DMA) refers to stm32h7xx_hal_dma.o(i.HAL_DMA_Abort_IT) for HAL_DMA_Abort_IT
    stm32h7xx_hal_tim.o(i.HAL_TIM_Encoder_Stop_IT) refers to stm32h7xx_hal_tim.o(i.TIM_CCxChannelCmd) for TIM_CCxChannelCmd
    stm32h7xx_hal_tim.o(i.HAL_TIM_IC_ConfigChannel) refers to stm32h7xx_hal_tim.o(i.TIM_TI1_SetConfig) for TIM_TI1_SetConfig
    stm32h7xx_hal_tim.o(i.HAL_TIM_IC_ConfigChannel) refers to stm32h7xx_hal_tim.o(i.TIM_TI2_SetConfig) for TIM_TI2_SetConfig
    stm32h7xx_hal_tim.o(i.HAL_TIM_IC_DeInit) refers to stm32h7xx_hal_tim.o(i.HAL_TIM_IC_MspDeInit) for HAL_TIM_IC_MspDeInit
    stm32h7xx_hal_tim.o(i.HAL_TIM_IC_Init) refers to stm32h7xx_hal_tim.o(i.HAL_TIM_IC_MspInit) for HAL_TIM_IC_MspInit
    stm32h7xx_hal_tim.o(i.HAL_TIM_IC_Init) refers to stm32h7xx_hal_tim.o(i.TIM_Base_SetConfig) for TIM_Base_SetConfig
    stm32h7xx_hal_tim.o(i.HAL_TIM_IC_Start) refers to stm32h7xx_hal_tim.o(i.TIM_CCxChannelCmd) for TIM_CCxChannelCmd
    stm32h7xx_hal_tim.o(i.HAL_TIM_IC_Start_DMA) refers to stm32h7xx_hal_dma.o(i.HAL_DMA_Start_IT) for HAL_DMA_Start_IT
    stm32h7xx_hal_tim.o(i.HAL_TIM_IC_Start_DMA) refers to stm32h7xx_hal_tim.o(i.TIM_CCxChannelCmd) for TIM_CCxChannelCmd
    stm32h7xx_hal_tim.o(i.HAL_TIM_IC_Start_DMA) refers to stm32h7xx_hal_tim.o(i.TIM_DMACaptureCplt) for TIM_DMACaptureCplt
    stm32h7xx_hal_tim.o(i.HAL_TIM_IC_Start_DMA) refers to stm32h7xx_hal_tim.o(i.TIM_DMACaptureHalfCplt) for TIM_DMACaptureHalfCplt
    stm32h7xx_hal_tim.o(i.HAL_TIM_IC_Start_DMA) refers to stm32h7xx_hal_tim.o(i.TIM_DMAError) for TIM_DMAError
    stm32h7xx_hal_tim.o(i.HAL_TIM_IC_Start_IT) refers to stm32h7xx_hal_tim.o(i.TIM_CCxChannelCmd) for TIM_CCxChannelCmd
    stm32h7xx_hal_tim.o(i.HAL_TIM_IC_Stop) refers to stm32h7xx_hal_tim.o(i.TIM_CCxChannelCmd) for TIM_CCxChannelCmd
    stm32h7xx_hal_tim.o(i.HAL_TIM_IC_Stop_DMA) refers to stm32h7xx_hal_tim.o(i.TIM_CCxChannelCmd) for TIM_CCxChannelCmd
    stm32h7xx_hal_tim.o(i.HAL_TIM_IC_Stop_DMA) refers to stm32h7xx_hal_dma.o(i.HAL_DMA_Abort_IT) for HAL_DMA_Abort_IT
    stm32h7xx_hal_tim.o(i.HAL_TIM_IC_Stop_IT) refers to stm32h7xx_hal_tim.o(i.TIM_CCxChannelCmd) for TIM_CCxChannelCmd
    stm32h7xx_hal_tim.o(i.HAL_TIM_IRQHandler) refers to stm32h7xx_hal_tim.o(i.HAL_TIM_IC_CaptureCallback) for HAL_TIM_IC_CaptureCallback
    stm32h7xx_hal_tim.o(i.HAL_TIM_IRQHandler) refers to stm32h7xx_hal_tim.o(i.HAL_TIM_OC_DelayElapsedCallback) for HAL_TIM_OC_DelayElapsedCallback
    stm32h7xx_hal_tim.o(i.HAL_TIM_IRQHandler) refers to stm32h7xx_hal_tim.o(i.HAL_TIM_PWM_PulseFinishedCallback) for HAL_TIM_PWM_PulseFinishedCallback
    stm32h7xx_hal_tim.o(i.HAL_TIM_IRQHandler) refers to tim.o(i.HAL_TIM_PeriodElapsedCallback) for HAL_TIM_PeriodElapsedCallback
    stm32h7xx_hal_tim.o(i.HAL_TIM_IRQHandler) refers to stm32h7xx_hal_tim_ex.o(i.HAL_TIMEx_BreakCallback) for HAL_TIMEx_BreakCallback
    stm32h7xx_hal_tim.o(i.HAL_TIM_IRQHandler) refers to stm32h7xx_hal_tim_ex.o(i.HAL_TIMEx_Break2Callback) for HAL_TIMEx_Break2Callback
    stm32h7xx_hal_tim.o(i.HAL_TIM_IRQHandler) refers to stm32h7xx_hal_tim.o(i.HAL_TIM_TriggerCallback) for HAL_TIM_TriggerCallback
    stm32h7xx_hal_tim.o(i.HAL_TIM_IRQHandler) refers to stm32h7xx_hal_tim_ex.o(i.HAL_TIMEx_CommutCallback) for HAL_TIMEx_CommutCallback
    stm32h7xx_hal_tim.o(i.HAL_TIM_OC_ConfigChannel) refers to stm32h7xx_hal_tim.o(i.TIM_OC1_SetConfig) for TIM_OC1_SetConfig
    stm32h7xx_hal_tim.o(i.HAL_TIM_OC_ConfigChannel) refers to stm32h7xx_hal_tim.o(i.TIM_OC2_SetConfig) for TIM_OC2_SetConfig
    stm32h7xx_hal_tim.o(i.HAL_TIM_OC_ConfigChannel) refers to stm32h7xx_hal_tim.o(i.TIM_OC3_SetConfig) for TIM_OC3_SetConfig
    stm32h7xx_hal_tim.o(i.HAL_TIM_OC_ConfigChannel) refers to stm32h7xx_hal_tim.o(i.TIM_OC4_SetConfig) for TIM_OC4_SetConfig
    stm32h7xx_hal_tim.o(i.HAL_TIM_OC_ConfigChannel) refers to stm32h7xx_hal_tim.o(i.TIM_OC5_SetConfig) for TIM_OC5_SetConfig
    stm32h7xx_hal_tim.o(i.HAL_TIM_OC_ConfigChannel) refers to stm32h7xx_hal_tim.o(i.TIM_OC6_SetConfig) for TIM_OC6_SetConfig
    stm32h7xx_hal_tim.o(i.HAL_TIM_OC_DeInit) refers to stm32h7xx_hal_tim.o(i.HAL_TIM_OC_MspDeInit) for HAL_TIM_OC_MspDeInit
    stm32h7xx_hal_tim.o(i.HAL_TIM_OC_Init) refers to stm32h7xx_hal_tim.o(i.HAL_TIM_OC_MspInit) for HAL_TIM_OC_MspInit
    stm32h7xx_hal_tim.o(i.HAL_TIM_OC_Init) refers to stm32h7xx_hal_tim.o(i.TIM_Base_SetConfig) for TIM_Base_SetConfig
    stm32h7xx_hal_tim.o(i.HAL_TIM_OC_Start) refers to stm32h7xx_hal_tim.o(i.TIM_CCxChannelCmd) for TIM_CCxChannelCmd
    stm32h7xx_hal_tim.o(i.HAL_TIM_OC_Start_DMA) refers to stm32h7xx_hal_dma.o(i.HAL_DMA_Start_IT) for HAL_DMA_Start_IT
    stm32h7xx_hal_tim.o(i.HAL_TIM_OC_Start_DMA) refers to stm32h7xx_hal_tim.o(i.TIM_CCxChannelCmd) for TIM_CCxChannelCmd
    stm32h7xx_hal_tim.o(i.HAL_TIM_OC_Start_DMA) refers to stm32h7xx_hal_tim.o(i.TIM_DMADelayPulseCplt) for TIM_DMADelayPulseCplt
    stm32h7xx_hal_tim.o(i.HAL_TIM_OC_Start_DMA) refers to stm32h7xx_hal_tim.o(i.TIM_DMADelayPulseHalfCplt) for TIM_DMADelayPulseHalfCplt
    stm32h7xx_hal_tim.o(i.HAL_TIM_OC_Start_DMA) refers to stm32h7xx_hal_tim.o(i.TIM_DMAError) for TIM_DMAError
    stm32h7xx_hal_tim.o(i.HAL_TIM_OC_Start_IT) refers to stm32h7xx_hal_tim.o(i.TIM_CCxChannelCmd) for TIM_CCxChannelCmd
    stm32h7xx_hal_tim.o(i.HAL_TIM_OC_Stop) refers to stm32h7xx_hal_tim.o(i.TIM_CCxChannelCmd) for TIM_CCxChannelCmd
    stm32h7xx_hal_tim.o(i.HAL_TIM_OC_Stop_DMA) refers to stm32h7xx_hal_dma.o(i.HAL_DMA_Abort_IT) for HAL_DMA_Abort_IT
    stm32h7xx_hal_tim.o(i.HAL_TIM_OC_Stop_DMA) refers to stm32h7xx_hal_tim.o(i.TIM_CCxChannelCmd) for TIM_CCxChannelCmd
    stm32h7xx_hal_tim.o(i.HAL_TIM_OC_Stop_IT) refers to stm32h7xx_hal_tim.o(i.TIM_CCxChannelCmd) for TIM_CCxChannelCmd
    stm32h7xx_hal_tim.o(i.HAL_TIM_OnePulse_ConfigChannel) refers to stm32h7xx_hal_tim.o(i.TIM_OC1_SetConfig) for TIM_OC1_SetConfig
    stm32h7xx_hal_tim.o(i.HAL_TIM_OnePulse_ConfigChannel) refers to stm32h7xx_hal_tim.o(i.TIM_OC2_SetConfig) for TIM_OC2_SetConfig
    stm32h7xx_hal_tim.o(i.HAL_TIM_OnePulse_ConfigChannel) refers to stm32h7xx_hal_tim.o(i.TIM_TI1_SetConfig) for TIM_TI1_SetConfig
    stm32h7xx_hal_tim.o(i.HAL_TIM_OnePulse_ConfigChannel) refers to stm32h7xx_hal_tim.o(i.TIM_TI2_SetConfig) for TIM_TI2_SetConfig
    stm32h7xx_hal_tim.o(i.HAL_TIM_OnePulse_DeInit) refers to stm32h7xx_hal_tim.o(i.HAL_TIM_OnePulse_MspDeInit) for HAL_TIM_OnePulse_MspDeInit
    stm32h7xx_hal_tim.o(i.HAL_TIM_OnePulse_Init) refers to stm32h7xx_hal_tim.o(i.HAL_TIM_OnePulse_MspInit) for HAL_TIM_OnePulse_MspInit
    stm32h7xx_hal_tim.o(i.HAL_TIM_OnePulse_Init) refers to stm32h7xx_hal_tim.o(i.TIM_Base_SetConfig) for TIM_Base_SetConfig
    stm32h7xx_hal_tim.o(i.HAL_TIM_OnePulse_Start) refers to stm32h7xx_hal_tim.o(i.TIM_CCxChannelCmd) for TIM_CCxChannelCmd
    stm32h7xx_hal_tim.o(i.HAL_TIM_OnePulse_Start_IT) refers to stm32h7xx_hal_tim.o(i.TIM_CCxChannelCmd) for TIM_CCxChannelCmd
    stm32h7xx_hal_tim.o(i.HAL_TIM_OnePulse_Stop) refers to stm32h7xx_hal_tim.o(i.TIM_CCxChannelCmd) for TIM_CCxChannelCmd
    stm32h7xx_hal_tim.o(i.HAL_TIM_OnePulse_Stop_IT) refers to stm32h7xx_hal_tim.o(i.TIM_CCxChannelCmd) for TIM_CCxChannelCmd
    stm32h7xx_hal_tim.o(i.HAL_TIM_PWM_ConfigChannel) refers to stm32h7xx_hal_tim.o(i.TIM_OC1_SetConfig) for TIM_OC1_SetConfig
    stm32h7xx_hal_tim.o(i.HAL_TIM_PWM_ConfigChannel) refers to stm32h7xx_hal_tim.o(i.TIM_OC2_SetConfig) for TIM_OC2_SetConfig
    stm32h7xx_hal_tim.o(i.HAL_TIM_PWM_ConfigChannel) refers to stm32h7xx_hal_tim.o(i.TIM_OC3_SetConfig) for TIM_OC3_SetConfig
    stm32h7xx_hal_tim.o(i.HAL_TIM_PWM_ConfigChannel) refers to stm32h7xx_hal_tim.o(i.TIM_OC4_SetConfig) for TIM_OC4_SetConfig
    stm32h7xx_hal_tim.o(i.HAL_TIM_PWM_ConfigChannel) refers to stm32h7xx_hal_tim.o(i.TIM_OC5_SetConfig) for TIM_OC5_SetConfig
    stm32h7xx_hal_tim.o(i.HAL_TIM_PWM_ConfigChannel) refers to stm32h7xx_hal_tim.o(i.TIM_OC6_SetConfig) for TIM_OC6_SetConfig
    stm32h7xx_hal_tim.o(i.HAL_TIM_PWM_DeInit) refers to stm32h7xx_hal_tim.o(i.HAL_TIM_PWM_MspDeInit) for HAL_TIM_PWM_MspDeInit
    stm32h7xx_hal_tim.o(i.HAL_TIM_PWM_Init) refers to stm32h7xx_hal_tim.o(i.HAL_TIM_PWM_MspInit) for HAL_TIM_PWM_MspInit
    stm32h7xx_hal_tim.o(i.HAL_TIM_PWM_Init) refers to stm32h7xx_hal_tim.o(i.TIM_Base_SetConfig) for TIM_Base_SetConfig
    stm32h7xx_hal_tim.o(i.HAL_TIM_PWM_Start) refers to stm32h7xx_hal_tim.o(i.TIM_CCxChannelCmd) for TIM_CCxChannelCmd
    stm32h7xx_hal_tim.o(i.HAL_TIM_PWM_Start_DMA) refers to stm32h7xx_hal_dma.o(i.HAL_DMA_Start_IT) for HAL_DMA_Start_IT
    stm32h7xx_hal_tim.o(i.HAL_TIM_PWM_Start_DMA) refers to stm32h7xx_hal_tim.o(i.TIM_CCxChannelCmd) for TIM_CCxChannelCmd
    stm32h7xx_hal_tim.o(i.HAL_TIM_PWM_Start_DMA) refers to stm32h7xx_hal_tim.o(i.TIM_DMADelayPulseCplt) for TIM_DMADelayPulseCplt
    stm32h7xx_hal_tim.o(i.HAL_TIM_PWM_Start_DMA) refers to stm32h7xx_hal_tim.o(i.TIM_DMADelayPulseHalfCplt) for TIM_DMADelayPulseHalfCplt
    stm32h7xx_hal_tim.o(i.HAL_TIM_PWM_Start_DMA) refers to stm32h7xx_hal_tim.o(i.TIM_DMAError) for TIM_DMAError
    stm32h7xx_hal_tim.o(i.HAL_TIM_PWM_Start_IT) refers to stm32h7xx_hal_tim.o(i.TIM_CCxChannelCmd) for TIM_CCxChannelCmd
    stm32h7xx_hal_tim.o(i.HAL_TIM_PWM_Stop) refers to stm32h7xx_hal_tim.o(i.TIM_CCxChannelCmd) for TIM_CCxChannelCmd
    stm32h7xx_hal_tim.o(i.HAL_TIM_PWM_Stop_DMA) refers to stm32h7xx_hal_dma.o(i.HAL_DMA_Abort_IT) for HAL_DMA_Abort_IT
    stm32h7xx_hal_tim.o(i.HAL_TIM_PWM_Stop_DMA) refers to stm32h7xx_hal_tim.o(i.TIM_CCxChannelCmd) for TIM_CCxChannelCmd
    stm32h7xx_hal_tim.o(i.HAL_TIM_PWM_Stop_IT) refers to stm32h7xx_hal_tim.o(i.TIM_CCxChannelCmd) for TIM_CCxChannelCmd
    stm32h7xx_hal_tim.o(i.HAL_TIM_SlaveConfigSynchro) refers to stm32h7xx_hal_tim.o(i.TIM_SlaveTimer_SetConfig) for TIM_SlaveTimer_SetConfig
    stm32h7xx_hal_tim.o(i.HAL_TIM_SlaveConfigSynchro_IT) refers to stm32h7xx_hal_tim.o(i.TIM_SlaveTimer_SetConfig) for TIM_SlaveTimer_SetConfig
    stm32h7xx_hal_tim.o(i.TIM_DMACaptureCplt) refers to stm32h7xx_hal_tim.o(i.HAL_TIM_IC_CaptureCallback) for HAL_TIM_IC_CaptureCallback
    stm32h7xx_hal_tim.o(i.TIM_DMACaptureHalfCplt) refers to stm32h7xx_hal_tim.o(i.HAL_TIM_IC_CaptureHalfCpltCallback) for HAL_TIM_IC_CaptureHalfCpltCallback
    stm32h7xx_hal_tim.o(i.TIM_DMADelayPulseCplt) refers to stm32h7xx_hal_tim.o(i.HAL_TIM_PWM_PulseFinishedCallback) for HAL_TIM_PWM_PulseFinishedCallback
    stm32h7xx_hal_tim.o(i.TIM_DMADelayPulseHalfCplt) refers to stm32h7xx_hal_tim.o(i.HAL_TIM_PWM_PulseFinishedHalfCpltCallback) for HAL_TIM_PWM_PulseFinishedHalfCpltCallback
    stm32h7xx_hal_tim.o(i.TIM_DMAError) refers to stm32h7xx_hal_tim.o(i.HAL_TIM_ErrorCallback) for HAL_TIM_ErrorCallback
    stm32h7xx_hal_tim.o(i.TIM_DMAPeriodElapsedCplt) refers to tim.o(i.HAL_TIM_PeriodElapsedCallback) for HAL_TIM_PeriodElapsedCallback
    stm32h7xx_hal_tim.o(i.TIM_DMAPeriodElapsedHalfCplt) refers to stm32h7xx_hal_tim.o(i.HAL_TIM_PeriodElapsedHalfCpltCallback) for HAL_TIM_PeriodElapsedHalfCpltCallback
    stm32h7xx_hal_tim.o(i.TIM_DMATriggerCplt) refers to stm32h7xx_hal_tim.o(i.HAL_TIM_TriggerCallback) for HAL_TIM_TriggerCallback
    stm32h7xx_hal_tim.o(i.TIM_DMATriggerHalfCplt) refers to stm32h7xx_hal_tim.o(i.HAL_TIM_TriggerHalfCpltCallback) for HAL_TIM_TriggerHalfCpltCallback
    stm32h7xx_hal_tim.o(i.TIM_SlaveTimer_SetConfig) refers to stm32h7xx_hal_tim.o(i.TIM_ETR_SetConfig) for TIM_ETR_SetConfig
    stm32h7xx_hal_tim.o(i.TIM_SlaveTimer_SetConfig) refers to stm32h7xx_hal_tim.o(i.TIM_TI1_ConfigInputStage) for TIM_TI1_ConfigInputStage
    stm32h7xx_hal_tim.o(i.TIM_SlaveTimer_SetConfig) refers to stm32h7xx_hal_tim.o(i.TIM_TI2_ConfigInputStage) for TIM_TI2_ConfigInputStage
    stm32h7xx_hal_tim_ex.o(i.HAL_TIMEx_ConfigCommutEvent_DMA) refers to stm32h7xx_hal_tim_ex.o(i.TIMEx_DMACommutationCplt) for TIMEx_DMACommutationCplt
    stm32h7xx_hal_tim_ex.o(i.HAL_TIMEx_ConfigCommutEvent_DMA) refers to stm32h7xx_hal_tim_ex.o(i.TIMEx_DMACommutationHalfCplt) for TIMEx_DMACommutationHalfCplt
    stm32h7xx_hal_tim_ex.o(i.HAL_TIMEx_ConfigCommutEvent_DMA) refers to stm32h7xx_hal_tim.o(i.TIM_DMAError) for TIM_DMAError
    stm32h7xx_hal_tim_ex.o(i.HAL_TIMEx_HallSensor_DeInit) refers to stm32h7xx_hal_tim_ex.o(i.HAL_TIMEx_HallSensor_MspDeInit) for HAL_TIMEx_HallSensor_MspDeInit
    stm32h7xx_hal_tim_ex.o(i.HAL_TIMEx_HallSensor_Init) refers to stm32h7xx_hal_tim_ex.o(i.HAL_TIMEx_HallSensor_MspInit) for HAL_TIMEx_HallSensor_MspInit
    stm32h7xx_hal_tim_ex.o(i.HAL_TIMEx_HallSensor_Init) refers to stm32h7xx_hal_tim.o(i.TIM_Base_SetConfig) for TIM_Base_SetConfig
    stm32h7xx_hal_tim_ex.o(i.HAL_TIMEx_HallSensor_Init) refers to stm32h7xx_hal_tim.o(i.TIM_TI1_SetConfig) for TIM_TI1_SetConfig
    stm32h7xx_hal_tim_ex.o(i.HAL_TIMEx_HallSensor_Init) refers to stm32h7xx_hal_tim.o(i.TIM_OC2_SetConfig) for TIM_OC2_SetConfig
    stm32h7xx_hal_tim_ex.o(i.HAL_TIMEx_HallSensor_Start) refers to stm32h7xx_hal_tim.o(i.TIM_CCxChannelCmd) for TIM_CCxChannelCmd
    stm32h7xx_hal_tim_ex.o(i.HAL_TIMEx_HallSensor_Start_DMA) refers to stm32h7xx_hal_tim.o(i.TIM_CCxChannelCmd) for TIM_CCxChannelCmd
    stm32h7xx_hal_tim_ex.o(i.HAL_TIMEx_HallSensor_Start_DMA) refers to stm32h7xx_hal_dma.o(i.HAL_DMA_Start_IT) for HAL_DMA_Start_IT
    stm32h7xx_hal_tim_ex.o(i.HAL_TIMEx_HallSensor_Start_DMA) refers to stm32h7xx_hal_tim.o(i.TIM_DMACaptureCplt) for TIM_DMACaptureCplt
    stm32h7xx_hal_tim_ex.o(i.HAL_TIMEx_HallSensor_Start_DMA) refers to stm32h7xx_hal_tim.o(i.TIM_DMACaptureHalfCplt) for TIM_DMACaptureHalfCplt
    stm32h7xx_hal_tim_ex.o(i.HAL_TIMEx_HallSensor_Start_DMA) refers to stm32h7xx_hal_tim.o(i.TIM_DMAError) for TIM_DMAError
    stm32h7xx_hal_tim_ex.o(i.HAL_TIMEx_HallSensor_Start_IT) refers to stm32h7xx_hal_tim.o(i.TIM_CCxChannelCmd) for TIM_CCxChannelCmd
    stm32h7xx_hal_tim_ex.o(i.HAL_TIMEx_HallSensor_Stop) refers to stm32h7xx_hal_tim.o(i.TIM_CCxChannelCmd) for TIM_CCxChannelCmd
    stm32h7xx_hal_tim_ex.o(i.HAL_TIMEx_HallSensor_Stop_DMA) refers to stm32h7xx_hal_tim.o(i.TIM_CCxChannelCmd) for TIM_CCxChannelCmd
    stm32h7xx_hal_tim_ex.o(i.HAL_TIMEx_HallSensor_Stop_DMA) refers to stm32h7xx_hal_dma.o(i.HAL_DMA_Abort_IT) for HAL_DMA_Abort_IT
    stm32h7xx_hal_tim_ex.o(i.HAL_TIMEx_HallSensor_Stop_IT) refers to stm32h7xx_hal_tim.o(i.TIM_CCxChannelCmd) for TIM_CCxChannelCmd
    stm32h7xx_hal_tim_ex.o(i.HAL_TIMEx_OCN_Start) refers to stm32h7xx_hal_tim_ex.o(i.TIM_CCxNChannelCmd) for TIM_CCxNChannelCmd
    stm32h7xx_hal_tim_ex.o(i.HAL_TIMEx_OCN_Start_DMA) refers to stm32h7xx_hal_dma.o(i.HAL_DMA_Start_IT) for HAL_DMA_Start_IT
    stm32h7xx_hal_tim_ex.o(i.HAL_TIMEx_OCN_Start_DMA) refers to stm32h7xx_hal_tim_ex.o(i.TIM_CCxNChannelCmd) for TIM_CCxNChannelCmd
    stm32h7xx_hal_tim_ex.o(i.HAL_TIMEx_OCN_Start_DMA) refers to stm32h7xx_hal_tim_ex.o(i.TIM_DMADelayPulseNCplt) for TIM_DMADelayPulseNCplt
    stm32h7xx_hal_tim_ex.o(i.HAL_TIMEx_OCN_Start_DMA) refers to stm32h7xx_hal_tim.o(i.TIM_DMADelayPulseHalfCplt) for TIM_DMADelayPulseHalfCplt
    stm32h7xx_hal_tim_ex.o(i.HAL_TIMEx_OCN_Start_DMA) refers to stm32h7xx_hal_tim_ex.o(i.TIM_DMAErrorCCxN) for TIM_DMAErrorCCxN
    stm32h7xx_hal_tim_ex.o(i.HAL_TIMEx_OCN_Start_IT) refers to stm32h7xx_hal_tim_ex.o(i.TIM_CCxNChannelCmd) for TIM_CCxNChannelCmd
    stm32h7xx_hal_tim_ex.o(i.HAL_TIMEx_OCN_Stop) refers to stm32h7xx_hal_tim_ex.o(i.TIM_CCxNChannelCmd) for TIM_CCxNChannelCmd
    stm32h7xx_hal_tim_ex.o(i.HAL_TIMEx_OCN_Stop_DMA) refers to stm32h7xx_hal_dma.o(i.HAL_DMA_Abort_IT) for HAL_DMA_Abort_IT
    stm32h7xx_hal_tim_ex.o(i.HAL_TIMEx_OCN_Stop_DMA) refers to stm32h7xx_hal_tim_ex.o(i.TIM_CCxNChannelCmd) for TIM_CCxNChannelCmd
    stm32h7xx_hal_tim_ex.o(i.HAL_TIMEx_OCN_Stop_IT) refers to stm32h7xx_hal_tim_ex.o(i.TIM_CCxNChannelCmd) for TIM_CCxNChannelCmd
    stm32h7xx_hal_tim_ex.o(i.HAL_TIMEx_OnePulseN_Start) refers to stm32h7xx_hal_tim_ex.o(i.TIM_CCxNChannelCmd) for TIM_CCxNChannelCmd
    stm32h7xx_hal_tim_ex.o(i.HAL_TIMEx_OnePulseN_Start) refers to stm32h7xx_hal_tim.o(i.TIM_CCxChannelCmd) for TIM_CCxChannelCmd
    stm32h7xx_hal_tim_ex.o(i.HAL_TIMEx_OnePulseN_Start_IT) refers to stm32h7xx_hal_tim_ex.o(i.TIM_CCxNChannelCmd) for TIM_CCxNChannelCmd
    stm32h7xx_hal_tim_ex.o(i.HAL_TIMEx_OnePulseN_Start_IT) refers to stm32h7xx_hal_tim.o(i.TIM_CCxChannelCmd) for TIM_CCxChannelCmd
    stm32h7xx_hal_tim_ex.o(i.HAL_TIMEx_OnePulseN_Stop) refers to stm32h7xx_hal_tim_ex.o(i.TIM_CCxNChannelCmd) for TIM_CCxNChannelCmd
    stm32h7xx_hal_tim_ex.o(i.HAL_TIMEx_OnePulseN_Stop) refers to stm32h7xx_hal_tim.o(i.TIM_CCxChannelCmd) for TIM_CCxChannelCmd
    stm32h7xx_hal_tim_ex.o(i.HAL_TIMEx_OnePulseN_Stop_IT) refers to stm32h7xx_hal_tim_ex.o(i.TIM_CCxNChannelCmd) for TIM_CCxNChannelCmd
    stm32h7xx_hal_tim_ex.o(i.HAL_TIMEx_OnePulseN_Stop_IT) refers to stm32h7xx_hal_tim.o(i.TIM_CCxChannelCmd) for TIM_CCxChannelCmd
    stm32h7xx_hal_tim_ex.o(i.HAL_TIMEx_PWMN_Start) refers to stm32h7xx_hal_tim_ex.o(i.TIM_CCxNChannelCmd) for TIM_CCxNChannelCmd
    stm32h7xx_hal_tim_ex.o(i.HAL_TIMEx_PWMN_Start_DMA) refers to stm32h7xx_hal_dma.o(i.HAL_DMA_Start_IT) for HAL_DMA_Start_IT
    stm32h7xx_hal_tim_ex.o(i.HAL_TIMEx_PWMN_Start_DMA) refers to stm32h7xx_hal_tim_ex.o(i.TIM_CCxNChannelCmd) for TIM_CCxNChannelCmd
    stm32h7xx_hal_tim_ex.o(i.HAL_TIMEx_PWMN_Start_DMA) refers to stm32h7xx_hal_tim_ex.o(i.TIM_DMADelayPulseNCplt) for TIM_DMADelayPulseNCplt
    stm32h7xx_hal_tim_ex.o(i.HAL_TIMEx_PWMN_Start_DMA) refers to stm32h7xx_hal_tim.o(i.TIM_DMADelayPulseHalfCplt) for TIM_DMADelayPulseHalfCplt
    stm32h7xx_hal_tim_ex.o(i.HAL_TIMEx_PWMN_Start_DMA) refers to stm32h7xx_hal_tim_ex.o(i.TIM_DMAErrorCCxN) for TIM_DMAErrorCCxN
    stm32h7xx_hal_tim_ex.o(i.HAL_TIMEx_PWMN_Start_IT) refers to stm32h7xx_hal_tim_ex.o(i.TIM_CCxNChannelCmd) for TIM_CCxNChannelCmd
    stm32h7xx_hal_tim_ex.o(i.HAL_TIMEx_PWMN_Stop) refers to stm32h7xx_hal_tim_ex.o(i.TIM_CCxNChannelCmd) for TIM_CCxNChannelCmd
    stm32h7xx_hal_tim_ex.o(i.HAL_TIMEx_PWMN_Stop_DMA) refers to stm32h7xx_hal_dma.o(i.HAL_DMA_Abort_IT) for HAL_DMA_Abort_IT
    stm32h7xx_hal_tim_ex.o(i.HAL_TIMEx_PWMN_Stop_DMA) refers to stm32h7xx_hal_tim_ex.o(i.TIM_CCxNChannelCmd) for TIM_CCxNChannelCmd
    stm32h7xx_hal_tim_ex.o(i.HAL_TIMEx_PWMN_Stop_IT) refers to stm32h7xx_hal_tim_ex.o(i.TIM_CCxNChannelCmd) for TIM_CCxNChannelCmd
    stm32h7xx_hal_tim_ex.o(i.TIMEx_DMACommutationCplt) refers to stm32h7xx_hal_tim_ex.o(i.HAL_TIMEx_CommutCallback) for HAL_TIMEx_CommutCallback
    stm32h7xx_hal_tim_ex.o(i.TIMEx_DMACommutationHalfCplt) refers to stm32h7xx_hal_tim_ex.o(i.HAL_TIMEx_CommutHalfCpltCallback) for HAL_TIMEx_CommutHalfCpltCallback
    stm32h7xx_hal_tim_ex.o(i.TIM_DMADelayPulseNCplt) refers to stm32h7xx_hal_tim.o(i.HAL_TIM_PWM_PulseFinishedCallback) for HAL_TIM_PWM_PulseFinishedCallback
    stm32h7xx_hal_tim_ex.o(i.TIM_DMAErrorCCxN) refers to stm32h7xx_hal_tim.o(i.HAL_TIM_ErrorCallback) for HAL_TIM_ErrorCallback
    stm32h7xx_hal_uart.o(i.HAL_HalfDuplex_Init) refers to usart.o(i.HAL_UART_MspInit) for HAL_UART_MspInit
    stm32h7xx_hal_uart.o(i.HAL_HalfDuplex_Init) refers to stm32h7xx_hal_uart.o(i.UART_SetConfig) for UART_SetConfig
    stm32h7xx_hal_uart.o(i.HAL_HalfDuplex_Init) refers to stm32h7xx_hal_uart.o(i.UART_AdvFeatureConfig) for UART_AdvFeatureConfig
    stm32h7xx_hal_uart.o(i.HAL_HalfDuplex_Init) refers to stm32h7xx_hal_uart.o(i.UART_CheckIdleState) for UART_CheckIdleState
    stm32h7xx_hal_uart.o(i.HAL_LIN_Init) refers to usart.o(i.HAL_UART_MspInit) for HAL_UART_MspInit
    stm32h7xx_hal_uart.o(i.HAL_LIN_Init) refers to stm32h7xx_hal_uart.o(i.UART_SetConfig) for UART_SetConfig
    stm32h7xx_hal_uart.o(i.HAL_LIN_Init) refers to stm32h7xx_hal_uart.o(i.UART_AdvFeatureConfig) for UART_AdvFeatureConfig
    stm32h7xx_hal_uart.o(i.HAL_LIN_Init) refers to stm32h7xx_hal_uart.o(i.UART_CheckIdleState) for UART_CheckIdleState
    stm32h7xx_hal_uart.o(i.HAL_MultiProcessor_DisableMuteMode) refers to stm32h7xx_hal_uart.o(i.UART_CheckIdleState) for UART_CheckIdleState
    stm32h7xx_hal_uart.o(i.HAL_MultiProcessor_EnableMuteMode) refers to stm32h7xx_hal_uart.o(i.UART_CheckIdleState) for UART_CheckIdleState
    stm32h7xx_hal_uart.o(i.HAL_MultiProcessor_Init) refers to usart.o(i.HAL_UART_MspInit) for HAL_UART_MspInit
    stm32h7xx_hal_uart.o(i.HAL_MultiProcessor_Init) refers to stm32h7xx_hal_uart.o(i.UART_SetConfig) for UART_SetConfig
    stm32h7xx_hal_uart.o(i.HAL_MultiProcessor_Init) refers to stm32h7xx_hal_uart.o(i.UART_AdvFeatureConfig) for UART_AdvFeatureConfig
    stm32h7xx_hal_uart.o(i.HAL_MultiProcessor_Init) refers to stm32h7xx_hal_uart.o(i.UART_CheckIdleState) for UART_CheckIdleState
    stm32h7xx_hal_uart.o(i.HAL_UART_Abort) refers to stm32h7xx_hal_dma.o(i.HAL_DMA_Abort) for HAL_DMA_Abort
    stm32h7xx_hal_uart.o(i.HAL_UART_Abort) refers to stm32h7xx_hal_dma.o(i.HAL_DMA_GetError) for HAL_DMA_GetError
    stm32h7xx_hal_uart.o(i.HAL_UART_AbortReceive) refers to stm32h7xx_hal_dma.o(i.HAL_DMA_Abort) for HAL_DMA_Abort
    stm32h7xx_hal_uart.o(i.HAL_UART_AbortReceive) refers to stm32h7xx_hal_dma.o(i.HAL_DMA_GetError) for HAL_DMA_GetError
    stm32h7xx_hal_uart.o(i.HAL_UART_AbortReceive_IT) refers to stm32h7xx_hal_dma.o(i.HAL_DMA_Abort_IT) for HAL_DMA_Abort_IT
    stm32h7xx_hal_uart.o(i.HAL_UART_AbortReceive_IT) refers to stm32h7xx_hal_uart.o(i.HAL_UART_AbortReceiveCpltCallback) for HAL_UART_AbortReceiveCpltCallback
    stm32h7xx_hal_uart.o(i.HAL_UART_AbortReceive_IT) refers to stm32h7xx_hal_uart.o(i.UART_DMARxOnlyAbortCallback) for UART_DMARxOnlyAbortCallback
    stm32h7xx_hal_uart.o(i.HAL_UART_AbortTransmit) refers to stm32h7xx_hal_dma.o(i.HAL_DMA_Abort) for HAL_DMA_Abort
    stm32h7xx_hal_uart.o(i.HAL_UART_AbortTransmit) refers to stm32h7xx_hal_dma.o(i.HAL_DMA_GetError) for HAL_DMA_GetError
    stm32h7xx_hal_uart.o(i.HAL_UART_AbortTransmit_IT) refers to stm32h7xx_hal_dma.o(i.HAL_DMA_Abort_IT) for HAL_DMA_Abort_IT
    stm32h7xx_hal_uart.o(i.HAL_UART_AbortTransmit_IT) refers to stm32h7xx_hal_uart.o(i.HAL_UART_AbortTransmitCpltCallback) for HAL_UART_AbortTransmitCpltCallback
    stm32h7xx_hal_uart.o(i.HAL_UART_AbortTransmit_IT) refers to stm32h7xx_hal_uart.o(i.UART_DMATxOnlyAbortCallback) for UART_DMATxOnlyAbortCallback
    stm32h7xx_hal_uart.o(i.HAL_UART_Abort_IT) refers to stm32h7xx_hal_dma.o(i.HAL_DMA_Abort_IT) for HAL_DMA_Abort_IT
    stm32h7xx_hal_uart.o(i.HAL_UART_Abort_IT) refers to stm32h7xx_hal_uart.o(i.HAL_UART_AbortCpltCallback) for HAL_UART_AbortCpltCallback
    stm32h7xx_hal_uart.o(i.HAL_UART_Abort_IT) refers to stm32h7xx_hal_uart.o(i.UART_DMATxAbortCallback) for UART_DMATxAbortCallback
    stm32h7xx_hal_uart.o(i.HAL_UART_Abort_IT) refers to stm32h7xx_hal_uart.o(i.UART_DMARxAbortCallback) for UART_DMARxAbortCallback
    stm32h7xx_hal_uart.o(i.HAL_UART_DMAStop) refers to stm32h7xx_hal_dma.o(i.HAL_DMA_Abort) for HAL_DMA_Abort
    stm32h7xx_hal_uart.o(i.HAL_UART_DMAStop) refers to stm32h7xx_hal_dma.o(i.HAL_DMA_GetError) for HAL_DMA_GetError
    stm32h7xx_hal_uart.o(i.HAL_UART_DMAStop) refers to stm32h7xx_hal_uart.o(i.UART_EndTxTransfer) for UART_EndTxTransfer
    stm32h7xx_hal_uart.o(i.HAL_UART_DMAStop) refers to stm32h7xx_hal_uart.o(i.UART_EndRxTransfer) for UART_EndRxTransfer
    stm32h7xx_hal_uart.o(i.HAL_UART_DeInit) refers to usart.o(i.HAL_UART_MspDeInit) for HAL_UART_MspDeInit
    stm32h7xx_hal_uart.o(i.HAL_UART_IRQHandler) refers to stm32h7xx_hal_uart.o(i.UART_EndRxTransfer) for UART_EndRxTransfer
    stm32h7xx_hal_uart.o(i.HAL_UART_IRQHandler) refers to stm32h7xx_hal_dma.o(i.HAL_DMA_Abort_IT) for HAL_DMA_Abort_IT
    stm32h7xx_hal_uart.o(i.HAL_UART_IRQHandler) refers to stm32h7xx_hal_uart.o(i.HAL_UART_ErrorCallback) for HAL_UART_ErrorCallback
    stm32h7xx_hal_uart.o(i.HAL_UART_IRQHandler) refers to stm32h7xx_hal_uart_ex.o(i.HAL_UARTEx_WakeupCallback) for HAL_UARTEx_WakeupCallback
    stm32h7xx_hal_uart.o(i.HAL_UART_IRQHandler) refers to stm32h7xx_hal_uart.o(i.HAL_UART_TxCpltCallback) for HAL_UART_TxCpltCallback
    stm32h7xx_hal_uart.o(i.HAL_UART_IRQHandler) refers to stm32h7xx_hal_uart_ex.o(i.HAL_UARTEx_TxFifoEmptyCallback) for HAL_UARTEx_TxFifoEmptyCallback
    stm32h7xx_hal_uart.o(i.HAL_UART_IRQHandler) refers to stm32h7xx_hal_uart_ex.o(i.HAL_UARTEx_RxFifoFullCallback) for HAL_UARTEx_RxFifoFullCallback
    stm32h7xx_hal_uart.o(i.HAL_UART_IRQHandler) refers to stm32h7xx_hal_uart.o(i.UART_DMAAbortOnError) for UART_DMAAbortOnError
    stm32h7xx_hal_uart.o(i.HAL_UART_Init) refers to usart.o(i.HAL_UART_MspInit) for HAL_UART_MspInit
    stm32h7xx_hal_uart.o(i.HAL_UART_Init) refers to stm32h7xx_hal_uart.o(i.UART_SetConfig) for UART_SetConfig
    stm32h7xx_hal_uart.o(i.HAL_UART_Init) refers to stm32h7xx_hal_uart.o(i.UART_AdvFeatureConfig) for UART_AdvFeatureConfig
    stm32h7xx_hal_uart.o(i.HAL_UART_Init) refers to stm32h7xx_hal_uart.o(i.UART_CheckIdleState) for UART_CheckIdleState
    stm32h7xx_hal_uart.o(i.HAL_UART_Receive) refers to stm32h7xx_hal.o(i.HAL_GetTick) for HAL_GetTick
    stm32h7xx_hal_uart.o(i.HAL_UART_Receive) refers to stm32h7xx_hal_uart.o(i.UART_WaitOnFlagUntilTimeout) for UART_WaitOnFlagUntilTimeout
    stm32h7xx_hal_uart.o(i.HAL_UART_Receive_DMA) refers to stm32h7xx_hal_dma.o(i.HAL_DMA_Start_IT) for HAL_DMA_Start_IT
    stm32h7xx_hal_uart.o(i.HAL_UART_Receive_DMA) refers to stm32h7xx_hal_uart.o(i.UART_DMAReceiveCplt) for UART_DMAReceiveCplt
    stm32h7xx_hal_uart.o(i.HAL_UART_Receive_DMA) refers to stm32h7xx_hal_uart.o(i.UART_DMARxHalfCplt) for UART_DMARxHalfCplt
    stm32h7xx_hal_uart.o(i.HAL_UART_Receive_DMA) refers to stm32h7xx_hal_uart.o(i.UART_DMAError) for UART_DMAError
    stm32h7xx_hal_uart.o(i.HAL_UART_Receive_IT) refers to stm32h7xx_hal_uart.o(i.UART_RxISR_8BIT_FIFOEN) for UART_RxISR_8BIT_FIFOEN
    stm32h7xx_hal_uart.o(i.HAL_UART_Receive_IT) refers to stm32h7xx_hal_uart.o(i.UART_RxISR_16BIT_FIFOEN) for UART_RxISR_16BIT_FIFOEN
    stm32h7xx_hal_uart.o(i.HAL_UART_Receive_IT) refers to stm32h7xx_hal_uart.o(i.UART_RxISR_8BIT) for UART_RxISR_8BIT
    stm32h7xx_hal_uart.o(i.HAL_UART_Receive_IT) refers to stm32h7xx_hal_uart.o(i.UART_RxISR_16BIT) for UART_RxISR_16BIT
    stm32h7xx_hal_uart.o(i.HAL_UART_Transmit) refers to stm32h7xx_hal.o(i.HAL_GetTick) for HAL_GetTick
    stm32h7xx_hal_uart.o(i.HAL_UART_Transmit) refers to stm32h7xx_hal_uart.o(i.UART_WaitOnFlagUntilTimeout) for UART_WaitOnFlagUntilTimeout
    stm32h7xx_hal_uart.o(i.HAL_UART_Transmit_DMA) refers to stm32h7xx_hal_dma.o(i.HAL_DMA_Start_IT) for HAL_DMA_Start_IT
    stm32h7xx_hal_uart.o(i.HAL_UART_Transmit_DMA) refers to stm32h7xx_hal_uart.o(i.UART_DMATransmitCplt) for UART_DMATransmitCplt
    stm32h7xx_hal_uart.o(i.HAL_UART_Transmit_DMA) refers to stm32h7xx_hal_uart.o(i.UART_DMATxHalfCplt) for UART_DMATxHalfCplt
    stm32h7xx_hal_uart.o(i.HAL_UART_Transmit_DMA) refers to stm32h7xx_hal_uart.o(i.UART_DMAError) for UART_DMAError
    stm32h7xx_hal_uart.o(i.HAL_UART_Transmit_IT) refers to stm32h7xx_hal_uart.o(i.UART_TxISR_8BIT) for UART_TxISR_8BIT
    stm32h7xx_hal_uart.o(i.HAL_UART_Transmit_IT) refers to stm32h7xx_hal_uart.o(i.UART_TxISR_8BIT_FIFOEN) for UART_TxISR_8BIT_FIFOEN
    stm32h7xx_hal_uart.o(i.HAL_UART_Transmit_IT) refers to stm32h7xx_hal_uart.o(i.UART_TxISR_16BIT_FIFOEN) for UART_TxISR_16BIT_FIFOEN
    stm32h7xx_hal_uart.o(i.HAL_UART_Transmit_IT) refers to stm32h7xx_hal_uart.o(i.UART_TxISR_16BIT) for UART_TxISR_16BIT
    stm32h7xx_hal_uart.o(i.UART_CheckIdleState) refers to stm32h7xx_hal.o(i.HAL_GetTick) for HAL_GetTick
    stm32h7xx_hal_uart.o(i.UART_CheckIdleState) refers to stm32h7xx_hal_uart.o(i.UART_WaitOnFlagUntilTimeout) for UART_WaitOnFlagUntilTimeout
    stm32h7xx_hal_uart.o(i.UART_DMAAbortOnError) refers to stm32h7xx_hal_uart.o(i.HAL_UART_ErrorCallback) for HAL_UART_ErrorCallback
    stm32h7xx_hal_uart.o(i.UART_DMAError) refers to stm32h7xx_hal_uart.o(i.UART_EndTxTransfer) for UART_EndTxTransfer
    stm32h7xx_hal_uart.o(i.UART_DMAError) refers to stm32h7xx_hal_uart.o(i.UART_EndRxTransfer) for UART_EndRxTransfer
    stm32h7xx_hal_uart.o(i.UART_DMAError) refers to stm32h7xx_hal_uart.o(i.HAL_UART_ErrorCallback) for HAL_UART_ErrorCallback
    stm32h7xx_hal_uart.o(i.UART_DMAReceiveCplt) refers to usart.o(i.HAL_UART_RxCpltCallback) for HAL_UART_RxCpltCallback
    stm32h7xx_hal_uart.o(i.UART_DMARxAbortCallback) refers to stm32h7xx_hal_uart.o(i.HAL_UART_AbortCpltCallback) for HAL_UART_AbortCpltCallback
    stm32h7xx_hal_uart.o(i.UART_DMARxHalfCplt) refers to stm32h7xx_hal_uart.o(i.HAL_UART_RxHalfCpltCallback) for HAL_UART_RxHalfCpltCallback
    stm32h7xx_hal_uart.o(i.UART_DMARxOnlyAbortCallback) refers to stm32h7xx_hal_uart.o(i.HAL_UART_AbortReceiveCpltCallback) for HAL_UART_AbortReceiveCpltCallback
    stm32h7xx_hal_uart.o(i.UART_DMATransmitCplt) refers to stm32h7xx_hal_uart.o(i.HAL_UART_TxCpltCallback) for HAL_UART_TxCpltCallback
    stm32h7xx_hal_uart.o(i.UART_DMATxAbortCallback) refers to stm32h7xx_hal_uart.o(i.HAL_UART_AbortCpltCallback) for HAL_UART_AbortCpltCallback
    stm32h7xx_hal_uart.o(i.UART_DMATxHalfCplt) refers to stm32h7xx_hal_uart.o(i.HAL_UART_TxHalfCpltCallback) for HAL_UART_TxHalfCpltCallback
    stm32h7xx_hal_uart.o(i.UART_DMATxOnlyAbortCallback) refers to stm32h7xx_hal_uart.o(i.HAL_UART_AbortTransmitCpltCallback) for HAL_UART_AbortTransmitCpltCallback
    stm32h7xx_hal_uart.o(i.UART_RxISR_16BIT) refers to usart.o(i.HAL_UART_RxCpltCallback) for HAL_UART_RxCpltCallback
    stm32h7xx_hal_uart.o(i.UART_RxISR_16BIT_FIFOEN) refers to usart.o(i.HAL_UART_RxCpltCallback) for HAL_UART_RxCpltCallback
    stm32h7xx_hal_uart.o(i.UART_RxISR_16BIT_FIFOEN) refers to stm32h7xx_hal_uart.o(i.UART_RxISR_16BIT) for UART_RxISR_16BIT
    stm32h7xx_hal_uart.o(i.UART_RxISR_8BIT) refers to usart.o(i.HAL_UART_RxCpltCallback) for HAL_UART_RxCpltCallback
    stm32h7xx_hal_uart.o(i.UART_RxISR_8BIT_FIFOEN) refers to usart.o(i.HAL_UART_RxCpltCallback) for HAL_UART_RxCpltCallback
    stm32h7xx_hal_uart.o(i.UART_RxISR_8BIT_FIFOEN) refers to stm32h7xx_hal_uart.o(i.UART_RxISR_8BIT) for UART_RxISR_8BIT
    stm32h7xx_hal_uart.o(i.UART_SetConfig) refers to stm32h7xx_hal_rcc_ex.o(i.HAL_RCCEx_GetD3PCLK1Freq) for HAL_RCCEx_GetD3PCLK1Freq
    stm32h7xx_hal_uart.o(i.UART_SetConfig) refers to stm32h7xx_hal_rcc_ex.o(i.HAL_RCCEx_GetPLL2ClockFreq) for HAL_RCCEx_GetPLL2ClockFreq
    stm32h7xx_hal_uart.o(i.UART_SetConfig) refers to stm32h7xx_hal_rcc_ex.o(i.HAL_RCCEx_GetPLL3ClockFreq) for HAL_RCCEx_GetPLL3ClockFreq
    stm32h7xx_hal_uart.o(i.UART_SetConfig) refers to lludivv7m.o(.text) for __aeabi_uldivmod
    stm32h7xx_hal_uart.o(i.UART_SetConfig) refers to stm32h7xx_hal_rcc.o(i.HAL_RCC_GetPCLK1Freq) for HAL_RCC_GetPCLK1Freq
    stm32h7xx_hal_uart.o(i.UART_SetConfig) refers to stm32h7xx_hal_rcc.o(i.HAL_RCC_GetPCLK2Freq) for HAL_RCC_GetPCLK2Freq
    stm32h7xx_hal_uart.o(i.UART_SetConfig) refers to stm32h7xx_hal_uart.o(.constdata) for .constdata
    stm32h7xx_hal_uart.o(i.UART_WaitOnFlagUntilTimeout) refers to stm32h7xx_hal.o(i.HAL_GetTick) for HAL_GetTick
    stm32h7xx_hal_uart_ex.o(i.HAL_MultiProcessorEx_AddressLength_Set) refers to stm32h7xx_hal_uart.o(i.UART_CheckIdleState) for UART_CheckIdleState
    stm32h7xx_hal_uart_ex.o(i.HAL_RS485Ex_Init) refers to usart.o(i.HAL_UART_MspInit) for HAL_UART_MspInit
    stm32h7xx_hal_uart_ex.o(i.HAL_RS485Ex_Init) refers to stm32h7xx_hal_uart.o(i.UART_SetConfig) for UART_SetConfig
    stm32h7xx_hal_uart_ex.o(i.HAL_RS485Ex_Init) refers to stm32h7xx_hal_uart.o(i.UART_AdvFeatureConfig) for UART_AdvFeatureConfig
    stm32h7xx_hal_uart_ex.o(i.HAL_RS485Ex_Init) refers to stm32h7xx_hal_uart.o(i.UART_CheckIdleState) for UART_CheckIdleState
    stm32h7xx_hal_uart_ex.o(i.HAL_UARTEx_EnableFifoMode) refers to stm32h7xx_hal_uart_ex.o(i.UARTEx_SetNbDataToProcess) for UARTEx_SetNbDataToProcess
    stm32h7xx_hal_uart_ex.o(i.HAL_UARTEx_SetRxFifoThreshold) refers to stm32h7xx_hal_uart_ex.o(i.UARTEx_SetNbDataToProcess) for UARTEx_SetNbDataToProcess
    stm32h7xx_hal_uart_ex.o(i.HAL_UARTEx_SetTxFifoThreshold) refers to stm32h7xx_hal_uart_ex.o(i.UARTEx_SetNbDataToProcess) for UARTEx_SetNbDataToProcess
    stm32h7xx_hal_uart_ex.o(i.HAL_UARTEx_StopModeWakeUpSourceConfig) refers to stm32h7xx_hal.o(i.HAL_GetTick) for HAL_GetTick
    stm32h7xx_hal_uart_ex.o(i.HAL_UARTEx_StopModeWakeUpSourceConfig) refers to stm32h7xx_hal_uart.o(i.UART_WaitOnFlagUntilTimeout) for UART_WaitOnFlagUntilTimeout
    system_stm32h7xx.o(i.SystemCoreClockUpdate) refers to system_stm32h7xx.o(.constdata) for .constdata
    system_stm32h7xx.o(i.SystemCoreClockUpdate) refers to system_stm32h7xx.o(.data) for .data
    __main.o(!!!main) refers to __rtentry.o(.ARM.Collect$$rtentry$$00000000) for __rt_entry
    __rtentry.o(.ARM.Collect$$rtentry$$00000000) refers (Special) to __rtentry2.o(.ARM.Collect$$rtentry$$0000000A) for __rt_entry_li
    __rtentry.o(.ARM.Collect$$rtentry$$00000000) refers (Special) to __rtentry2.o(.ARM.Collect$$rtentry$$0000000D) for __rt_entry_main
    __rtentry.o(.ARM.Collect$$rtentry$$00000000) refers (Special) to __rtentry2.o(.ARM.Collect$$rtentry$$0000000C) for __rt_entry_postli_1
    __rtentry.o(.ARM.Collect$$rtentry$$00000000) refers (Special) to __rtentry2.o(.ARM.Collect$$rtentry$$00000009) for __rt_entry_postsh_1
    __rtentry.o(.ARM.Collect$$rtentry$$00000000) refers (Special) to __rtentry2.o(.ARM.Collect$$rtentry$$00000002) for __rt_entry_presh_1
    __rtentry.o(.ARM.Collect$$rtentry$$00000000) refers (Special) to __rtentry4.o(.ARM.Collect$$rtentry$$00000004) for __rt_entry_sh
    aeabi_ldiv0_sigfpe.o(.text) refers to rt_div0.o(.text) for __rt_div0
    __rtentry2.o(.ARM.Collect$$rtentry$$00000008) refers to boardinit2.o(.text) for _platform_post_stackheap_init
    __rtentry2.o(.ARM.Collect$$rtentry$$0000000A) refers to libinit.o(.ARM.Collect$$libinit$$00000000) for __rt_lib_init
    __rtentry2.o(.ARM.Collect$$rtentry$$0000000B) refers to boardinit3.o(.text) for _platform_post_lib_init
    __rtentry2.o(.ARM.Collect$$rtentry$$0000000D) refers to main.o(i.main) for main
    __rtentry2.o(.ARM.Collect$$rtentry$$0000000D) refers to exit.o(.text) for exit
    __rtentry2.o(.ARM.exidx) refers to __rtentry2.o(.ARM.Collect$$rtentry$$00000001) for .ARM.Collect$$rtentry$$00000001
    __rtentry2.o(.ARM.exidx) refers to __rtentry2.o(.ARM.Collect$$rtentry$$00000008) for .ARM.Collect$$rtentry$$00000008
    __rtentry2.o(.ARM.exidx) refers to __rtentry2.o(.ARM.Collect$$rtentry$$0000000A) for .ARM.Collect$$rtentry$$0000000A
    __rtentry2.o(.ARM.exidx) refers to __rtentry2.o(.ARM.Collect$$rtentry$$0000000B) for .ARM.Collect$$rtentry$$0000000B
    __rtentry2.o(.ARM.exidx) refers to __rtentry2.o(.ARM.Collect$$rtentry$$0000000D) for .ARM.Collect$$rtentry$$0000000D
    __rtentry4.o(.ARM.Collect$$rtentry$$00000004) refers to sys_stackheap_outer.o(.text) for __user_setup_stackheap
    __rtentry4.o(.ARM.exidx) refers to __rtentry4.o(.ARM.Collect$$rtentry$$00000004) for .ARM.Collect$$rtentry$$00000004
    rt_div0.o(.text) refers to defsig_fpe_outer.o(.text) for __rt_SIGFPE
    sys_stackheap_outer.o(.text) refers to libspace.o(.text) for __user_perproc_libspace
    sys_stackheap_outer.o(.text) refers to startup_stm32h733xx.o(.text) for __user_initial_stackheap
    exit.o(.text) refers to rtexit.o(.ARM.Collect$$rtexit$$00000000) for __rt_exit
    defsig_fpe_outer.o(.text) refers to defsig_fpe_inner.o(.text) for __rt_SIGFPE_inner
    defsig_fpe_outer.o(.text) refers to defsig_exit.o(.text) for __sig_exit
    defsig_fpe_formal.o(.text) refers to rt_raise.o(.text) for __rt_raise
    libinit.o(.ARM.Collect$$libinit$$00000000) refers (Special) to libinit2.o(.ARM.Collect$$libinit$$0000002E) for __rt_lib_init_alloca_1
    libinit.o(.ARM.Collect$$libinit$$00000000) refers (Special) to libinit2.o(.ARM.Collect$$libinit$$0000002C) for __rt_lib_init_argv_1
    libinit.o(.ARM.Collect$$libinit$$00000000) refers (Special) to libinit2.o(.ARM.Collect$$libinit$$0000001B) for __rt_lib_init_atexit_1
    libinit.o(.ARM.Collect$$libinit$$00000000) refers (Special) to libinit2.o(.ARM.Collect$$libinit$$00000021) for __rt_lib_init_clock_1
    libinit.o(.ARM.Collect$$libinit$$00000000) refers (Special) to libinit2.o(.ARM.Collect$$libinit$$00000032) for __rt_lib_init_cpp_1
    libinit.o(.ARM.Collect$$libinit$$00000000) refers (Special) to libinit2.o(.ARM.Collect$$libinit$$00000030) for __rt_lib_init_exceptions_1
    libinit.o(.ARM.Collect$$libinit$$00000000) refers (Special) to libinit2.o(.ARM.Collect$$libinit$$00000001) for __rt_lib_init_fp_1
    libinit.o(.ARM.Collect$$libinit$$00000000) refers (Special) to libinit2.o(.ARM.Collect$$libinit$$0000001F) for __rt_lib_init_fp_trap_1
    libinit.o(.ARM.Collect$$libinit$$00000000) refers (Special) to libinit2.o(.ARM.Collect$$libinit$$00000023) for __rt_lib_init_getenv_1
    libinit.o(.ARM.Collect$$libinit$$00000000) refers (Special) to libinit2.o(.ARM.Collect$$libinit$$0000000A) for __rt_lib_init_heap_1
    libinit.o(.ARM.Collect$$libinit$$00000000) refers (Special) to libinit2.o(.ARM.Collect$$libinit$$00000011) for __rt_lib_init_lc_collate_1
    libinit.o(.ARM.Collect$$libinit$$00000000) refers (Special) to libinit2.o(.ARM.Collect$$libinit$$00000013) for __rt_lib_init_lc_ctype_1
    libinit.o(.ARM.Collect$$libinit$$00000000) refers (Special) to libinit2.o(.ARM.Collect$$libinit$$00000015) for __rt_lib_init_lc_monetary_1
    libinit.o(.ARM.Collect$$libinit$$00000000) refers (Special) to libinit2.o(.ARM.Collect$$libinit$$00000017) for __rt_lib_init_lc_numeric_1
    libinit.o(.ARM.Collect$$libinit$$00000000) refers (Special) to libinit2.o(.ARM.Collect$$libinit$$00000019) for __rt_lib_init_lc_time_1
    libinit.o(.ARM.Collect$$libinit$$00000000) refers (Special) to libinit2.o(.ARM.Collect$$libinit$$00000004) for __rt_lib_init_preinit_1
    libinit.o(.ARM.Collect$$libinit$$00000000) refers (Special) to libinit2.o(.ARM.Collect$$libinit$$0000000E) for __rt_lib_init_rand_1
    libinit.o(.ARM.Collect$$libinit$$00000000) refers (Special) to libinit2.o(.ARM.Collect$$libinit$$00000033) for __rt_lib_init_return
    libinit.o(.ARM.Collect$$libinit$$00000000) refers (Special) to libinit2.o(.ARM.Collect$$libinit$$0000001D) for __rt_lib_init_signal_1
    libinit.o(.ARM.Collect$$libinit$$00000000) refers (Special) to libinit2.o(.ARM.Collect$$libinit$$00000025) for __rt_lib_init_stdio_1
    libinit.o(.ARM.Collect$$libinit$$00000000) refers (Special) to libinit2.o(.ARM.Collect$$libinit$$0000000C) for __rt_lib_init_user_alloc_1
    libspace.o(.text) refers to libspace.o(.bss) for __libspace_start
    rtexit.o(.ARM.Collect$$rtexit$$00000000) refers (Special) to rtexit2.o(.ARM.Collect$$rtexit$$00000004) for __rt_exit_exit
    rtexit.o(.ARM.Collect$$rtexit$$00000000) refers (Special) to rtexit2.o(.ARM.Collect$$rtexit$$00000003) for __rt_exit_ls
    rtexit.o(.ARM.Collect$$rtexit$$00000000) refers (Special) to rtexit2.o(.ARM.Collect$$rtexit$$00000002) for __rt_exit_prels_1
    rtexit.o(.ARM.exidx) refers (Special) to rtexit2.o(.ARM.Collect$$rtexit$$00000004) for __rt_exit_exit
    rtexit.o(.ARM.exidx) refers (Special) to rtexit2.o(.ARM.Collect$$rtexit$$00000003) for __rt_exit_ls
    rtexit.o(.ARM.exidx) refers (Special) to rtexit2.o(.ARM.Collect$$rtexit$$00000002) for __rt_exit_prels_1
    rtexit.o(.ARM.exidx) refers to rtexit.o(.ARM.Collect$$rtexit$$00000000) for .ARM.Collect$$rtexit$$00000000
    rt_raise.o(.text) refers to __raise.o(.text) for __raise
    rt_raise.o(.text) refers to sys_exit.o(.text) for _sys_exit
    defsig_exit.o(.text) refers to sys_exit.o(.text) for _sys_exit
    defsig_fpe_inner.o(.text) refers to defsig_general.o(.text) for __default_signal_display
    libinit2.o(.ARM.Collect$$libinit$$00000001) refers to fpinit.o(x$fpl$fpinit) for _fp_init
    libinit2.o(.ARM.Collect$$libinit$$00000010) refers to libinit2.o(.ARM.Collect$$libinit$$0000000F) for .ARM.Collect$$libinit$$0000000F
    libinit2.o(.ARM.Collect$$libinit$$00000012) refers to libinit2.o(.ARM.Collect$$libinit$$0000000F) for .ARM.Collect$$libinit$$0000000F
    libinit2.o(.ARM.Collect$$libinit$$00000014) refers to libinit2.o(.ARM.Collect$$libinit$$0000000F) for .ARM.Collect$$libinit$$0000000F
    libinit2.o(.ARM.Collect$$libinit$$00000016) refers to libinit2.o(.ARM.Collect$$libinit$$0000000F) for .ARM.Collect$$libinit$$0000000F
    libinit2.o(.ARM.Collect$$libinit$$00000018) refers to libinit2.o(.ARM.Collect$$libinit$$0000000F) for .ARM.Collect$$libinit$$0000000F
    libinit2.o(.ARM.Collect$$libinit$$00000026) refers to argv_veneer.o(.emb_text) for __ARM_argv_veneer
    libinit2.o(.ARM.Collect$$libinit$$00000027) refers to argv_veneer.o(.emb_text) for __ARM_argv_veneer
    sys_exit.o(.text) refers (Special) to use_no_semi.o(.text) for __I$use$semihosting
    sys_exit.o(.text) refers (Special) to indicate_semi.o(.text) for __semihosting_library_function
    rtexit2.o(.ARM.Collect$$rtexit$$00000003) refers to libshutdown.o(.ARM.Collect$$libshutdown$$00000000) for __rt_lib_shutdown
    rtexit2.o(.ARM.Collect$$rtexit$$00000004) refers to sys_exit.o(.text) for _sys_exit
    rtexit2.o(.ARM.exidx) refers to rtexit2.o(.ARM.Collect$$rtexit$$00000001) for .ARM.Collect$$rtexit$$00000001
    rtexit2.o(.ARM.exidx) refers to rtexit2.o(.ARM.Collect$$rtexit$$00000003) for .ARM.Collect$$rtexit$$00000003
    rtexit2.o(.ARM.exidx) refers to rtexit2.o(.ARM.Collect$$rtexit$$00000004) for .ARM.Collect$$rtexit$$00000004
    __raise.o(.text) refers to defsig.o(CL$$defsig) for __default_signal_handler
    defsig_general.o(.text) refers to sys_wrch.o(.text) for _ttywrch
    argv_veneer.o(.emb_text) refers to no_argv.o(.text) for __ARM_get_argv
    sys_wrch.o(.text) refers (Special) to use_no_semi.o(.text) for __I$use$semihosting
    sys_wrch.o(.text) refers (Special) to indicate_semi.o(.text) for __semihosting_library_function
    defsig.o(CL$$defsig) refers to defsig_fpe_inner.o(.text) for __rt_SIGFPE_inner
    defsig.o(CL$$defsig) refers to defsig_rtmem_inner.o(.text) for __rt_SIGRTMEM_inner
    _get_argv_nomalloc.o(.text) refers (Special) to hrguard.o(.text) for __heap_region$guard
    _get_argv_nomalloc.o(.text) refers to defsig_rtmem_outer.o(.text) for __rt_SIGRTMEM
    _get_argv_nomalloc.o(.text) refers to sys_command.o(.text) for _sys_command_string
    libshutdown.o(.ARM.Collect$$libshutdown$$00000000) refers (Special) to libshutdown2.o(.ARM.Collect$$libshutdown$$00000002) for __rt_lib_shutdown_cpp_1
    libshutdown.o(.ARM.Collect$$libshutdown$$00000000) refers (Special) to libshutdown2.o(.ARM.Collect$$libshutdown$$00000007) for __rt_lib_shutdown_fp_trap_1
    libshutdown.o(.ARM.Collect$$libshutdown$$00000000) refers (Special) to libshutdown2.o(.ARM.Collect$$libshutdown$$0000000F) for __rt_lib_shutdown_heap_1
    libshutdown.o(.ARM.Collect$$libshutdown$$00000000) refers (Special) to libshutdown2.o(.ARM.Collect$$libshutdown$$00000010) for __rt_lib_shutdown_return
    libshutdown.o(.ARM.Collect$$libshutdown$$00000000) refers (Special) to libshutdown2.o(.ARM.Collect$$libshutdown$$0000000A) for __rt_lib_shutdown_signal_1
    libshutdown.o(.ARM.Collect$$libshutdown$$00000000) refers (Special) to libshutdown2.o(.ARM.Collect$$libshutdown$$00000004) for __rt_lib_shutdown_stdio_1
    libshutdown.o(.ARM.Collect$$libshutdown$$00000000) refers (Special) to libshutdown2.o(.ARM.Collect$$libshutdown$$0000000C) for __rt_lib_shutdown_user_alloc_1
    sys_command.o(.text) refers (Special) to use_no_semi.o(.text) for __I$use$semihosting
    sys_command.o(.text) refers (Special) to indicate_semi.o(.text) for __semihosting_library_function
    defsig_abrt_inner.o(.text) refers to defsig_general.o(.text) for __default_signal_display
    defsig_rtred_inner.o(.text) refers to defsig_general.o(.text) for __default_signal_display
    defsig_rtmem_inner.o(.text) refers to defsig_general.o(.text) for __default_signal_display
    defsig_rtmem_outer.o(.text) refers to defsig_rtmem_inner.o(.text) for __rt_SIGRTMEM_inner
    defsig_rtmem_outer.o(.text) refers to defsig_exit.o(.text) for __sig_exit
    defsig_rtmem_formal.o(.text) refers to rt_raise.o(.text) for __rt_raise
    defsig_stak_inner.o(.text) refers to defsig_general.o(.text) for __default_signal_display
    defsig_pvfn_inner.o(.text) refers to defsig_general.o(.text) for __default_signal_display
    defsig_cppl_inner.o(.text) refers to defsig_general.o(.text) for __default_signal_display
    defsig_segv_inner.o(.text) refers to defsig_general.o(.text) for __default_signal_display
    defsig_other.o(.text) refers to defsig_general.o(.text) for __default_signal_display

