Component: ARM Compiler 5.06 update 6 (build 750) Tool: armlink [4d35ed]

==============================================================================

Section Cross References

    startup_stm32h733xx.o(STACK) refers (Special) to heapauxi.o(.text) for __use_two_region_memory
    startup_stm32h733xx.o(HEAP) refers (Special) to heapauxi.o(.text) for __use_two_region_memory
    startup_stm32h733xx.o(RESET) refers (Special) to heapauxi.o(.text) for __use_two_region_memory
    startup_stm32h733xx.o(RESET) refers to startup_stm32h733xx.o(STACK) for __initial_sp
    startup_stm32h733xx.o(RESET) refers to startup_stm32h733xx.o(.text) for Reset_Handler
    startup_stm32h733xx.o(RESET) refers to stm32h7xx_it.o(i.NMI_Handler) for NMI_Handler
    startup_stm32h733xx.o(RESET) refers to stm32h7xx_it.o(i.HardFault_Handler) for HardFault_Handler
    startup_stm32h733xx.o(RESET) refers to stm32h7xx_it.o(i.MemManage_Handler) for MemManage_Handler
    startup_stm32h733xx.o(RESET) refers to stm32h7xx_it.o(i.BusFault_Handler) for BusFault_Handler
    startup_stm32h733xx.o(RESET) refers to stm32h7xx_it.o(i.UsageFault_Handler) for UsageFault_Handler
    startup_stm32h733xx.o(RESET) refers to stm32h7xx_it.o(i.SVC_Handler) for SVC_Handler
    startup_stm32h733xx.o(RESET) refers to stm32h7xx_it.o(i.DebugMon_Handler) for DebugMon_Handler
    startup_stm32h733xx.o(RESET) refers to stm32h7xx_it.o(i.PendSV_Handler) for PendSV_Handler
    startup_stm32h733xx.o(RESET) refers to stm32h7xx_it.o(i.SysTick_Handler) for SysTick_Handler
    startup_stm32h733xx.o(RESET) refers to stm32h7xx_it.o(i.FDCAN1_IT0_IRQHandler) for FDCAN1_IT0_IRQHandler
    startup_stm32h733xx.o(RESET) refers to stm32h7xx_it.o(i.TIM1_BRK_IRQHandler) for TIM1_BRK_IRQHandler
    startup_stm32h733xx.o(RESET) refers to stm32h7xx_it.o(i.TIM1_UP_IRQHandler) for TIM1_UP_IRQHandler
    startup_stm32h733xx.o(RESET) refers to stm32h7xx_it.o(i.TIM2_IRQHandler) for TIM2_IRQHandler
    startup_stm32h733xx.o(RESET) refers to stm32h7xx_it.o(i.TIM3_IRQHandler) for TIM3_IRQHandler
    startup_stm32h733xx.o(RESET) refers to stm32h7xx_it.o(i.USART3_IRQHandler) for USART3_IRQHandler
    startup_stm32h733xx.o(RESET) refers to stm32h7xx_it.o(i.TIM8_UP_TIM13_IRQHandler) for TIM8_UP_TIM13_IRQHandler
    startup_stm32h733xx.o(RESET) refers to stm32h7xx_it.o(i.USART10_IRQHandler) for USART10_IRQHandler
    startup_stm32h733xx.o(.text) refers (Special) to heapauxi.o(.text) for __use_two_region_memory
    startup_stm32h733xx.o(.text) refers to system_stm32h7xx.o(i.SystemInit) for SystemInit
    startup_stm32h733xx.o(.text) refers to __main.o(!!!main) for __main
    startup_stm32h733xx.o(.text) refers to startup_stm32h733xx.o(HEAP) for Heap_Mem
    startup_stm32h733xx.o(.text) refers to startup_stm32h733xx.o(STACK) for Stack_Mem
    type.o(.data) refers to type.o(.bss) for DataToBeSent
    cxpi_driver.o(i.CXPI_Goto_Idle) refers to type.o(.data) for RxByteCount
    cxpi_driver.o(i.CXPI_Goto_Idle) refers to type.o(.data) for CXPIState
    cxpi_driver.o(i.CXPI_Goto_Idle) refers to type.o(.bss) for DataToBeSent
    cxpi_driver.o(i.CXPI_Goto_Idle) refers to type.o(.data) for DataPointer
    cxpi_driver.o(i.CXPI_State) refers to stm32h7xx_hal_uart.o(i.HAL_UART_Transmit) for HAL_UART_Transmit
    cxpi_driver.o(i.CXPI_State) refers to cxpi_driver.o(i.CXPI_Goto_Idle) for CXPI_Goto_Idle
    cxpi_driver.o(i.CXPI_State) refers to type.o(.data) for CXPIState
    cxpi_driver.o(i.CXPI_State) refers to type.o(.data) for DataPointer
    cxpi_driver.o(i.CXPI_State) refers to type.o(.data) for Framelength
    cxpi_driver.o(i.CXPI_State) refers to type.o(.bss) for DataToBeSent
    cxpi_driver.o(i.CXPI_State) refers to type.o(.data) for PTYPEfield
    cxpi_driver.o(i.CXPI_State) refers to usart.o(.bss) for huart10
    cxpi_driver.o(i.CXPI_State) refers to type.o(.data) for event
    cxpi_driver.o(i.CXPI_State) refers to type.o(.data) for TxBuffer
    cxpi_driver.o(i.CXPI_State) refers to type.o(.data) for EventData
    cxpi_driver.o(i.CXPI_State) refers to type.o(.data) for CDFcount
    cxpi_driver.o(i.CXPI_State) refers to type.o(.data) for PID
    cxpi_driver.o(i.CXPI_State) refers to type.o(.constdata) for CDFmax
    cxpi_driver.o(i.CXPI_State) refers to type.o(.data) for CDFData
    cxpi_driver.o(i.CXPI_State) refers to type.o(.data) for RxByteCount
    main.o(i.SystemClock_Config) refers to rt_memclr_w.o(.text) for __aeabi_memclr4
    main.o(i.SystemClock_Config) refers to stm32h7xx_hal_pwr_ex.o(i.HAL_PWREx_ConfigSupply) for HAL_PWREx_ConfigSupply
    main.o(i.SystemClock_Config) refers to stm32h7xx_hal_rcc.o(i.HAL_RCC_OscConfig) for HAL_RCC_OscConfig
    main.o(i.SystemClock_Config) refers to stm32h7xx_hal_rcc.o(i.HAL_RCC_ClockConfig) for HAL_RCC_ClockConfig
    main.o(i.SystemClock_Config) refers to stm32h7xx_hal_rcc_ex.o(i.HAL_RCCEx_PeriphCLKConfig) for HAL_RCCEx_PeriphCLKConfig
    main.o(i.main) refers to stm32h7xx_hal.o(i.HAL_Init) for HAL_Init
[...]
    .ARM.Collect$$libinit$$00000013          0x08000346   Section        0  libinit2.o(.ARM.Collect$$libinit$$00000013)
    .ARM.Collect$$libinit$$00000015          0x08000346   Section        0  libinit2.o(.ARM.Collect$$libinit$$00000015)
    .ARM.Collect$$libinit$$00000017          0x08000346   Section        0  libinit2.o(.ARM.Collect$$libinit$$00000017)
    .ARM.Collect$$libinit$$00000019          0x08000346   Section        0  libinit2.o(.ARM.Collect$$libinit$$00000019)
    .ARM.Collect$$libinit$$0000001B          0x08000346   Section        0  libinit2.o(.ARM.Collect$$libinit$$0000001B)
    .ARM.Collect$$libinit$$0000001D          0x08000346   Section        0  libinit2.o(.ARM.Collect$$libinit$$0000001D)
    .ARM.Collect$$libinit$$0000001F          0x08000346   Section        0  libinit2.o(.ARM.Collect$$libinit$$0000001F)
    .ARM.Collect$$libinit$$00000021          0x08000346   Section        0  libinit2.o(.ARM.Collect$$libinit$$00000021)
    .ARM.Collect$$libinit$$00000023          0x08000346   Section        0  libinit2.o(.ARM.Collect$$libinit$$00000023)
    .ARM.Collect$$libinit$$00000025          0x08000346   Section        0  libinit2.o(.ARM.Collect$$libinit$$00000025)
    .ARM.Collect$$libinit$$0000002C          0x08000346   Section        0  libinit2.o(.ARM.Collect$$libinit$$0000002C)
    .ARM.Collect$$libinit$$0000002E          0x08000346   Section        0  libinit2.o(.ARM.Collect$$libinit$$0000002E)
    .ARM.Collect$$libinit$$00000030          0x08000346   Section        0  libinit2.o(.ARM.Collect$$libinit$$00000030)
    .ARM.Collect$$libinit$$00000032          0x08000346   Section        0  libinit2.o(.ARM.Collect$$libinit$$00000032)
    .ARM.Collect$$libinit$$00000033          0x08000346   Section        2  libinit2.o(.ARM.Collect$$libinit$$00000033)
    .ARM.Collect$$libshutdown$$00000000      0x08000348   Section        2  libshutdown.o(.ARM.Collect$$libshutdown$$00000000)
    .ARM.Collect$$libshutdown$$00000002      0x0800034a   Section        0  libshutdown2.o(.ARM.Collect$$libshutdown$$00000002)
    .ARM.Collect$$libshutdown$$00000004      0x0800034a   Section        0  libshutdown2.o(.ARM.Collect$$libshutdown$$00000004)
    .ARM.Collect$$libshutdown$$00000007      0x0800034a   Section        0  libshutdown2.o(.ARM.Collect$$libshutdown$$00000007)
    .ARM.Collect$$libshutdown$$0000000A      0x0800034a   Section        0  libshutdown2.o(.ARM.Collect$$libshutdown$$0000000A)
    .ARM.Collect$$libshutdown$$0000000C      0x0800034a   Section        0  libshutdown2.o(.ARM.Collect$$libshutdown$$0000000C)
    .ARM.Collect$$libshutdown$$0000000F      0x0800034a   Section        0  libshutdown2.o(.ARM.Collect$$libshutdown$$0000000F)
    .ARM.Collect$$libshutdown$$00000010      0x0800034a   Section        2  libshutdown2.o(.ARM.Collect$$libshutdown$$00000010)
    .ARM.Collect$$rtentry$$00000000          0x0800034c   Section        0  __rtentry.o(.ARM.Collect$$rtentry$$00000000)
    .ARM.Collect$$rtentry$$00000002          0x0800034c   Section        0  __rtentry2.o(.ARM.Collect$$rtentry$$00000002)
    .ARM.Collect$$rtentry$$00000004          0x0800034c   Section        6  __rtentry4.o(.ARM.Collect$$rtentry$$00000004)
    .ARM.Collect$$rtentry$$00000009          0x08000352   Section        0  __rtentry2.o(.ARM.Collect$$rtentry$$00000009)
    .ARM.Collect$$rtentry$$0000000A          0x08000352   Section        4  __rtentry2.o(.ARM.Collect$$rtentry$$0000000A)
    .ARM.Collect$$rtentry$$0000000C          0x08000356   Section        0  __rtentry2.o(.ARM.Collect$$rtentry$$0000000C)
    .ARM.Collect$$rtentry$$0000000D          0x08000356   Section        8  __rtentry2.o(.ARM.Collect$$rtentry$$0000000D)
    .ARM.Collect$$rtexit$$00000000           0x0800035e   Section        2  rtexit.o(.ARM.Collect$$rtexit$$00000000)
    .ARM.Collect$$rtexit$$00000002           0x08000360   Section        0  rtexit2.o(.ARM.Collect$$rtexit$$00000002)
    .ARM.Collect$$rtexit$$00000003           0x08000360   Section        4  rtexit2.o(.ARM.Collect$$rtexit$$00000003)
    .ARM.Collect$$rtexit$$00000004           0x08000364   Section        6  rtexit2.o(.ARM.Collect$$rtexit$$00000004)
    .text                                    0x0800036c   Section       64  startup_stm32h733xx.o(.text)
    $v0                                      0x0800036c   Number         0  startup_stm32h733xx.o(.text)
    .text                                    0x080003ac   Section      238  lludivv7m.o(.text)
    .text                                    0x0800049a   Section      100  rt_memcpy_w.o(.text)
    .text                                    0x080004fe   Section       78  rt_memclr_w.o(.text)
    .text                                    0x0800054c   Section        0  heapauxi.o(.text)
    .text                                    0x08000552   Section       74  sys_stackheap_outer.o(.text)
    .text                                    0x0800059c   Section        0  exit.o(.text)
    .text                                    0x080005b0   Section        8  libspace.o(.text)
    .text                                    0x080005b8   Section        0  sys_exit.o(.text)
    .text                                    0x080005c4   Section        2  use_no_semi.o(.text)
    .text                                    0x080005c6   Section        0  indicate_semi.o(.text)
    i.BusFault_Handler                       0x080005c6   Section        0  stm32h7xx_it.o(i.BusFault_Handler)
    i.CXPI_Goto_Idle                         0x080005c8   Section        0  cxpi_driver.o(i.CXPI_Goto_Idle)
    i.CXPI_State                             0x080005ec   Section        0  cxpi_driver.o(i.CXPI_State)
    i.DebugMon_Handler                       0x08000748   Section        0  stm32h7xx_it.o(i.DebugMon_Handler)
    i.Error_Handler                          0x0800074a   Section        0  main.o(i.Error_Handler)
    i.FDCAN1_IT0_IRQHandler                  0x08000750   Section        0  stm32h7xx_it.o(i.FDCAN1_IT0_IRQHandler)
    i.FDCAN_CalcultateRamBlockAddresses      0x0800075c   Section        0  stm32h7xx_hal_fdcan.o(i.FDCAN_CalcultateRamBlockAddresses)
    FDCAN_CalcultateRamBlockAddresses        0x0800075d   Thumb Code   446  stm32h7xx_hal_fdcan.o(i.FDCAN_CalcultateRamBlockAddresses)
    i.HAL_DMA_Abort_IT                       0x08000924   Section        0  stm32h7xx_hal_dma.o(i.HAL_DMA_Abort_IT)
    i.HAL_FDCAN_ClockCalibrationCallback     0x08000ba8   Section        0  stm32h7xx_hal_fdcan.o(i.HAL_FDCAN_ClockCalibrationCallback)
    i.HAL_FDCAN_ErrorCallback                0x08000baa   Section        0  stm32h7xx_hal_fdcan.o(i.HAL_FDCAN_ErrorCallback)
    i.HAL_FDCAN_ErrorStatusCallback          0x08000bac   Section        0  stm32h7xx_hal_fdcan.o(i.HAL_FDCAN_ErrorStatusCallback)
    i.HAL_FDCAN_HighPriorityMessageCallback  0x08000bae   Section        0  stm32h7xx_hal_fdcan.o(i.HAL_FDCAN_HighPriorityMessageCallback)
    i.HAL_FDCAN_IRQHandler                   0x08000bb0   Section        0  stm32h7xx_hal_fdcan.o(i.HAL_FDCAN_IRQHandler)
    i.HAL_FDCAN_Init                         0x08000ec8   Section        0  stm32h7xx_hal_fdcan.o(i.HAL_FDCAN_Init)
    i.HAL_FDCAN_MspInit                      0x0800110c   Section        0  fdcan.o(i.HAL_FDCAN_MspInit)
    i.HAL_FDCAN_RxBufferNewMessageCallback   0x08001184   Section        0  stm32h7xx_hal_fdcan.o(i.HAL_FDCAN_RxBufferNewMessageCallback)
    i.HAL_FDCAN_RxFifo0Callback              0x08001186   Section        0  stm32h7xx_hal_fdcan.o(i.HAL_FDCAN_RxFifo0Callback)
    i.HAL_FDCAN_RxFifo1Callback              0x08001188   Section        0  stm32h7xx_hal_fdcan.o(i.HAL_FDCAN_RxFifo1Callback)
    i.HAL_FDCAN_TT_GlobalTimeCallback        0x0800118a   Section        0  stm32h7xx_hal_fdcan.o(i.HAL_FDCAN_TT_GlobalTimeCallback)
    i.HAL_FDCAN_TT_ScheduleSyncCallback      0x0800118c   Section        0  stm32h7xx_hal_fdcan.o(i.HAL_FDCAN_TT_ScheduleSyncCallback)
    i.HAL_FDCAN_TT_StopWatchCallback         0x0800118e   Section        0  stm32h7xx_hal_fdcan.o(i.HAL_FDCAN_TT_StopWatchCallback)
    i.HAL_FDCAN_TT_TimeMarkCallback          0x08001190   Section        0  stm32h7xx_hal_fdcan.o(i.HAL_FDCAN_TT_TimeMarkCallback)
    i.HAL_FDCAN_TimeoutOccurredCallback      0x08001192   Section        0  stm32h7xx_hal_fdcan.o(i.HAL_FDCAN_TimeoutOccurredCallback)
    i.HAL_FDCAN_TimestampWraparoundCallback  0x08001194   Section        0  stm32h7xx_hal_fdcan.o(i.HAL_FDCAN_TimestampWraparoundCallback)
    i.HAL_FDCAN_TxBufferAbortCallback        0x08001196   Section        0  stm32h7xx_hal_fdcan.o(i.HAL_FDCAN_TxBufferAbortCallback)
    i.HAL_FDCAN_TxBufferCompleteCallback     0x08001198   Section        0  stm32h7xx_hal_fdcan.o(i.HAL_FDCAN_TxBufferCompleteCallback)
    i.HAL_FDCAN_TxEventFifoCallback          0x0800119a   Section        0  stm32h7xx_hal_fdcan.o(i.HAL_FDCAN_TxEventFifoCallback)
    i.HAL_FDCAN_TxFifoEmptyCallback          0x0800119c   Section        0  stm32h7xx_hal_fdcan.o(i.HAL_FDCAN_TxFifoEmptyCallback)
    i.HAL_GPIO_Init                          0x080011a0   Section        0  stm32h7xx_hal_gpio.o(i.HAL_GPIO_Init)
    i.HAL_GPIO_ReadPin                       0x080013bc   Section        0  stm32h7xx_hal_gpio.o(i.HAL_GPIO_ReadPin)
    i.HAL_GPIO_TogglePin                     0x080013c6   Section        0  stm32h7xx_hal_gpio.o(i.HAL_GPIO_TogglePin)
    i.HAL_GPIO_WritePin                      0x080013d4   Section        0  stm32h7xx_hal_gpio.o(i.HAL_GPIO_WritePin)
    i.HAL_GetTick                            0x080013e0   Section        0  stm32h7xx_hal.o(i.HAL_GetTick)
    i.HAL_IncTick                            0x080013ec   Section        0  stm32h7xx_hal.o(i.HAL_IncTick)
    i.HAL_Init                               0x080013fc   Section        0  stm32h7xx_hal.o(i.HAL_Init)
    i.HAL_InitTick                           0x08001458   Section        0  stm32h7xx_hal.o(i.HAL_InitTick)
    i.HAL_MspInit                            0x08001498   Section        0  stm32h7xx_hal_msp.o(i.HAL_MspInit)
    i.HAL_NVIC_EnableIRQ                     0x080014b4   Section        0  stm32h7xx_hal_cortex.o(i.HAL_NVIC_EnableIRQ)
    i.HAL_NVIC_SetPriority                   0x080014d0   Section        0  stm32h7xx_hal_cortex.o(i.HAL_NVIC_SetPriority)
    i.HAL_NVIC_SetPriorityGrouping           0x08001510   Section        0  stm32h7xx_hal_cortex.o(i.HAL_NVIC_SetPriorityGrouping)
    i.HAL_PWREx_ConfigSupply                 0x08001534   Section        0  stm32h7xx_hal_pwr_ex.o(i.HAL_PWREx_ConfigSupply)
    i.HAL_RCCEx_GetD3PCLK1Freq               0x08001588   Section        0  stm32h7xx_hal_rcc_ex.o(i.HAL_RCCEx_GetD3PCLK1Freq)
    i.HAL_RCCEx_GetPLL2ClockFreq             0x080015ac   Section        0  stm32h7xx_hal_rcc_ex.o(i.HAL_RCCEx_GetPLL2ClockFreq)
    i.HAL_RCCEx_GetPLL3ClockFreq             0x080016f0   Section        0  stm32h7xx_hal_rcc_ex.o(i.HAL_RCCEx_GetPLL3ClockFreq)
    i.HAL_RCCEx_PeriphCLKConfig              0x08001834   Section        0  stm32h7xx_hal_rcc_ex.o(i.HAL_RCCEx_PeriphCLKConfig)
    i.HAL_RCC_ClockConfig                    0x08002080   Section        0  stm32h7xx_hal_rcc.o(i.HAL_RCC_ClockConfig)
    i.HAL_RCC_GetHCLKFreq                    0x080022dc   Section        0  stm32h7xx_hal_rcc.o(i.HAL_RCC_GetHCLKFreq)
    i.HAL_RCC_GetPCLK1Freq                   0x08002320   Section        0  stm32h7xx_hal_rcc.o(i.HAL_RCC_GetPCLK1Freq)
    i.HAL_RCC_GetPCLK2Freq                   0x08002344   Section        0  stm32h7xx_hal_rcc.o(i.HAL_RCC_GetPCLK2Freq)
    i.HAL_RCC_GetSysClockFreq                0x08002368   Section        0  stm32h7xx_hal_rcc.o(i.HAL_RCC_GetSysClockFreq)
    i.HAL_RCC_OscConfig                      0x080024a0   Section        0  stm32h7xx_hal_rcc.o(i.HAL_RCC_OscConfig)
    i.HAL_SYSTICK_Config                     0x0800294e   Section        0  stm32h7xx_hal_cortex.o(i.HAL_SYSTICK_Config)
    i.HAL_TIMEx_Break2Callback               0x08002974   Section        0  stm32h7xx_hal_tim_ex.o(i.HAL_TIMEx_Break2Callback)
    i.HAL_TIMEx_BreakCallback                0x08002976   Section        0  stm32h7xx_hal_tim_ex.o(i.HAL_TIMEx_BreakCallback)
    i.HAL_TIMEx_CommutCallback               0x08002978   Section        0  stm32h7xx_hal_tim_ex.o(i.HAL_TIMEx_CommutCallback)
    i.HAL_TIMEx_MasterConfigSynchronization  0x0800297c   Section        0  stm32h7xx_hal_tim_ex.o(i.HAL_TIMEx_MasterConfigSynchronization)
    i.HAL_TIM_Base_Init                      0x08002a34   Section        0  stm32h7xx_hal_tim.o(i.HAL_TIM_Base_Init)
    i.HAL_TIM_Base_MspInit                   0x08002a98   Section        0  tim.o(i.HAL_TIM_Base_MspInit)
    i.HAL_TIM_Base_Start_IT                  0x08002b5c   Section        0  stm32h7xx_hal_tim.o(i.HAL_TIM_Base_Start_IT)
    i.HAL_TIM_ConfigClockSource              0x08002b9c   Section        0  stm32h7xx_hal_tim.o(i.HAL_TIM_ConfigClockSource)
    i.HAL_TIM_IC_CaptureCallback             0x08002c94   Section        0  stm32h7xx_hal_tim.o(i.HAL_TIM_IC_CaptureCallback)
    i.HAL_TIM_IRQHandler                     0x08002c96   Section        0  stm32h7xx_hal_tim.o(i.HAL_TIM_IRQHandler)
    i.HAL_TIM_OC_DelayElapsedCallback        0x08002e18   Section        0  stm32h7xx_hal_tim.o(i.HAL_TIM_OC_DelayElapsedCallback)
    i.HAL_TIM_PWM_PulseFinishedCallback      0x08002e1a   Section        0  stm32h7xx_hal_tim.o(i.HAL_TIM_PWM_PulseFinishedCallback)
    i.HAL_TIM_PeriodElapsedCallback          0x08002e1c   Section        0  tim.o(i.HAL_TIM_PeriodElapsedCallback)
    i.HAL_TIM_TriggerCallback                0x08002e50   Section        0  stm32h7xx_hal_tim.o(i.HAL_TIM_TriggerCallback)
    i.HAL_UARTEx_DisableFifoMode             0x08002e52   Section        0  stm32h7xx_hal_uart_ex.o(i.HAL_UARTEx_DisableFifoMode)
    i.HAL_UARTEx_RxFifoFullCallback          0x08002e92   Section        0  stm32h7xx_hal_uart_ex.o(i.HAL_UARTEx_RxFifoFullCallback)
    i.HAL_UARTEx_SetRxFifoThreshold          0x08002e94   Section        0  stm32h7xx_hal_uart_ex.o(i.HAL_UARTEx_SetRxFifoThreshold)
    i.HAL_UARTEx_SetTxFifoThreshold          0x08002ee0   Section        0  stm32h7xx_hal_uart_ex.o(i.HAL_UARTEx_SetTxFifoThreshold)
    i.HAL_UARTEx_TxFifoEmptyCallback         0x08002f2c   Section        0  stm32h7xx_hal_uart_ex.o(i.HAL_UARTEx_TxFifoEmptyCallback)
    i.HAL_UARTEx_WakeupCallback              0x08002f2e   Section        0  stm32h7xx_hal_uart_ex.o(i.HAL_UARTEx_WakeupCallback)
    i.HAL_UART_ErrorCallback                 0x08002f30   Section        0  stm32h7xx_hal_uart.o(i.HAL_UART_ErrorCallback)
    i.HAL_UART_IRQHandler                    0x08002f34   Section        0  stm32h7xx_hal_uart.o(i.HAL_UART_IRQHandler)
    i.HAL_UART_Init                          0x080030f4   Section        0  stm32h7xx_hal_uart.o(i.HAL_UART_Init)
    i.HAL_UART_MspInit                       0x08003160   Section        0  usart.o(i.HAL_UART_MspInit)
    i.HAL_UART_Transmit                      0x0800325c   Section        0  stm32h7xx_hal_uart.o(i.HAL_UART_Transmit)
    i.HAL_UART_TxCpltCallback                0x0800331a   Section        0  stm32h7xx_hal_uart.o(i.HAL_UART_TxCpltCallback)
    i.HardFault_Handler                      0x0800331c   Section        0  stm32h7xx_it.o(i.HardFault_Handler)
    i.MX_FDCAN1_Init                         0x08003320   Section        0  fdcan.o(i.MX_FDCAN1_Init)
    i.MX_GPIO_Init                           0x08003384   Section        0  gpio.o(i.MX_GPIO_Init)
    i.MX_TIM13_Init                          0x080034b0   Section        0  tim.o(i.MX_TIM13_Init)
    i.MX_TIM1_Init                           0x080034e8   Section        0  tim.o(i.MX_TIM1_Init)
    i.MX_TIM2_Init                           0x08003554   Section        0  tim.o(i.MX_TIM2_Init)
    i.MX_TIM3_Init                           0x080035b8   Section        0  tim.o(i.MX_TIM3_Init)
    i.MX_USART10_UART_Init                   0x0800361c   Section        0  usart.o(i.MX_USART10_UART_Init)
    i.MX_USART3_UART_Init                    0x08003684   Section        0  usart.o(i.MX_USART3_UART_Init)
    i.MemManage_Handler                      0x080036ec   Section        0  stm32h7xx_it.o(i.MemManage_Handler)
    i.NMI_Handler                            0x080036ee   Section        0  stm32h7xx_it.o(i.NMI_Handler)
    i.PendSV_Handler                         0x080036f0   Section        0  stm32h7xx_it.o(i.PendSV_Handler)
    i.RCCEx_PLL2_Config                      0x080036f4   Section        0  stm32h7xx_hal_rcc_ex.o(i.RCCEx_PLL2_Config)
    RCCEx_PLL2_Config                        0x080036f5   Thumb Code   284  stm32h7xx_hal_rcc_ex.o(i.RCCEx_PLL2_Config)
    i.RCCEx_PLL3_Config                      0x08003814   Section        0  stm32h7xx_hal_rcc_ex.o(i.RCCEx_PLL3_Config)
    RCCEx_PLL3_Config                        0x08003815   Thumb Code   284  stm32h7xx_hal_rcc_ex.o(i.RCCEx_PLL3_Config)
    i.SVC_Handler                            0x08003934   Section        0  stm32h7xx_it.o(i.SVC_Handler)
    i.SysTick_Handler                        0x08003936   Section        0  stm32h7xx_it.o(i.SysTick_Handler)
    i.SystemClock_Config                     0x0800393c   Section        0  main.o(i.SystemClock_Config)
    i.SystemInit                             0x080039f4   Section        0  system_stm32h7xx.o(i.SystemInit)
    i.TIM1_BRK_IRQHandler                    0x08003abc   Section        0  stm32h7xx_it.o(i.TIM1_BRK_IRQHandler)
    i.TIM1_UP_IRQHandler                     0x08003ac8   Section        0  stm32h7xx_it.o(i.TIM1_UP_IRQHandler)
    i.TIM2_IRQHandler                        0x08003ad4   Section        0  stm32h7xx_it.o(i.TIM2_IRQHandler)
    i.TIM3_IRQHandler                        0x08003ae0   Section        0  stm32h7xx_it.o(i.TIM3_IRQHandler)
    i.TIM8_UP_TIM13_IRQHandler               0x08003aec   Section        0  stm32h7xx_it.o(i.TIM8_UP_TIM13_IRQHandler)
    i.TIM_Base_SetConfig                     0x08003af8   Section        0  stm32h7xx_hal_tim.o(i.TIM_Base_SetConfig)
    i.TIM_ETR_SetConfig                      0x08003bd0   Section        0  stm32h7xx_hal_tim.o(i.TIM_ETR_SetConfig)
    i.TIM_ITRx_SetConfig                     0x08003be4   Section        0  stm32h7xx_hal_tim.o(i.TIM_ITRx_SetConfig)
    TIM_ITRx_SetConfig                       0x08003be5   Thumb Code    16  stm32h7xx_hal_tim.o(i.TIM_ITRx_SetConfig)
    i.TIM_TI1_ConfigInputStage               0x08003bf8   Section        0  stm32h7xx_hal_tim.o(i.TIM_TI1_ConfigInputStage)
    TIM_TI1_ConfigInputStage                 0x08003bf9   Thumb Code    34  stm32h7xx_hal_tim.o(i.TIM_TI1_ConfigInputStage)
    i.TIM_TI2_ConfigInputStage               0x08003c1a   Section        0  stm32h7xx_hal_tim.o(i.TIM_TI2_ConfigInputStage)
    TIM_TI2_ConfigInputStage                 0x08003c1b   Thumb Code    36  stm32h7xx_hal_tim.o(i.TIM_TI2_ConfigInputStage)
    i.UARTEx_SetNbDataToProcess              0x08003c40   Section        0  stm32h7xx_hal_uart_ex.o(i.UARTEx_SetNbDataToProcess)
    UARTEx_SetNbDataToProcess                0x08003c41   Thumb Code    82  stm32h7xx_hal_uart_ex.o(i.UARTEx_SetNbDataToProcess)
    i.UART_AdvFeatureConfig                  0x08003ca4   Section        0  stm32h7xx_hal_uart.o(i.UART_AdvFeatureConfig)
    i.UART_CheckIdleState                    0x08003d6c   Section        0  stm32h7xx_hal_uart.o(i.UART_CheckIdleState)
    i.UART_DMAAbortOnError                   0x08003dca   Section        0  stm32h7xx_hal_uart.o(i.UART_DMAAbortOnError)
    UART_DMAAbortOnError                     0x08003dcb   Thumb Code    20  stm32h7xx_hal_uart.o(i.UART_DMAAbortOnError)
    i.UART_EndRxTransfer                     0x08003de0   Section        0  stm32h7xx_hal_uart.o(i.UART_EndRxTransfer)
    UART_EndRxTransfer                       0x08003de1   Thumb Code    34  stm32h7xx_hal_uart.o(i.UART_EndRxTransfer)
    i.UART_SetConfig                         0x08003e08   Section        0  stm32h7xx_hal_uart.o(i.UART_SetConfig)
    i.UART_WaitOnFlagUntilTimeout            0x080041e4   Section        0  stm32h7xx_hal_uart.o(i.UART_WaitOnFlagUntilTimeout)
    i.USART10_IRQHandler                     0x08004288   Section        0  stm32h7xx_it.o(i.USART10_IRQHandler)
    i.USART3_IRQHandler                      0x08004294   Section        0  stm32h7xx_it.o(i.USART3_IRQHandler)
    i.UsageFault_Handler                     0x080042a0   Section        0  stm32h7xx_it.o(i.UsageFault_Handler)
    i.__NVIC_SetPriority                     0x080042a2   Section        0  stm32h7xx_hal_cortex.o(i.__NVIC_SetPriority)
    __NVIC_SetPriority                       0x080042a3   Thumb Code    34  stm32h7xx_hal_cortex.o(i.__NVIC_SetPriority)
    i.main                                   0x080042c4   Section        0  main.o(i.main)
    x$fpl$fpinit                             0x08004380   Section       10  fpinit.o(x$fpl$fpinit)
    $v0                                      0x08004380   Number         0  fpinit.o(x$fpl$fpinit)
    .constdata                               0x0800438a   Section        2  type.o(.constdata)
    .constdata                               0x0800438c   Section       92  stm32h7xx_hal_fdcan.o(.constdata)
    DLCtoBytes                               0x0800438c   Data          16  stm32h7xx_hal_fdcan.o(.constdata)
    .constdata                               0x080043e8   Section       24  stm32h7xx_hal_uart.o(.constdata)
    .constdata                               0x08004400   Section       16  system_stm32h7xx.o(.constdata)
    .data                                    0x24000000   Section       48  type.o(.data)
    .data                                    0x24000030   Section        3  type.o(.data)
    .data                                    0x24000034   Section        2  type.o(.data)
    .data                                    0x24000038   Section        4  type.o(.data)
    .data                                    0x2400003c   Section        1  type.o(.data)
    .data                                    0x2400003d   Section        1  type.o(.data)
    .data                                    0x2400003e   Section        1  type.o(.data)
    .data                                    0x2400003f   Section        1  type.o(.data)
    .data                                    0x24000040   Section        1  type.o(.data)
    .data                                    0x24000041   Section       14  type.o(.data)
    .data                                    0x2400004f   Section        3  type.o(.data)
    .data                                    0x24000054   Section       12  stm32h7xx_hal.o(.data)
    .data                                    0x24000060   Section        8  system_stm32h7xx.o(.data)
    .bss                                     0x24000068   Section       14  type.o(.bss)
    .bss                                     0x24000078   Section      160  fdcan.o(.bss)
    .bss                                     0x24000118   Section      304  tim.o(.bss)
    .bss                                     0x24000248   Section      280  usart.o(.bss)
    .bss                                     0x24000360   Section       96  libspace.o(.bss)
    HEAP                                     0x240003c0   Section      512  startup_stm32h733xx.o(HEAP)
    Heap_Mem                                 0x240003c0   Data         512  startup_stm32h733xx.o(HEAP)
    STACK                                    0x240005c0   Section     1024  startup_stm32h733xx.o(STACK)
    Stack_Mem                                0x240005c0   Data        1024  startup_stm32h733xx.o(STACK)
    __initial_sp                             0x240009c0   Data           0  startup_stm32h733xx.o(STACK)

    Global Symbols

    Symbol Name                              Value     Ov Type        Size  Object(Section)

    BuildAttributes$$THM_ISAv4$E$P$D$K$B$S$7EM$VFPv5_D16$PE$PLD8$A:L22UL41UL21$X:L11$S22US41US21$IEEE1$IW$USESV6$~STKCKD$USESV7$~SHL$OSPACE$ROPI$EBA8$UX$STANDARDLIB$REQ8$PRES8$EABIv2 0x00000000   Number         0  anon$$obj.o ABSOLUTE
    __ARM_use_no_argv                        0x00000000   Number         0  main.o ABSOLUTE
    __ARM_exceptions_init                     - Undefined Weak Reference
    __alloca_initialize                       - Undefined Weak Reference
    __arm_preinit_                            - Undefined Weak Reference
    __cpp_initialize__aeabi_                  - Undefined Weak Reference
    __cxa_finalize                            - Undefined Weak Reference
    __rt_locale                               - Undefined Weak Reference
    __sigvec_lookup                           - Undefined Weak Reference
    _atexit_init                              - Undefined Weak Reference
    _call_atexit_fns                          - Undefined Weak Reference
    _clock_init                               - Undefined Weak Reference
    _fp_trap_init                             - Undefined Weak Reference
    _fp_trap_shutdown                         - Undefined Weak Reference
    _get_lc_collate                           - Undefined Weak Reference
    _get_lc_ctype                             - Undefined Weak Reference
    _get_lc_monetary                          - Undefined Weak Reference
    _get_lc_numeric                           - Undefined Weak Reference
    _get_lc_time                              - Undefined Weak Reference
    _getenv_init                              - Undefined Weak Reference
    _handle_redirection                       - Undefined Weak Reference
    _init_alloc                               - Undefined Weak Reference
    _init_user_alloc                          - Undefined Weak Reference
    _initio                                   - Undefined Weak Reference
    _rand_init                                - Undefined Weak Reference
    _signal_finish                            - Undefined Weak Reference
    _signal_init                              - Undefined Weak Reference
    _terminate_alloc                          - Undefined Weak Reference
    _terminate_user_alloc                     - Undefined Weak Reference
    _terminateio                              - Undefined Weak Reference
    __Vectors_Size                           0x000002cc   Number         0  startup_stm32h733xx.o ABSOLUTE
    __Vectors                                0x08000000   Data           4  startup_stm32h733xx.o(RESET)
    __Vectors_End                            0x080002cc   Data           0  startup_stm32h733xx.o(RESET)
    __main                                   0x080002cd   Thumb Code     8  __main.o(!!!main)
    __scatterload                            0x080002d5   Thumb Code     0  __scatter.o(!!!scatter)
    __scatterload_rt2                        0x080002d5   Thumb Code    44  __scatter.o(!!!scatter)
    __scatterload_rt2_thumb_only             0x080002d5   Thumb Code     0  __scatter.o(!!!scatter)
    __scatterload_null                       0x080002e3   Thumb Code     0  __scatter.o(!!!scatter)
    __scatterload_copy                       0x08000309   Thumb Code    26  __scatter_copy.o(!!handler_copy)
    __scatterload_zeroinit                   0x08000325   Thumb Code    28  __scatter_zi.o(!!handler_zi)
    __rt_lib_init                            0x08000341   Thumb Code     0  libinit.o(.ARM.Collect$$libinit$$00000000)
    __rt_lib_init_fp_1                       0x08000343   Thumb Code     0  libinit2.o(.ARM.Collect$$libinit$$00000001)
    __rt_lib_init_alloca_1                   0x08000347   Thumb Code     0  libinit2.o(.ARM.Collect$$libinit$$0000002E)
    __rt_lib_init_argv_1                     0x08000347   Thumb Code     0  libinit2.o(.ARM.Collect$$libinit$$0000002C)
    __rt_lib_init_atexit_1                   0x08000347   Thumb Code     0  libinit2.o(.ARM.Collect$$libinit$$0000001B)
    __rt_lib_init_clock_1                    0x08000347   Thumb Code     0  libinit2.o(.ARM.Collect$$libinit$$00000021)
    __rt_lib_init_cpp_1                      0x08000347   Thumb Code     0  libinit2.o(.ARM.Collect$$libinit$$00000032)
    __rt_lib_init_exceptions_1               0x08000347   Thumb Code     0  libinit2.o(.ARM.Collect$$libinit$$00000030)
    __rt_lib_init_fp_trap_1                  0x08000347   Thumb Code     0  libinit2.o(.ARM.Collect$$libinit$$0000001F)
    __rt_lib_init_getenv_1                   0x08000347   Thumb Code     0  libinit2.o(.ARM.Collect$$libinit$$00000023)
    __rt_lib_init_heap_1                     0x08000347   Thumb Code     0  libinit2.o(.ARM.Collect$$libinit$$0000000A)
    __rt_lib_init_lc_collate_1               0x08000347   Thumb Code     0  libinit2.o(.ARM.Collect$$libinit$$00000011)
    __rt_lib_init_lc_ctype_1                 0x08000347   Thumb Code     0  libinit2.o(.ARM.Collect$$libinit$$00000013)
    __rt_lib_init_lc_monetary_1              0x08000347   Thumb Code     0  libinit2.o(.ARM.Collect$$libinit$$00000015)
    __rt_lib_init_lc_numeric_1               0x08000347   Thumb Code     0  libinit2.o(.ARM.Collect$$libinit$$00000017)
    __rt_lib_init_lc_time_1                  0x08000347   Thumb Code     0  libinit2.o(.ARM.Collect$$libinit$$00000019)
    __rt_lib_init_preinit_1                  0x08000347   Thumb Code     0  libinit2.o(.ARM.Collect$$libinit$$00000004)
    __rt_lib_init_rand_1                     0x08000347   Thumb Code     0  libinit2.o(.ARM.Collect$$libinit$$0000000E)
    __rt_lib_init_return                     0x08000347   Thumb Code     0  libinit2.o(.ARM.Collect$$libinit$$00000033)
    __rt_lib_init_signal_1                   0x08000347   Thumb Code     0  libinit2.o(.ARM.Collect$$libinit$$0000001D)
    __rt_lib_init_stdio_1                    0x08000347   Thumb Code     0  libinit2.o(.ARM.Collect$$libinit$$00000025)
    __rt_lib_init_user_alloc_1               0x08000347   Thumb Code     0  libinit2.o(.ARM.Collect$$libinit$$0000000C)
    __rt_lib_shutdown                        0x08000349   Thumb Code     0  libshutdown.o(.ARM.Collect$$libshutdown$$00000000)
    __rt_lib_shutdown_cpp_1                  0x0800034b   Thumb Code     0  libshutdown2.o(.ARM.Collect$$libshutdown$$00000002)
    __rt_lib_shutdown_fp_trap_1              0x0800034b   Thumb Code     0  libshutdown2.o(.ARM.Collect$$libshutdown$$00000007)
    __rt_lib_shutdown_heap_1                 0x0800034b   Thumb Code     0  libshutdown2.o(.ARM.Collect$$libshutdown$$0000000F)
    __rt_lib_shutdown_return                 0x0800034b   Thumb Code     0  libshutdown2.o(.ARM.Collect$$libshutdown$$00000010)
    __rt_lib_shutdown_signal_1               0x0800034b   Thumb Code     0  libshutdown2.o(.ARM.Collect$$libshutdown$$0000000A)
    __rt_lib_shutdown_stdio_1                0x0800034b   Thumb Code     0  libshutdown2.o(.ARM.Collect$$libshutdown$$00000004)
    __rt_lib_shutdown_user_alloc_1           0x0800034b   Thumb Code     0  libshutdown2.o(.ARM.Collect$$libshutdown$$0000000C)
    __rt_entry                               0x0800034d   Thumb Code     0  __rtentry.o(.ARM.Collect$$rtentry$$00000000)
    __rt_entry_presh_1                       0x0800034d   Thumb Code     0  __rtentry2.o(.ARM.Collect$$rtentry$$00000002)
    __rt_entry_sh                            0x0800034d   Thumb Code     0  __rtentry4.o(.ARM.Collect$$rtentry$$00000004)
    __rt_entry_li                            0x08000353   Thumb Code     0  __rtentry2.o(.ARM.Collect$$rtentry$$0000000A)
    __rt_entry_postsh_1                      0x08000353   Thumb Code     0  __rtentry2.o(.ARM.Collect$$rtentry$$00000009)
    __rt_entry_main                          0x08000357   Thumb Code     0  __rtentry2.o(.ARM.Collect$$rtentry$$0000000D)
    __rt_entry_postli_1                      0x08000357   Thumb Code     0  __rtentry2.o(.ARM.Collect$$rtentry$$0000000C)
    __rt_exit                                0x0800035f   Thumb Code     0  rtexit.o(.ARM.Collect$$rtexit$$00000000)
    __rt_exit_ls                             0x08000361   Thumb Code     0  rtexit2.o(.ARM.Collect$$rtexit$$00000003)
    __rt_exit_prels_1                        0x08000361   Thumb Code     0  rtexit2.o(.ARM.Collect$$rtexit$$00000002)
    __rt_exit_exit                           0x08000365   Thumb Code     0  rtexit2.o(.ARM.Collect$$rtexit$$00000004)
    Reset_Handler                            0x0800036d   Thumb Code     8  startup_stm32h733xx.o(.text)
    ADC3_IRQHandler                          0x08000387   Thumb Code     0  startup_stm32h733xx.o(.text)
    ADC_IRQHandler                           0x08000387   Thumb Code     0  startup_stm32h733xx.o(.text)
    BDMA_Channel0_IRQHandler                 0x08000387   Thumb Code     0  startup_stm32h733xx.o(.text)
    BDMA_Channel1_IRQHandler                 0x08000387   Thumb Code     0  startup_stm32h733xx.o(.text)
    BDMA_Channel2_IRQHandler                 0x08000387   Thumb Code     0  startup_stm32h733xx.o(.text)
    BDMA_Channel3_IRQHandler                 0x08000387   Thumb Code     0  startup_stm32h733xx.o(.text)
    BDMA_Channel4_IRQHandler                 0x08000387   Thumb Code     0  startup_stm32h733xx.o(.text)
    BDMA_Channel5_IRQHandler                 0x08000387   Thumb Code     0  startup_stm32h733xx.o(.text)
    BDMA_Channel6_IRQHandler                 0x08000387   Thumb Code     0  startup_stm32h733xx.o(.text)
    BDMA_Channel7_IRQHandler                 0x08000387   Thumb Code     0  startup_stm32h733xx.o(.text)
    CEC_IRQHandler                           0x08000387   Thumb Code     0  startup_stm32h733xx.o(.text)
    COMP1_IRQHandler                         0x08000387   Thumb Code     0  startup_stm32h733xx.o(.text)
    CORDIC_IRQHandler                        0x08000387   Thumb Code     0  startup_stm32h733xx.o(.text)
    CRS_IRQHandler                           0x08000387   Thumb Code     0  startup_stm32h733xx.o(.text)
    CRYP_IRQHandler                          0x08000387   Thumb Code     0  startup_stm32h733xx.o(.text)
    DCMI_PSSI_IRQHandler                     0x08000387   Thumb Code     0  startup_stm32h733xx.o(.text)
    DFSDM1_FLT0_IRQHandler                   0x08000387   Thumb Code     0  startup_stm32h733xx.o(.text)
    DFSDM1_FLT1_IRQHandler                   0x08000387   Thumb Code     0  startup_stm32h733xx.o(.text)
    DFSDM1_FLT2_IRQHandler                   0x08000387   Thumb Code     0  startup_stm32h733xx.o(.text)
    DFSDM1_FLT3_IRQHandler                   0x08000387   Thumb Code     0  startup_stm32h733xx.o(.text)
    DMA1_Stream0_IRQHandler                  0x08000387   Thumb Code     0  startup_stm32h733xx.o(.text)
    DMA1_Stream1_IRQHandler                  0x08000387   Thumb Code     0  startup_stm32h733xx.o(.text)
    DMA1_Stream2_IRQHandler                  0x08000387   Thumb Code     0  startup_stm32h733xx.o(.text)
    DMA1_Stream3_IRQHandler                  0x08000387   Thumb Code     0  startup_stm32h733xx.o(.text)
    DMA1_Stream4_IRQHandler                  0x08000387   Thumb Code     0  startup_stm32h733xx.o(.text)
    DMA1_Stream5_IRQHandler                  0x08000387   Thumb Code     0  startup_stm32h733xx.o(.text)
    DMA1_Stream6_IRQHandler                  0x08000387   Thumb Code     0  startup_stm32h733xx.o(.text)
    DMA1_Stream7_IRQHandler                  0x08000387   Thumb Code     0  startup_stm32h733xx.o(.text)
    DMA2D_IRQHandler                         0x08000387   Thumb Code     0  startup_stm32h733xx.o(.text)
    DMA2_Stream0_IRQHandler                  0x08000387   Thumb Code     0  startup_stm32h733xx.o(.text)
    DMA2_Stream1_IRQHandler                  0x08000387   Thumb Code     0  startup_stm32h733xx.o(.text)
    DMA2_Stream2_IRQHandler                  0x08000387   Thumb Code     0  startup_stm32h733xx.o(.text)
    DMA2_Stream3_IRQHandler                  0x08000387   Thumb Code     0  startup_stm32h733xx.o(.text)
    DMA2_Stream4_IRQHandler                  0x08000387   Thumb Code     0  startup_stm32h733xx.o(.text)
    DMA2_Stream5_IRQHandler                  0x08000387   Thumb Code     0  startup_stm32h733xx.o(.text)
    DMA2_Stream6_IRQHandler                  0x08000387   Thumb Code     0  startup_stm32h733xx.o(.text)
    DMA2_Stream7_IRQHandler                  0x08000387   Thumb Code     0  startup_stm32h733xx.o(.text)
    DMAMUX1_OVR_IRQHandler                   0x08000387   Thumb Code     0  startup_stm32h733xx.o(.text)
    DMAMUX2_OVR_IRQHandler                   0x08000387   Thumb Code     0  startup_stm32h733xx.o(.text)
    DTS_IRQHandler                           0x08000387   Thumb Code     0  startup_stm32h733xx.o(.text)
    ECC_IRQHandler                           0x08000387   Thumb Code     0  startup_stm32h733xx.o(.text)
    ETH_IRQHandler                           0x08000387   Thumb Code     0  startup_stm32h733xx.o(.text)
    ETH_WKUP_IRQHandler                      0x08000387   Thumb Code     0  startup_stm32h733xx.o(.text)
    EXTI0_IRQHandler                         0x08000387   Thumb Code     0  startup_stm32h733xx.o(.text)
    EXTI15_10_IRQHandler                     0x08000387   Thumb Code     0  startup_stm32h733xx.o(.text)
    EXTI1_IRQHandler                         0x08000387   Thumb Code     0  startup_stm32h733xx.o(.text)
    EXTI2_IRQHandler                         0x08000387   Thumb Code     0  startup_stm32h733xx.o(.text)
    EXTI3_IRQHandler                         0x08000387   Thumb Code     0  startup_stm32h733xx.o(.text)
    EXTI4_IRQHandler                         0x08000387   Thumb Code     0  startup_stm32h733xx.o(.text)
    EXTI9_5_IRQHandler                       0x08000387   Thumb Code     0  startup_stm32h733xx.o(.text)
    FDCAN1_IT1_IRQHandler                    0x08000387   Thumb Code     0  startup_stm32h733xx.o(.text)
    FDCAN2_IT0_IRQHandler                    0x08000387   Thumb Code     0  startup_stm32h733xx.o(.text)
    FDCAN2_IT1_IRQHandler                    0x08000387   Thumb Code     0  startup_stm32h733xx.o(.text)
    FDCAN3_IT0_IRQHandler                    0x08000387   Thumb Code     0  startup_stm32h733xx.o(.text)
    FDCAN3_IT1_IRQHandler                    0x08000387   Thumb Code     0  startup_stm32h733xx.o(.text)
    FDCAN_CAL_IRQHandler                     0x08000387   Thumb Code     0  startup_stm32h733xx.o(.text)
    FLASH_IRQHandler                         0x08000387   Thumb Code     0  startup_stm32h733xx.o(.text)
    FMAC_IRQHandler                          0x08000387   Thumb Code     0  startup_stm32h733xx.o(.text)
    FMC_IRQHandler                           0x08000387   Thumb Code     0  startup_stm32h733xx.o(.text)
    FPU_IRQHandler                           0x08000387   Thumb Code     0  startup_stm32h733xx.o(.text)
    HASH_RNG_IRQHandler                      0x08000387   Thumb Code     0  startup_stm32h733xx.o(.text)
    HSEM1_IRQHandler                         0x08000387   Thumb Code     0  startup_stm32h733xx.o(.text)
    I2C1_ER_IRQHandler                       0x08000387   Thumb Code     0  startup_stm32h733xx.o(.text)
    I2C1_EV_IRQHandler                       0x08000387   Thumb Code     0  startup_stm32h733xx.o(.text)
    I2C2_ER_IRQHandler                       0x08000387   Thumb Code     0  startup_stm32h733xx.o(.text)
    I2C2_EV_IRQHandler                       0x08000387   Thumb Code     0  startup_stm32h733xx.o(.text)
    I2C3_ER_IRQHandler                       0x08000387   Thumb Code     0  startup_stm32h733xx.o(.text)
    I2C3_EV_IRQHandler                       0x08000387   Thumb Code     0  startup_stm32h733xx.o(.text)
    I2C4_ER_IRQHandler                       0x08000387   Thumb Code     0  startup_stm32h733xx.o(.text)
    I2C4_EV_IRQHandler                       0x08000387   Thumb Code     0  startup_stm32h733xx.o(.text)
    I2C5_ER_IRQHandler                       0x08000387   Thumb Code     0  startup_stm32h733xx.o(.text)
    I2C5_EV_IRQHandler                       0x08000387   Thumb Code     0  startup_stm32h733xx.o(.text)
    LPTIM1_IRQHandler                        0x08000387   Thumb Code     0  startup_stm32h733xx.o(.text)
    LPTIM2_IRQHandler                        0x08000387   Thumb Code     0  startup_stm32h733xx.o(.text)
    LPTIM3_IRQHandler                        0x08000387   Thumb Code     0  startup_stm32h733xx.o(.text)
    LPTIM4_IRQHandler                        0x08000387   Thumb Code     0  startup_stm32h733xx.o(.text)
    LPTIM5_IRQHandler                        0x08000387   Thumb Code     0  startup_stm32h733xx.o(.text)
    LPUART1_IRQHandler                       0x08000387   Thumb Code     0  startup_stm32h733xx.o(.text)
    LTDC_ER_IRQHandler                       0x08000387   Thumb Code     0  startup_stm32h733xx.o(.text)
    LTDC_IRQHandler                          0x08000387   Thumb Code     0  startup_stm32h733xx.o(.text)
    MDIOS_IRQHandler                         0x08000387   Thumb Code     0  startup_stm32h733xx.o(.text)
    MDIOS_WKUP_IRQHandler                    0x08000387   Thumb Code     0  startup_stm32h733xx.o(.text)
    MDMA_IRQHandler                          0x08000387   Thumb Code     0  startup_stm32h733xx.o(.text)
    OCTOSPI1_IRQHandler                      0x08000387   Thumb Code     0  startup_stm32h733xx.o(.text)
    OCTOSPI2_IRQHandler                      0x08000387   Thumb Code     0  startup_stm32h733xx.o(.text)
    OTFDEC1_IRQHandler                       0x08000387   Thumb Code     0  startup_stm32h733xx.o(.text)
    OTFDEC2_IRQHandler                       0x08000387   Thumb Code     0  startup_stm32h733xx.o(.text)
    OTG_HS_EP1_IN_IRQHandler                 0x08000387   Thumb Code     0  startup_stm32h733xx.o(.text)
    OTG_HS_EP1_OUT_IRQHandler                0x08000387   Thumb Code     0  startup_stm32h733xx.o(.text)
    OTG_HS_IRQHandler                        0x08000387   Thumb Code     0  startup_stm32h733xx.o(.text)
    OTG_HS_WKUP_IRQHandler                   0x08000387   Thumb Code     0  startup_stm32h733xx.o(.text)
    PVD_AVD_IRQHandler                       0x08000387   Thumb Code     0  startup_stm32h733xx.o(.text)
    RCC_IRQHandler                           0x08000387   Thumb Code     0  startup_stm32h733xx.o(.text)
    RTC_Alarm_IRQHandler                     0x08000387   Thumb Code     0  startup_stm32h733xx.o(.text)
    RTC_WKUP_IRQHandler                      0x08000387   Thumb Code     0  startup_stm32h733xx.o(.text)
    SAI1_IRQHandler                          0x08000387   Thumb Code     0  startup_stm32h733xx.o(.text)
    SAI4_IRQHandler                          0x08000387   Thumb Code     0  startup_stm32h733xx.o(.text)
    SDMMC1_IRQHandler                        0x08000387   Thumb Code     0  startup_stm32h733xx.o(.text)
    SDMMC2_IRQHandler                        0x08000387   Thumb Code     0  startup_stm32h733xx.o(.text)
    SPDIF_RX_IRQHandler                      0x08000387   Thumb Code     0  startup_stm32h733xx.o(.text)
    SPI1_IRQHandler                          0x08000387   Thumb Code     0  startup_stm32h733xx.o(.text)
    SPI2_IRQHandler                          0x08000387   Thumb Code     0  startup_stm32h733xx.o(.text)
    SPI3_IRQHandler                          0x08000387   Thumb Code     0  startup_stm32h733xx.o(.text)
    SPI4_IRQHandler                          0x08000387   Thumb Code     0  startup_stm32h733xx.o(.text)
    SPI5_IRQHandler                          0x08000387   Thumb Code     0  startup_stm32h733xx.o(.text)
    SPI6_IRQHandler                          0x08000387   Thumb Code     0  startup_stm32h733xx.o(.text)
    SWPMI1_IRQHandler                        0x08000387   Thumb Code     0  startup_stm32h733xx.o(.text)
    TAMP_STAMP_IRQHandler                    0x08000387   Thumb Code     0  startup_stm32h733xx.o(.text)
    TIM15_IRQHandler                         0x08000387   Thumb Code     0  startup_stm32h733xx.o(.text)
    TIM16_IRQHandler                         0x08000387   Thumb Code     0  startup_stm32h733xx.o(.text)
    TIM17_IRQHandler                         0x08000387   Thumb Code     0  startup_stm32h733xx.o(.text)
    TIM1_CC_IRQHandler                       0x08000387   Thumb Code     0  startup_stm32h733xx.o(.text)
    TIM1_TRG_COM_IRQHandler                  0x08000387   Thumb Code     0  startup_stm32h733xx.o(.text)
    TIM23_IRQHandler                         0x08000387   Thumb Code     0  startup_stm32h733xx.o(.text)
    TIM24_IRQHandler                         0x08000387   Thumb Code     0  startup_stm32h733xx.o(.text)
    TIM4_IRQHandler                          0x08000387   Thumb Code     0  startup_stm32h733xx.o(.text)
    TIM5_IRQHandler                          0x08000387   Thumb Code     0  startup_stm32h733xx.o(.text)
    TIM6_DAC_IRQHandler                      0x08000387   Thumb Code     0  startup_stm32h733xx.o(.text)
    TIM7_IRQHandler                          0x08000387   Thumb Code     0  startup_stm32h733xx.o(.text)
    TIM8_BRK_TIM12_IRQHandler                0x08000387   Thumb Code     0  startup_stm32h733xx.o(.text)
    TIM8_CC_IRQHandler                       0x08000387   Thumb Code     0  startup_stm32h733xx.o(.text)
    TIM8_TRG_COM_TIM14_IRQHandler            0x08000387   Thumb Code     0  startup_stm32h733xx.o(.text)
    UART4_IRQHandler                         0x08000387   Thumb Code     0  startup_stm32h733xx.o(.text)
    UART5_IRQHandler                         0x08000387   Thumb Code     0  startup_stm32h733xx.o(.text)
    UART7_IRQHandler                         0x08000387   Thumb Code     0  startup_stm32h733xx.o(.text)
    UART8_IRQHandler                         0x08000387   Thumb Code     0  startup_stm32h733xx.o(.text)
    UART9_IRQHandler                         0x08000387   Thumb Code     0  startup_stm32h733xx.o(.text)
    USART1_IRQHandler                        0x08000387   Thumb Code     0  startup_stm32h733xx.o(.text)
    USART2_IRQHandler                        0x08000387   Thumb Code     0  startup_stm32h733xx.o(.text)
    USART6_IRQHandler                        0x08000387   Thumb Code     0  startup_stm32h733xx.o(.text)
    WAKEUP_PIN_IRQHandler                    0x08000387   Thumb Code     0  startup_stm32h733xx.o(.text)
    WWDG_IRQHandler                          0x08000387   Thumb Code     0  startup_stm32h733xx.o(.text)
    __user_initial_stackheap                 0x08000389   Thumb Code     0  startup_stm32h733xx.o(.text)
    __aeabi_uldivmod                         0x080003ad   Thumb Code     0  lludivv7m.o(.text)
    _ll_udiv                                 0x080003ad   Thumb Code   238  lludivv7m.o(.text)
    __aeabi_memcpy4                          0x0800049b   Thumb Code     0  rt_memcpy_w.o(.text)
    __aeabi_memcpy8                          0x0800049b   Thumb Code     0  rt_memcpy_w.o(.text)
    __rt_memcpy_w                            0x0800049b   Thumb Code   100  rt_memcpy_w.o(.text)
    _memcpy_lastbytes_aligned                0x080004e3   Thumb Code     0  rt_memcpy_w.o(.text)
    __aeabi_memclr4                          0x080004ff   Thumb Code     0  rt_memclr_w.o(.text)
    __aeabi_memclr8                          0x080004ff   Thumb Code     0  rt_memclr_w.o(.text)
    __rt_memclr_w                            0x080004ff   Thumb Code    78  rt_memclr_w.o(.text)
    _memset_w                                0x08000503   Thumb Code     0  rt_memclr_w.o(.text)
    __use_two_region_memory                  0x0800054d   Thumb Code     2  heapauxi.o(.text)
    __rt_heap_escrow$2region                 0x0800054f   Thumb Code     2  heapauxi.o(.text)
    __rt_heap_expand$2region                 0x08000551   Thumb Code     2  heapauxi.o(.text)
    __user_setup_stackheap                   0x08000553   Thumb Code    74  sys_stackheap_outer.o(.text)
    exit                                     0x0800059d   Thumb Code    18  exit.o(.text)
    __user_libspace                          0x080005b1   Thumb Code     8  libspace.o(.text)
    __user_perproc_libspace                  0x080005b1   Thumb Code     0  libspace.o(.text)
    __user_perthread_libspace                0x080005b1   Thumb Code     0  libspace.o(.text)
    _sys_exit                                0x080005b9   Thumb Code     8  sys_exit.o(.text)
    __I$use$semihosting                      0x080005c5   Thumb Code     0  use_no_semi.o(.text)
    __use_no_semihosting_swi                 0x080005c5   Thumb Code     2  use_no_semi.o(.text)
    BusFault_Handler                         0x080005c7   Thumb Code     2  stm32h7xx_it.o(i.BusFault_Handler)
    __semihosting_library_function           0x080005c7   Thumb Code     0  indicate_semi.o(.text)
    CXPI_Goto_Idle                           0x080005c9   Thumb Code    20  cxpi_driver.o(i.CXPI_Goto_Idle)
    CXPI_State                               0x080005ed   Thumb Code   288  cxpi_driver.o(i.CXPI_State)
    DebugMon_Handler                         0x08000749   Thumb Code     2  stm32h7xx_it.o(i.DebugMon_Handler)
    Error_Handler                            0x0800074b   Thumb Code     4  main.o(i.Error_Handler)
    FDCAN1_IT0_IRQHandler                    0x08000751   Thumb Code     6  stm32h7xx_it.o(i.FDCAN1_IT0_IRQHandler)
    HAL_DMA_Abort_IT                         0x08000925   Thumb Code   602  stm32h7xx_hal_dma.o(i.HAL_DMA_Abort_IT)
    HAL_FDCAN_ClockCalibrationCallback       0x08000ba9   Thumb Code     2  stm32h7xx_hal_fdcan.o(i.HAL_FDCAN_ClockCalibrationCallback)
    HAL_FDCAN_ErrorCallback                  0x08000bab   Thumb Code     2  stm32h7xx_hal_fdcan.o(i.HAL_FDCAN_ErrorCallback)
    HAL_FDCAN_ErrorStatusCallback            0x08000bad   Thumb Code     2  stm32h7xx_hal_fdcan.o(i.HAL_FDCAN_ErrorStatusCallback)
    HAL_FDCAN_HighPriorityMessageCallback    0x08000baf   Thumb Code     2  stm32h7xx_hal_fdcan.o(i.HAL_FDCAN_HighPriorityMessageCallback)
    HAL_FDCAN_IRQHandler                     0x08000bb1   Thumb Code   780  stm32h7xx_hal_fdcan.o(i.HAL_FDCAN_IRQHandler)
    HAL_FDCAN_Init                           0x08000ec9   Thumb Code   572  stm32h7xx_hal_fdcan.o(i.HAL_FDCAN_Init)
    HAL_FDCAN_MspInit                        0x0800110d   Thumb Code   106  fdcan.o(i.HAL_FDCAN_MspInit)
    HAL_FDCAN_RxBufferNewMessageCallback     0x08001185   Thumb Code     2  stm32h7xx_hal_fdcan.o(i.HAL_FDCAN_RxBufferNewMessageCallback)
    HAL_FDCAN_RxFifo0Callback                0x08001187   Thumb Code     2  stm32h7xx_hal_fdcan.o(i.HAL_FDCAN_RxFifo0Callback)
    HAL_FDCAN_RxFifo1Callback                0x08001189   Thumb Code     2  stm32h7xx_hal_fdcan.o(i.HAL_FDCAN_RxFifo1Callback)
    HAL_FDCAN_TT_GlobalTimeCallback          0x0800118b   Thumb Code     2  stm32h7xx_hal_fdcan.o(i.HAL_FDCAN_TT_GlobalTimeCallback)
    HAL_FDCAN_TT_ScheduleSyncCallback        0x0800118d   Thumb Code     2  stm32h7xx_hal_fdcan.o(i.HAL_FDCAN_TT_ScheduleSyncCallback)
    HAL_FDCAN_TT_StopWatchCallback           0x0800118f   Thumb Code     2  stm32h7xx_hal_fdcan.o(i.HAL_FDCAN_TT_StopWatchCallback)
    HAL_FDCAN_TT_TimeMarkCallback            0x08001191   Thumb Code     2  stm32h7xx_hal_fdcan.o(i.HAL_FDCAN_TT_TimeMarkCallback)
    HAL_FDCAN_TimeoutOccurredCallback        0x08001193   Thumb Code     2  stm32h7xx_hal_fdcan.o(i.HAL_FDCAN_TimeoutOccurredCallback)
    HAL_FDCAN_TimestampWraparoundCallback    0x08001195   Thumb Code     2  stm32h7xx_hal_fdcan.o(i.HAL_FDCAN_TimestampWraparoundCallback)
    HAL_FDCAN_TxBufferAbortCallback          0x08001197   Thumb Code     2  stm32h7xx_hal_fdcan.o(i.HAL_FDCAN_TxBufferAbortCallback)
    HAL_FDCAN_TxBufferCompleteCallback       0x08001199   Thumb Code     2  stm32h7xx_hal_fdcan.o(i.HAL_FDCAN_TxBufferCompleteCallback)
    HAL_FDCAN_TxEventFifoCallback            0x0800119b   Thumb Code     2  stm32h7xx_hal_fdcan.o(i.HAL_FDCAN_TxEventFifoCallback)
    HAL_FDCAN_TxFifoEmptyCallback            0x0800119d   Thumb Code     2  stm32h7xx_hal_fdcan.o(i.HAL_FDCAN_TxFifoEmptyCallback)
    HAL_GPIO_Init                            0x080011a1   Thumb Code   496  stm32h7xx_hal_gpio.o(i.HAL_GPIO_Init)
    HAL_GPIO_ReadPin                         0x080013bd   Thumb Code    10  stm32h7xx_hal_gpio.o(i.HAL_GPIO_ReadPin)
    HAL_GPIO_TogglePin                       0x080013c7   Thumb Code    14  stm32h7xx_hal_gpio.o(i.HAL_GPIO_TogglePin)
    HAL_GPIO_WritePin                        0x080013d5   Thumb Code    10  stm32h7xx_hal_gpio.o(i.HAL_GPIO_WritePin)
    HAL_GetTick                              0x080013e1   Thumb Code     6  stm32h7xx_hal.o(i.HAL_GetTick)
    HAL_IncTick                              0x080013ed   Thumb Code    12  stm32h7xx_hal.o(i.HAL_IncTick)
    HAL_Init                                 0x080013fd   Thumb Code    74  stm32h7xx_hal.o(i.HAL_Init)
    HAL_InitTick                             0x08001459   Thumb Code    56  stm32h7xx_hal.o(i.HAL_InitTick)
    HAL_MspInit                              0x08001499   Thumb Code    22  stm32h7xx_hal_msp.o(i.HAL_MspInit)
    HAL_NVIC_EnableIRQ                       0x080014b5   Thumb Code    26  stm32h7xx_hal_cortex.o(i.HAL_NVIC_EnableIRQ)
    HAL_NVIC_SetPriority                     0x080014d1   Thumb Code    60  stm32h7xx_hal_cortex.o(i.HAL_NVIC_SetPriority)
    HAL_NVIC_SetPriorityGrouping             0x08001511   Thumb Code    28  stm32h7xx_hal_cortex.o(i.HAL_NVIC_SetPriorityGrouping)
    HAL_PWREx_ConfigSupply                   0x08001535   Thumb Code    78  stm32h7xx_hal_pwr_ex.o(i.HAL_PWREx_ConfigSupply)
    HAL_RCCEx_GetD3PCLK1Freq                 0x08001589   Thumb Code    26  stm32h7xx_hal_rcc_ex.o(i.HAL_RCCEx_GetD3PCLK1Freq)
    HAL_RCCEx_GetPLL2ClockFreq               0x080015ad   Thumb Code   296  stm32h7xx_hal_rcc_ex.o(i.HAL_RCCEx_GetPLL2ClockFreq)
    HAL_RCCEx_GetPLL3ClockFreq               0x080016f1   Thumb Code   296  stm32h7xx_hal_rcc_ex.o(i.HAL_RCCEx_GetPLL3ClockFreq)
    HAL_RCCEx_PeriphCLKConfig                0x08001835   Thumb Code  2124  stm32h7xx_hal_rcc_ex.o(i.HAL_RCCEx_PeriphCLKConfig)
    HAL_RCC_ClockConfig                      0x08002081   Thumb Code   580  stm32h7xx_hal_rcc.o(i.HAL_RCC_ClockConfig)
    HAL_RCC_GetHCLKFreq                      0x080022dd   Thumb Code    52  stm32h7xx_hal_rcc.o(i.HAL_RCC_GetHCLKFreq)
    HAL_RCC_GetPCLK1Freq                     0x08002321   Thumb Code    26  stm32h7xx_hal_rcc.o(i.HAL_RCC_GetPCLK1Freq)
    HAL_RCC_GetPCLK2Freq                     0x08002345   Thumb Code    26  stm32h7xx_hal_rcc.o(i.HAL_RCC_GetPCLK2Freq)
    HAL_RCC_GetSysClockFreq                  0x08002369   Thumb Code   278  stm32h7xx_hal_rcc.o(i.HAL_RCC_GetSysClockFreq)
    HAL_RCC_OscConfig                        0x080024a1   Thumb Code  1198  stm32h7xx_hal_rcc.o(i.HAL_RCC_OscConfig)
    HAL_SYSTICK_Config                       0x0800294f   Thumb Code    38  stm32h7xx_hal_cortex.o(i.HAL_SYSTICK_Config)
    HAL_TIMEx_Break2Callback                 0x08002975   Thumb Code     2  stm32h7xx_hal_tim_ex.o(i.HAL_TIMEx_Break2Callback)
    HAL_TIMEx_BreakCallback                  0x08002977   Thumb Code     2  stm32h7xx_hal_tim_ex.o(i.HAL_TIMEx_BreakCallback)
    HAL_TIMEx_CommutCallback                 0x08002979   Thumb Code     2  stm32h7xx_hal_tim_ex.o(i.HAL_TIMEx_CommutCallback)
    HAL_TIMEx_MasterConfigSynchronization    0x0800297d   Thumb Code   146  stm32h7xx_hal_tim_ex.o(i.HAL_TIMEx_MasterConfigSynchronization)
    HAL_TIM_Base_Init                        0x08002a35   Thumb Code    98  stm32h7xx_hal_tim.o(i.HAL_TIM_Base_Init)
    HAL_TIM_Base_MspInit                     0x08002a99   Thumb Code   176  tim.o(i.HAL_TIM_Base_MspInit)
    HAL_TIM_Base_Start_IT                    0x08002b5d   Thumb Code    58  stm32h7xx_hal_tim.o(i.HAL_TIM_Base_Start_IT)
    HAL_TIM_ConfigClockSource                0x08002b9d   Thumb Code   242  stm32h7xx_hal_tim.o(i.HAL_TIM_ConfigClockSource)
    HAL_TIM_IC_CaptureCallback               0x08002c95   Thumb Code     2  stm32h7xx_hal_tim.o(i.HAL_TIM_IC_CaptureCallback)
    HAL_TIM_IRQHandler                       0x08002c97   Thumb Code   386  stm32h7xx_hal_tim.o(i.HAL_TIM_IRQHandler)
    HAL_TIM_OC_DelayElapsedCallback          0x08002e19   Thumb Code     2  stm32h7xx_hal_tim.o(i.HAL_TIM_OC_DelayElapsedCallback)
    HAL_TIM_PWM_PulseFinishedCallback        0x08002e1b   Thumb Code     2  stm32h7xx_hal_tim.o(i.HAL_TIM_PWM_PulseFinishedCallback)
    HAL_TIM_PeriodElapsedCallback            0x08002e1d   Thumb Code    38  tim.o(i.HAL_TIM_PeriodElapsedCallback)
    HAL_TIM_TriggerCallback                  0x08002e51   Thumb Code     2  stm32h7xx_hal_tim.o(i.HAL_TIM_TriggerCallback)
    HAL_UARTEx_DisableFifoMode               0x08002e53   Thumb Code    64  stm32h7xx_hal_uart_ex.o(i.HAL_UARTEx_DisableFifoMode)
    HAL_UARTEx_RxFifoFullCallback            0x08002e93   Thumb Code     2  stm32h7xx_hal_uart_ex.o(i.HAL_UARTEx_RxFifoFullCallback)
    HAL_UARTEx_SetRxFifoThreshold            0x08002e95   Thumb Code    76  stm32h7xx_hal_uart_ex.o(i.HAL_UARTEx_SetRxFifoThreshold)
    HAL_UARTEx_SetTxFifoThreshold            0x08002ee1   Thumb Code    76  stm32h7xx_hal_uart_ex.o(i.HAL_UARTEx_SetTxFifoThreshold)
    HAL_UARTEx_TxFifoEmptyCallback           0x08002f2d   Thumb Code     2  stm32h7xx_hal_uart_ex.o(i.HAL_UARTEx_TxFifoEmptyCallback)
    HAL_UARTEx_WakeupCallback                0x08002f2f   Thumb Code     2  stm32h7xx_hal_uart_ex.o(i.HAL_UARTEx_WakeupCallback)
    HAL_UART_ErrorCallback                   0x08002f31   Thumb Code     2  stm32h7xx_hal_uart.o(i.HAL_UART_ErrorCallback)
    HAL_UART_IRQHandler                      0x08002f35   Thumb Code   436  stm32h7xx_hal_uart.o(i.HAL_UART_IRQHandler)
    HAL_UART_Init                            0x080030f5   Thumb Code   106  stm32h7xx_hal_uart.o(i.HAL_UART_Init)
    HAL_UART_MspInit                         0x08003161   Thumb Code   230  usart.o(i.HAL_UART_MspInit)
    HAL_UART_Transmit                        0x0800325d   Thumb Code   190  stm32h7xx_hal_uart.o(i.HAL_UART_Transmit)
    HAL_UART_TxCpltCallback                  0x0800331b   Thumb Code     2  stm32h7xx_hal_uart.o(i.HAL_UART_TxCpltCallback)
    HardFault_Handler                        0x0800331d   Thumb Code     2  stm32h7xx_it.o(i.HardFault_Handler)
    MX_FDCAN1_Init                           0x08003321   Thumb Code    90  fdcan.o(i.MX_FDCAN1_Init)
    MX_GPIO_Init                             0x08003385   Thumb Code   278  gpio.o(i.MX_GPIO_Init)
    MX_TIM13_Init                            0x080034b1   Thumb Code    46  tim.o(i.MX_TIM13_Init)
    MX_TIM1_Init                             0x080034e9   Thumb Code   100  tim.o(i.MX_TIM1_Init)
    MX_TIM2_Init                             0x08003555   Thumb Code    94  tim.o(i.MX_TIM2_Init)
    MX_TIM3_Init                             0x080035b9   Thumb Code    92  tim.o(i.MX_TIM3_Init)
    MX_USART10_UART_Init                     0x0800361d   Thumb Code    94  usart.o(i.MX_USART10_UART_Init)
    MX_USART3_UART_Init                      0x08003685   Thumb Code    94  usart.o(i.MX_USART3_UART_Init)
    MemManage_Handler                        0x080036ed   Thumb Code     2  stm32h7xx_it.o(i.MemManage_Handler)
    NMI_Handler                              0x080036ef   Thumb Code     2  stm32h7xx_it.o(i.NMI_Handler)
    PendSV_Handler                           0x080036f1   Thumb Code     2  stm32h7xx_it.o(i.PendSV_Handler)
    SVC_Handler                              0x08003935   Thumb Code     2  stm32h7xx_it.o(i.SVC_Handler)
    SysTick_Handler                          0x08003937   Thumb Code     4  stm32h7xx_it.o(i.SysTick_Handler)
    SystemClock_Config                       0x0800393d   Thumb Code   180  main.o(i.SystemClock_Config)
    SystemInit                               0x080039f5   Thumb Code   166  system_stm32h7xx.o(i.SystemInit)
    TIM1_BRK_IRQHandler                      0x08003abd   Thumb Code     6  stm32h7xx_it.o(i.TIM1_BRK_IRQHandler)
    TIM1_UP_IRQHandler                       0x08003ac9   Thumb Code     6  stm32h7xx_it.o(i.TIM1_UP_IRQHandler)
    TIM2_IRQHandler                          0x08003ad5   Thumb Code     6  stm32h7xx_it.o(i.TIM2_IRQHandler)
    TIM3_IRQHandler                          0x08003ae1   Thumb Code     6  stm32h7xx_it.o(i.TIM3_IRQHandler)
    TIM8_UP_TIM13_IRQHandler                 0x08003aed   Thumb Code     6  stm32h7xx_it.o(i.TIM8_UP_TIM13_IRQHandler)
    TIM_Base_SetConfig                       0x08003af9   Thumb Code   174  stm32h7xx_hal_tim.o(i.TIM_Base_SetConfig)
    TIM_ETR_SetConfig                        0x08003bd1   Thumb Code    18  stm32h7xx_hal_tim.o(i.TIM_ETR_SetConfig)
    UART_AdvFeatureConfig                    0x08003ca5   Thumb Code   200  stm32h7xx_hal_uart.o(i.UART_AdvFeatureConfig)
    UART_CheckIdleState                      0x08003d6d   Thumb Code    94  stm32h7xx_hal_uart.o(i.UART_CheckIdleState)
    UART_SetConfig                           0x08003e09   Thumb Code   916  stm32h7xx_hal_uart.o(i.UART_SetConfig)
    UART_WaitOnFlagUntilTimeout              0x080041e5   Thumb Code   164  stm32h7xx_hal_uart.o(i.UART_WaitOnFlagUntilTimeout)
    USART10_IRQHandler                       0x08004289   Thumb Code     6  stm32h7xx_it.o(i.USART10_IRQHandler)
    USART3_IRQHandler                        0x08004295   Thumb Code     6  stm32h7xx_it.o(i.USART3_IRQHandler)
    UsageFault_Handler                       0x080042a1   Thumb Code     2  stm32h7xx_it.o(i.UsageFault_Handler)
    main                                     0x080042c5   Thumb Code   154  main.o(i.main)
    _fp_init                                 0x08004381   Thumb Code    10  fpinit.o(x$fpl$fpinit)
    __fplib_config_fpu_vfp                   0x08004389   Thumb Code     0  fpinit.o(x$fpl$fpinit)
    __fplib_config_pureend_doubles           0x08004389   Thumb Code     0  fpinit.o(x$fpl$fpinit)
    CDFmax                                   0x0800438a   Data           2  type.o(.constdata)
    UARTPrescTable                           0x080043e8   Data          24  stm32h7xx_hal_uart.o(.constdata)
    D1CorePrescTable                         0x08004400   Data          16  system_stm32h7xx.o(.constdata)
    Region$$Table$$Base                      0x08004410   Number         0  anon$$obj.o(Region$$Table)
    Region$$Table$$Limit                     0x08004430   Number         0  anon$$obj.o(Region$$Table)
    CDFData                                  0x24000000   Data          48  type.o(.data)
    PID                                      0x24000030   Data           3  type.o(.data)
    CDFcount                                 0x24000034   Data           2  type.o(.data)
    DataPointer                              0x24000038   Data           4  type.o(.data)
    CXPIState                                0x2400003c   Data           1  type.o(.data)
    RxByteCount                              0x2400003d   Data           1  type.o(.data)
    Framelength                              0x2400003e   Data           1  type.o(.data)
    event                                    0x2400003f   Data           1  type.o(.data)
    TxBuffer                                 0x24000040   Data           1  type.o(.data)
    EventData                                0x24000041   Data          14  type.o(.data)
    PTYPEfield                               0x2400004f   Data           3  type.o(.data)
    uwTickFreq                               0x24000054   Data           1  stm32h7xx_hal.o(.data)
    uwTickPrio                               0x24000058   Data           4  stm32h7xx_hal.o(.data)
    uwTick                                   0x2400005c   Data           4  stm32h7xx_hal.o(.data)
    SystemCoreClock                          0x24000060   Data           4  system_stm32h7xx.o(.data)
    SystemD2Clock                            0x24000064   Data           4  system_stm32h7xx.o(.data)
    DataToBeSent                             0x24000068   Data          14  type.o(.bss)
    hfdcan1                                  0x24000078   Data         160  fdcan.o(.bss)
    htim1                                    0x24000118   Data          76  tim.o(.bss)
    htim2                                    0x24000164   Data          76  tim.o(.bss)
    htim3                                    0x240001b0   Data          76  tim.o(.bss)
    htim13                                   0x240001fc   Data          76  tim.o(.bss)
    huart3                                   0x24000248   Data         140  usart.o(.bss)
    huart10                                  0x240002d4   Data         140  usart.o(.bss)
    __libspace_start                         0x24000360   Data          96  libspace.o(.bss)
    __temporary_stack_top$libspace           0x240003c0   Data           0  libspace.o(.bss)



==============================================================================

Memory Map of the image

  Image Entry point : 0x080002cd

  Load Region LR_IROM1 (Base: 0x08000000, Size: 0x00004498, Max: 0x00100000, ABSOLUTE)

    Execution Region ER_IROM1 (Exec base: 0x08000000, Load base: 0x08000000, Size: 0x00004430, Max: 0x00100000, ABSOLUTE)

    Exec Addr    Load Addr    Size         Type   Attr      Idx    E Section Name        Object

    0x08000000   0x08000000   0x000002cc   Data   RO            3    RESET               startup_stm32h733xx.o
    0x080002cc   0x080002cc   0x00000008   Code   RO         5135  * !!!main             c_w.l(__main.o)
    0x080002d4   0x080002d4   0x00000034   Code   RO         5302    !!!scatter          c_w.l(__scatter.o)
    0x08000308   0x08000308   0x0000001a   Code   RO         5304    !!handler_copy      c_w.l(__scatter_copy.o)
    0x08000322   0x08000322   0x00000002   PAD
    0x08000324   0x08000324   0x0000001c   Code   RO         5306    !!handler_zi        c_w.l(__scatter_zi.o)
    0x08000340   0x08000340   0x00000002   Code   RO         5172    .ARM.Collect$$libinit$$00000000  c_w.l(libinit.o)
    0x08000342   0x08000342   0x00000004   Code   RO         5184    .ARM.Collect$$libinit$$00000001  c_w.l(libinit2.o)
    0x08000346   0x08000346   0x00000000   Code   RO         5187    .ARM.Collect$$libinit$$00000004  c_w.l(libinit2.o)
    0x08000346   0x08000346   0x00000000   Code   RO         5190    .ARM.Collect$$libinit$$0000000A  c_w.l(libinit2.o)
    0x08000346   0x08000346   0x00000000   Code   RO         5192    .ARM.Collect$$libinit$$0000000C  c_w.l(libinit2.o)
    0x08000346   0x08000346   0x00000000   Code   RO         5194    .ARM.Collect$$libinit$$0000000E  c_w.l(libinit2.o)
    0x08000346   0x08000346   0x00000000   Code   RO         5197    .ARM.Collect$$libinit$$00000011  c_w.l(libinit2.o)
    0x08000346   0x08000346   0x00000000   Code   RO         5199    .ARM.Collect$$libinit$$00000013  c_w.l(libinit2.o)
    0x08000346   0x08000346   0x00000000   Code   RO         5201    .ARM.Collect$$libinit$$00000015  c_w.l(libinit2.o)
    0x08000346   0x08000346   0x00000000   Code   RO         5203    .ARM.Collect$$libinit$$00000017  c_w.l(libinit2.o)
    0x08000346   0x08000346   0x00000000   Code   RO         5205    .ARM.Collect$$libinit$$00000019  c_w.l(libinit2.o)
    0x08000346   0x08000346   0x00000000   Code   RO         5207    .ARM.Collect$$libinit$$0000001B  c_w.l(libinit2.o)
    0x08000346   0x08000346   0x00000000   Code   RO         5209    .ARM.Collect$$libinit$$0000001D  c_w.l(libinit2.o)
    0x08000346   0x08000346   0x00000000   Code   RO         5211    .ARM.Collect$$libinit$$0000001F  c_w.l(libinit2.o)
    0x08000346   0x08000346   0x00000000   Code   RO         5213    .ARM.Collect$$libinit$$00000021  c_w.l(libinit2.o)
    0x08000346   0x08000346   0x00000000   Code   RO         5215    .ARM.Collect$$libinit$$00000023  c_w.l(libinit2.o)
    0x08000346   0x08000346   0x00000000   Code   RO         5217    .ARM.Collect$$libinit$$00000025  c_w.l(libinit2.o)
    0x08000346   0x08000346   0x00000000   Code   RO         5221    .ARM.Collect$$libinit$$0000002C  c_w.l(libinit2.o)
    0x08000346   0x08000346   0x00000000   Code   RO         5223    .ARM.Collect$$libinit$$0000002E  c_w.l(libinit2.o)
    0x08000346   0x08000346   0x00000000   Code   RO         5225    .ARM.Collect$$libinit$$00000030  c_w.l(libinit2.o)
    0x08000346   0x08000346   0x00000000   Code   RO         5227    .ARM.Collect$$libinit$$00000032  c_w.l(libinit2.o)
    0x08000346   0x08000346   0x00000002   Code   RO         5228    .ARM.Collect$$libinit$$00000033  c_w.l(libinit2.o)
    0x08000348   0x08000348   0x00000002   Code   RO         5259    .ARM.Collect$$libshutdown$$00000000  c_w.l(libshutdown.o)
    0x0800034a   0x0800034a   0x00000000   Code   RO         5285    .ARM.Collect$$libshutdown$$00000002  c_w.l(libshutdown2.o)
    0x0800034a   0x0800034a   0x00000000   Code   RO         5287    .ARM.Collect$$libshutdown$$00000004  c_w.l(libshutdown2.o)
    0x0800034a   0x0800034a   0x00000000   Code   RO         5290    .ARM.Collect$$libshutdown$$00000007  c_w.l(libshutdown2.o)
    0x0800034a   0x0800034a   0x00000000   Code   RO         5293    .ARM.Collect$$libshutdown$$0000000A  c_w.l(libshutdown2.o)
    0x0800034a   0x0800034a   0x00000000   Code   RO         5295    .ARM.Collect$$libshutdown$$0000000C  c_w.l(libshutdown2.o)
    0x0800034a   0x0800034a   0x00000000   Code   RO         5298    .ARM.Collect$$libshutdown$$0000000F  c_w.l(libshutdown2.o)
    0x0800034a   0x0800034a   0x00000002   Code   RO         5299    .ARM.Collect$$libshutdown$$00000010  c_w.l(libshutdown2.o)
    0x0800034c   0x0800034c   0x00000000   Code   RO         5137    .ARM.Collect$$rtentry$$00000000  c_w.l(__rtentry.o)
    0x0800034c   0x0800034c   0x00000000   Code   RO         5143    .ARM.Collect$$rtentry$$00000002  c_w.l(__rtentry2.o)
    0x0800034c   0x0800034c   0x00000006   Code   RO         5155    .ARM.Collect$$rtentry$$00000004  c_w.l(__rtentry4.o)
    0x08000352   0x08000352   0x00000000   Code   RO         5145    .ARM.Collect$$rtentry$$00000009  c_w.l(__rtentry2.o)
    0x08000352   0x08000352   0x00000004   Code   RO         5146    .ARM.Collect$$rtentry$$0000000A  c_w.l(__rtentry2.o)
    0x08000356   0x08000356   0x00000000   Code   RO         5148    .ARM.Collect$$rtentry$$0000000C  c_w.l(__rtentry2.o)
    0x08000356   0x08000356   0x00000008   Code   RO         5149    .ARM.Collect$$rtentry$$0000000D  c_w.l(__rtentry2.o)
    0x0800035e   0x0800035e   0x00000002   Code   RO         5176    .ARM.Collect$$rtexit$$00000000  c_w.l(rtexit.o)
    0x08000360   0x08000360   0x00000000   Code   RO         5232    .ARM.Collect$$rtexit$$00000002  c_w.l(rtexit2.o)
    0x08000360   0x08000360   0x00000004   Code   RO         5233    .ARM.Collect$$rtexit$$00000003  c_w.l(rtexit2.o)
    0x08000364   0x08000364   0x00000006   Code   RO         5234    .ARM.Collect$$rtexit$$00000004  c_w.l(rtexit2.o)
    0x0800036a   0x0800036a   0x00000002   PAD
    0x0800036c   0x0800036c   0x00000040   Code   RO            4    .text               startup_stm32h733xx.o
    0x080003ac   0x080003ac   0x000000ee   Code   RO         5127    .text               c_w.l(lludivv7m.o)
    0x0800049a   0x0800049a   0x00000064   Code   RO         5129    .text               c_w.l(rt_memcpy_w.o)
    0x080004fe   0x080004fe   0x0000004e   Code   RO         5131    .text               c_w.l(rt_memclr_w.o)
    0x0800054c   0x0800054c   0x00000006   Code   RO         5133    .text               c_w.l(heapauxi.o)
    0x08000552   0x08000552   0x0000004a   Code   RO         5159    .text               c_w.l(sys_stackheap_outer.o)
    0x0800059c   0x0800059c   0x00000012   Code   RO         5161    .text               c_w.l(exit.o)
    0x080005ae   0x080005ae   0x00000002   PAD
    0x080005b0   0x080005b0   0x00000008   Code   RO         5173    .text               c_w.l(libspace.o)
    0x080005b8   0x080005b8   0x0000000c   Code   RO         5229    .text               c_w.l(sys_exit.o)
    0x080005c4   0x080005c4   0x00000002   Code   RO         5248    .text               c_w.l(use_no_semi.o)
    0x080005c6   0x080005c6   0x00000000   Code   RO         5250    .text               c_w.l(indicate_semi.o)
    0x080005c6   0x080005c6   0x00000002   Code   RO          431    i.BusFault_Handler  stm32h7xx_it.o
    0x080005c8   0x080005c8   0x00000024   Code   RO           42    i.CXPI_Goto_Idle    cxpi_driver.o
    0x080005ec   0x080005ec   0x0000015c   Code   RO           43    i.CXPI_State        cxpi_driver.o
    0x08000748   0x08000748   0x00000002   Code   RO          432    i.DebugMon_Handler  stm32h7xx_it.o
    0x0800074a   0x0800074a   0x00000004   Code   RO          197    i.Error_Handler     main.o
    0x0800074e   0x0800074e   0x00000002   PAD
    0x08000750   0x08000750   0x0000000c   Code   RO          433    i.FDCAN1_IT0_IRQHandler  stm32h7xx_it.o
    0x0800075c   0x0800075c   0x000001c8   Code   RO         2971    i.FDCAN_CalcultateRamBlockAddresses  stm32h7xx_hal_fdcan.o
    0x08000924   0x08000924   0x00000284   Code   RO         1346    i.HAL_DMA_Abort_IT  stm32h7xx_hal_dma.o
    0x08000ba8   0x08000ba8   0x00000002   Code   RO         2977    i.HAL_FDCAN_ClockCalibrationCallback  stm32h7xx_hal_fdcan.o
    0x08000baa   0x08000baa   0x00000002   Code   RO         3003    i.HAL_FDCAN_ErrorCallback  stm32h7xx_hal_fdcan.o
    0x08000bac   0x08000bac   0x00000002   Code   RO         3004    i.HAL_FDCAN_ErrorStatusCallback  stm32h7xx_hal_fdcan.o
    0x08000bae   0x08000bae   0x00000002   Code   RO         3021    i.HAL_FDCAN_HighPriorityMessageCallback  stm32h7xx_hal_fdcan.o
    0x08000bb0   0x08000bb0   0x00000318   Code   RO         3022    i.HAL_FDCAN_IRQHandler  stm32h7xx_hal_fdcan.o
    0x08000ec8   0x08000ec8   0x00000244   Code   RO         3023    i.HAL_FDCAN_Init    stm32h7xx_hal_fdcan.o
    0x0800110c   0x0800110c   0x00000078   Code   RO          276    i.HAL_FDCAN_MspInit  fdcan.o
    0x08001184   0x08001184   0x00000002   Code   RO         3032    i.HAL_FDCAN_RxBufferNewMessageCallback  stm32h7xx_hal_fdcan.o
    0x08001186   0x08001186   0x00000002   Code   RO         3033    i.HAL_FDCAN_RxFifo0Callback  stm32h7xx_hal_fdcan.o
    0x08001188   0x08001188   0x00000002   Code   RO         3034    i.HAL_FDCAN_RxFifo1Callback  stm32h7xx_hal_fdcan.o
    0x0800118a   0x0800118a   0x00000002   Code   RO         3057    i.HAL_FDCAN_TT_GlobalTimeCallback  stm32h7xx_hal_fdcan.o
    0x0800118c   0x0800118c   0x00000002   Code   RO         3058    i.HAL_FDCAN_TT_ScheduleSyncCallback  stm32h7xx_hal_fdcan.o
    0x0800118e   0x0800118e   0x00000002   Code   RO         3063    i.HAL_FDCAN_TT_StopWatchCallback  stm32h7xx_hal_fdcan.o
    0x08001190   0x08001190   0x00000002   Code   RO         3064    i.HAL_FDCAN_TT_TimeMarkCallback  stm32h7xx_hal_fdcan.o
    0x08001192   0x08001192   0x00000002   Code   RO         3065    i.HAL_FDCAN_TimeoutOccurredCallback  stm32h7xx_hal_fdcan.o
    0x08001194   0x08001194   0x00000002   Code   RO         3066    i.HAL_FDCAN_TimestampWraparoundCallback  stm32h7xx_hal_fdcan.o
    0x08001196   0x08001196   0x00000002   Code   RO         3067    i.HAL_FDCAN_TxBufferAbortCallback  stm32h7xx_hal_fdcan.o
    0x08001198   0x08001198   0x00000002   Code   RO         3068    i.HAL_FDCAN_TxBufferCompleteCallback  stm32h7xx_hal_fdcan.o
    0x0800119a   0x0800119a   0x00000002   Code   RO         3069    i.HAL_FDCAN_TxEventFifoCallback  stm32h7xx_hal_fdcan.o
    0x0800119c   0x0800119c   0x00000002   Code   RO         3070    i.HAL_FDCAN_TxFifoEmptyCallback  stm32h7xx_hal_fdcan.o
    0x0800119e   0x0800119e   0x00000002   PAD
    0x080011a0   0x080011a0   0x0000021c   Code   RO         1193    i.HAL_GPIO_Init     stm32h7xx_hal_gpio.o
    0x080013bc   0x080013bc   0x0000000a   Code   RO         1195    i.HAL_GPIO_ReadPin  stm32h7xx_hal_gpio.o
    0x080013c6   0x080013c6   0x0000000e   Code   RO         1196    i.HAL_GPIO_TogglePin  stm32h7xx_hal_gpio.o
    0x080013d4   0x080013d4   0x0000000a   Code   RO         1197    i.HAL_GPIO_WritePin  stm32h7xx_hal_gpio.o
    0x080013de   0x080013de   0x00000002   PAD
    0x080013e0   0x080013e0   0x0000000c   Code   RO         2058    i.HAL_GetTick       stm32h7xx_hal.o
    0x080013ec   0x080013ec   0x00000010   Code   RO         2064    i.HAL_IncTick       stm32h7xx_hal.o
    0x080013fc   0x080013fc   0x0000005c   Code   RO         2065    i.HAL_Init          stm32h7xx_hal.o
    0x08001458   0x08001458   0x00000040   Code   RO         2066    i.HAL_InitTick      stm32h7xx_hal.o
    0x08001498   0x08001498   0x0000001c   Code   RO          555    i.HAL_MspInit       stm32h7xx_hal_msp.o
    0x080014b4   0x080014b4   0x0000001a   Code   RO          585    i.HAL_NVIC_EnableIRQ  stm32h7xx_hal_cortex.o
    0x080014ce   0x080014ce   0x00000002   PAD
    0x080014d0   0x080014d0   0x00000040   Code   RO          591    i.HAL_NVIC_SetPriority  stm32h7xx_hal_cortex.o
    0x08001510   0x08001510   0x00000024   Code   RO          592    i.HAL_NVIC_SetPriorityGrouping  stm32h7xx_hal_cortex.o
    0x08001534   0x08001534   0x00000054   Code   RO         1794    i.HAL_PWREx_ConfigSupply  stm32h7xx_hal_pwr_ex.o
    0x08001588   0x08001588   0x00000024   Code   RO          836    i.HAL_RCCEx_GetD3PCLK1Freq  stm32h7xx_hal_rcc_ex.o
    0x080015ac   0x080015ac   0x00000144   Code   RO          838    i.HAL_RCCEx_GetPLL2ClockFreq  stm32h7xx_hal_rcc_ex.o
    0x080016f0   0x080016f0   0x00000144   Code   RO          839    i.HAL_RCCEx_GetPLL3ClockFreq  stm32h7xx_hal_rcc_ex.o
    0x08001834   0x08001834   0x0000084c   Code   RO          845    i.HAL_RCCEx_PeriphCLKConfig  stm32h7xx_hal_rcc_ex.o
    0x08002080   0x08002080   0x0000025c   Code   RO          721    i.HAL_RCC_ClockConfig  stm32h7xx_hal_rcc.o
    0x080022dc   0x080022dc   0x00000044   Code   RO          726    i.HAL_RCC_GetHCLKFreq  stm32h7xx_hal_rcc.o
    0x08002320   0x08002320   0x00000024   Code   RO          728    i.HAL_RCC_GetPCLK1Freq  stm32h7xx_hal_rcc.o
    0x08002344   0x08002344   0x00000024   Code   RO          729    i.HAL_RCC_GetPCLK2Freq  stm32h7xx_hal_rcc.o
    0x08002368   0x08002368   0x00000138   Code   RO          730    i.HAL_RCC_GetSysClockFreq  stm32h7xx_hal_rcc.o
    0x080024a0   0x080024a0   0x000004ae   Code   RO          733    i.HAL_RCC_OscConfig  stm32h7xx_hal_rcc.o
    0x0800294e   0x0800294e   0x00000026   Code   RO          596    i.HAL_SYSTICK_Config  stm32h7xx_hal_cortex.o
    0x08002974   0x08002974   0x00000002   Code   RO         4305    i.HAL_TIMEx_Break2Callback  stm32h7xx_hal_tim_ex.o
    0x08002976   0x08002976   0x00000002   Code   RO         4306    i.HAL_TIMEx_BreakCallback  stm32h7xx_hal_tim_ex.o
    0x08002978   0x08002978   0x00000002   Code   RO         4307    i.HAL_TIMEx_CommutCallback  stm32h7xx_hal_tim_ex.o
    0x0800297a   0x0800297a   0x00000002   PAD
    0x0800297c   0x0800297c   0x000000b8   Code   RO         4327    i.HAL_TIMEx_MasterConfigSynchronization  stm32h7xx_hal_tim_ex.o
    0x08002a34   0x08002a34   0x00000062   Code   RO         3591    i.HAL_TIM_Base_Init  stm32h7xx_hal_tim.o
    0x08002a96   0x08002a96   0x00000002   PAD
    0x08002a98   0x08002a98   0x000000c4   Code   RO          318    i.HAL_TIM_Base_MspInit  tim.o
    0x08002b5c   0x08002b5c   0x00000040   Code   RO         3596    i.HAL_TIM_Base_Start_IT  stm32h7xx_hal_tim.o
    0x08002b9c   0x08002b9c   0x000000f8   Code   RO         3600    i.HAL_TIM_ConfigClockSource  stm32h7xx_hal_tim.o
    0x08002c94   0x08002c94   0x00000002   Code   RO         3625    i.HAL_TIM_IC_CaptureCallback  stm32h7xx_hal_tim.o
    0x08002c96   0x08002c96   0x00000182   Code   RO         3639    i.HAL_TIM_IRQHandler  stm32h7xx_hal_tim.o
    0x08002e18   0x08002e18   0x00000002   Code   RO         3642    i.HAL_TIM_OC_DelayElapsedCallback  stm32h7xx_hal_tim.o
    0x08002e1a   0x08002e1a   0x00000002   Code   RO         3669    i.HAL_TIM_PWM_PulseFinishedCallback  stm32h7xx_hal_tim.o
    0x08002e1c   0x08002e1c   0x00000034   Code   RO          319    i.HAL_TIM_PeriodElapsedCallback  tim.o
    0x08002e50   0x08002e50   0x00000002   Code   RO         3682    i.HAL_TIM_TriggerCallback  stm32h7xx_hal_tim.o
    0x08002e52   0x08002e52   0x00000040   Code   RO         4998    i.HAL_UARTEx_DisableFifoMode  stm32h7xx_hal_uart_ex.o
    0x08002e92   0x08002e92   0x00000002   Code   RO         5002    i.HAL_UARTEx_RxFifoFullCallback  stm32h7xx_hal_uart_ex.o
    0x08002e94   0x08002e94   0x0000004c   Code   RO         5003    i.HAL_UARTEx_SetRxFifoThreshold  stm32h7xx_hal_uart_ex.o
    0x08002ee0   0x08002ee0   0x0000004c   Code   RO         5004    i.HAL_UARTEx_SetTxFifoThreshold  stm32h7xx_hal_uart_ex.o
    0x08002f2c   0x08002f2c   0x00000002   Code   RO         5006    i.HAL_UARTEx_TxFifoEmptyCallback  stm32h7xx_hal_uart_ex.o
    0x08002f2e   0x08002f2e   0x00000002   Code   RO         5007    i.HAL_UARTEx_WakeupCallback  stm32h7xx_hal_uart_ex.o
    0x08002f30   0x08002f30   0x00000002   Code   RO         4620    i.HAL_UART_ErrorCallback  stm32h7xx_hal_uart.o
    0x08002f32   0x08002f32   0x00000002   PAD
    0x08002f34   0x08002f34   0x000001c0   Code   RO         4623    i.HAL_UART_IRQHandler  stm32h7xx_hal_uart.o
    0x080030f4   0x080030f4   0x0000006a   Code   RO         4624    i.HAL_UART_Init     stm32h7xx_hal_uart.o
    0x0800315e   0x0800315e   0x00000002   PAD
    0x08003160   0x08003160   0x000000fc   Code   RO          384    i.HAL_UART_MspInit  usart.o
    0x0800325c   0x0800325c   0x000000be   Code   RO         4633    i.HAL_UART_Transmit  stm32h7xx_hal_uart.o
    0x0800331a   0x0800331a   0x00000002   Code   RO         4636    i.HAL_UART_TxCpltCallback  stm32h7xx_hal_uart.o
    0x0800331c   0x0800331c   0x00000002   Code   RO          434    i.HardFault_Handler  stm32h7xx_it.o
    0x0800331e   0x0800331e   0x00000002   PAD
    0x08003320   0x08003320   0x00000064   Code   RO          277    i.MX_FDCAN1_Init    fdcan.o
    0x08003384   0x08003384   0x0000012c   Code   RO          251    i.MX_GPIO_Init      gpio.o
    0x080034b0   0x080034b0   0x00000038   Code   RO          320    i.MX_TIM13_Init     tim.o
    0x080034e8   0x080034e8   0x0000006c   Code   RO          321    i.MX_TIM1_Init      tim.o
    0x08003554   0x08003554   0x00000064   Code   RO          322    i.MX_TIM2_Init      tim.o
    0x080035b8   0x080035b8   0x00000064   Code   RO          323    i.MX_TIM3_Init      tim.o
    0x0800361c   0x0800361c   0x00000068   Code   RO          385    i.MX_USART10_UART_Init  usart.o
    0x08003684   0x08003684   0x00000068   Code   RO          386    i.MX_USART3_UART_Init  usart.o
    0x080036ec   0x080036ec   0x00000002   Code   RO          435    i.MemManage_Handler  stm32h7xx_it.o
    0x080036ee   0x080036ee   0x00000002   Code   RO          436    i.NMI_Handler       stm32h7xx_it.o
    0x080036f0   0x080036f0   0x00000002   Code   RO          437    i.PendSV_Handler    stm32h7xx_it.o
    0x080036f2   0x080036f2   0x00000002   PAD
    0x080036f4   0x080036f4   0x00000120   Code   RO          848    i.RCCEx_PLL2_Config  stm32h7xx_hal_rcc_ex.o
    0x08003814   0x08003814   0x00000120   Code   RO          849    i.RCCEx_PLL3_Config  stm32h7xx_hal_rcc_ex.o
    0x08003934   0x08003934   0x00000002   Code   RO          438    i.SVC_Handler       stm32h7xx_it.o
    0x08003936   0x08003936   0x00000004   Code   RO          439    i.SysTick_Handler   stm32h7xx_it.o
    0x0800393a   0x0800393a   0x00000002   PAD
    0x0800393c   0x0800393c   0x000000b8   Code   RO          198    i.SystemClock_Config  main.o
    0x080039f4   0x080039f4   0x000000c8   Code   RO         5092    i.SystemInit        system_stm32h7xx.o
    0x08003abc   0x08003abc   0x0000000c   Code   RO          440    i.TIM1_BRK_IRQHandler  stm32h7xx_it.o
    0x08003ac8   0x08003ac8   0x0000000c   Code   RO          441    i.TIM1_UP_IRQHandler  stm32h7xx_it.o
    0x08003ad4   0x08003ad4   0x0000000c   Code   RO          442    i.TIM2_IRQHandler   stm32h7xx_it.o
    0x08003ae0   0x08003ae0   0x0000000c   Code   RO          443    i.TIM3_IRQHandler   stm32h7xx_it.o
    0x08003aec   0x08003aec   0x0000000c   Code   RO          444    i.TIM8_UP_TIM13_IRQHandler  stm32h7xx_it.o
    0x08003af8   0x08003af8   0x000000d8   Code   RO         3684    i.TIM_Base_SetConfig  stm32h7xx_hal_tim.o
    0x08003bd0   0x08003bd0   0x00000012   Code   RO         3695    i.TIM_ETR_SetConfig  stm32h7xx_hal_tim.o
    0x08003be2   0x08003be2   0x00000002   PAD
    0x08003be4   0x08003be4   0x00000014   Code   RO         3696    i.TIM_ITRx_SetConfig  stm32h7xx_hal_tim.o
    0x08003bf8   0x08003bf8   0x00000022   Code   RO         3704    i.TIM_TI1_ConfigInputStage  stm32h7xx_hal_tim.o
    0x08003c1a   0x08003c1a   0x00000024   Code   RO         3706    i.TIM_TI2_ConfigInputStage  stm32h7xx_hal_tim.o
    0x08003c3e   0x08003c3e   0x00000002   PAD
    0x08003c40   0x08003c40   0x00000064   Code   RO         5008    i.UARTEx_SetNbDataToProcess  stm32h7xx_hal_uart_ex.o
    0x08003ca4   0x08003ca4   0x000000c8   Code   RO         4638    i.UART_AdvFeatureConfig  stm32h7xx_hal_uart.o
    0x08003d6c   0x08003d6c   0x0000005e   Code   RO         4639    i.UART_CheckIdleState  stm32h7xx_hal_uart.o
    0x08003dca   0x08003dca   0x00000014   Code   RO         4640    i.UART_DMAAbortOnError  stm32h7xx_hal_uart.o
    0x08003dde   0x08003dde   0x00000002   PAD
    0x08003de0   0x08003de0   0x00000028   Code   RO         4650    i.UART_EndRxTransfer  stm32h7xx_hal_uart.o
    0x08003e08   0x08003e08   0x000003dc   Code   RO         4656    i.UART_SetConfig    stm32h7xx_hal_uart.o
    0x080041e4   0x080041e4   0x000000a4   Code   RO         4661    i.UART_WaitOnFlagUntilTimeout  stm32h7xx_hal_uart.o
    0x08004288   0x08004288   0x0000000c   Code   RO          445    i.USART10_IRQHandler  stm32h7xx_it.o
    0x08004294   0x08004294   0x0000000c   Code   RO          446    i.USART3_IRQHandler  stm32h7xx_it.o
    0x080042a0   0x080042a0   0x00000002   Code   RO          447    i.UsageFault_Handler  stm32h7xx_it.o
    0x080042a2   0x080042a2   0x00000022   Code   RO          598    i.__NVIC_SetPriority  stm32h7xx_hal_cortex.o
    0x080042c4   0x080042c4   0x000000bc   Code   RO          199    i.main              main.o
    0x08004380   0x08004380   0x0000000a   Code   RO         5244    x$fpl$fpinit        fz_wv.l(fpinit.o)
    0x0800438a   0x0800438a   0x00000002   Data   RO           12    .constdata          type.o
    0x0800438c   0x0800438c   0x0000005c   Data   RO         3071    .constdata          stm32h7xx_hal_fdcan.o
    0x080043e8   0x080043e8   0x00000018   Data   RO         4662    .constdata          stm32h7xx_hal_uart.o
    0x08004400   0x08004400   0x00000010   Data   RO         5093    .constdata          system_stm32h7xx.o
    0x08004410   0x08004410   0x00000020   Data   RO         5300    Region$$Table       anon$$obj.o


    Execution Region RW_IRAM1 (Exec base: 0x20000000, Load base: 0x08004430, Size: 0x00000000, Max: 0x00020000, ABSOLUTE)

    **** No section assigned to this execution region ****


    Execution Region RW_IRAM2 (Exec base: 0x24000000, Load base: 0x08004430, Size: 0x000009c0, Max: 0x00050000, ABSOLUTE)

    Exec Addr    Load Addr    Size         Type   Attr      Idx    E Section Name        Object

    0x24000000   0x08004430   0x00000030   Data   RW           13    .data               type.o
    0x24000030   0x08004460   0x00000003   Data   RW           14    .data               type.o
    0x24000033   0x08004463   0x00000001   PAD
    0x24000034   0x08004464   0x00000002   Data   RW           15    .data               type.o
    0x24000036   0x08004466   0x00000002   PAD
    0x24000038   0x08004468   0x00000004   Data   RW           16    .data               type.o
    0x2400003c   0x0800446c   0x00000001   Data   RW           17    .data               type.o
    0x2400003d   0x0800446d   0x00000001   Data   RW           18    .data               type.o
    0x2400003e   0x0800446e   0x00000001   Data   RW           19    .data               type.o
    0x2400003f   0x0800446f   0x00000001   Data   RW           20    .data               type.o
    0x24000040   0x08004470   0x00000001   Data   RW           21    .data               type.o
    0x24000041   0x08004471   0x0000000e   Data   RW           22    .data               type.o
    0x2400004f   0x0800447f   0x00000003   Data   RW           23    .data               type.o
    0x24000052   0x08004482   0x00000002   PAD
    0x24000054   0x08004484   0x0000000c   Data   RW         2089    .data               stm32h7xx_hal.o
    0x24000060   0x08004490   0x00000008   Data   RW         5094    .data               system_stm32h7xx.o
    0x24000068        -       0x0000000e   Zero   RW           11    .bss                type.o
    0x24000076   0x08004498   0x00000002   PAD
    0x24000078        -       0x000000a0   Zero   RW          278    .bss                fdcan.o
    0x24000118        -       0x00000130   Zero   RW          324    .bss                tim.o
    0x24000248        -       0x00000118   Zero   RW          387    .bss                usart.o
    0x24000360        -       0x00000060   Zero   RW         5174    .bss                c_w.l(libspace.o)
    0x240003c0        -       0x00000200   Zero   RW            2    HEAP                startup_stm32h733xx.o
    0x240005c0        -       0x00000400   Zero   RW            1    STACK               startup_stm32h733xx.o


==============================================================================

Image component sizes


      Code (inc. data)   RO Data    RW Data    ZI Data      Debug   Object Name

       384         84          0          0          0    1231500   cxpi_driver.o
       220         24          0          0        160       1851   fdcan.o
       300         22          0          0          0       1179   gpio.o
       376         38          0          0          0       2332   main.o
        64         26        716          0       1536        836   startup_stm32h733xx.o
       184         36          0         12          0      23005   stm32h7xx_hal.o
       198         12          0          0          0      38959   stm32h7xx_hal_cortex.o
       644         42          0          0          0       2879   stm32h7xx_hal_dma.o
      1862         30         92          0          0      15988   stm32h7xx_hal_fdcan.o
       574         44          0          0          0       3944   stm32h7xx_hal_gpio.o
        28          6          0          0          0        918   stm32h7xx_hal_msp.o
        84          6          0          0          0        781   stm32h7xx_hal_pwr_ex.o
      2254        102          0          0          0       7020   stm32h7xx_hal_rcc.o
      3384        116          0          0          0       7785   stm32h7xx_hal_rcc_ex.o
      1128         66          0          0          0      10165   stm32h7xx_hal_tim.o
       190         38          0          0          0       3164   stm32h7xx_hal_tim_ex.o
      2254        132         24          0          0      29467   stm32h7xx_hal_uart.o
       322         18          0          0          0       5442   stm32h7xx_hal_uart_ex.o
       116         48          0          0          0       7789   stm32h7xx_it.o
       200         34         16          8          0       1534   system_stm32h7xx.o
       612         66          0          0        304       4459   tim.o
         0          0          2         79         14       3462   type.o
       460         42          0          0        280       2637   usart.o

    ----------------------------------------------------------------------
     15866       1032        882        104       2296    1407096   Object Totals
         0          0         32          0          0          0   (incl. Generated)
        28          0          0          5          2          0   (incl. Padding)

    ----------------------------------------------------------------------

      Code (inc. data)   RO Data    RW Data    ZI Data      Debug   Library Member Name

         8          0          0          0          0         68   __main.o
         0          0          0          0          0          0   __rtentry.o
        12          0          0          0          0          0   __rtentry2.o
         6          0          0          0          0          0   __rtentry4.o
        52          8          0          0          0          0   __scatter.o
        26          0          0          0          0          0   __scatter_copy.o
        28          0          0          0          0          0   __scatter_zi.o
        18          0          0          0          0         80   exit.o
         6          0          0          0          0        152   heapauxi.o
         0          0          0          0          0          0   indicate_semi.o
         2          0          0          0          0          0   libinit.o
         6          0          0          0          0          0   libinit2.o
         2          0          0          0          0          0   libshutdown.o
         2          0          0          0          0          0   libshutdown2.o
         8          4          0          0         96         68   libspace.o
       238          0          0          0          0        100   lludivv7m.o
        78          0          0          0          0         80   rt_memclr_w.o
       100          0          0          0          0         80   rt_memcpy_w.o
         2          0          0          0          0          0   rtexit.o
        10          0          0          0          0          0   rtexit2.o
        12          4          0          0          0         68   sys_exit.o
        74          0          0          0          0         80   sys_stackheap_outer.o
         2          0          0          0          0         68   use_no_semi.o
        10          0          0          0          0        116   fpinit.o

    ----------------------------------------------------------------------
       708         16          0          0         96        960   Library Totals
         6          0          0          0          0          0   (incl. Padding)

    ----------------------------------------------------------------------

      Code (inc. data)   RO Data    RW Data    ZI Data      Debug   Library Name

       692         16          0          0         96        844   c_w.l
        10          0          0          0          0        116   fz_wv.l

    ----------------------------------------------------------------------
       708         16          0          0         96        960   Library Totals

    ----------------------------------------------------------------------

==============================================================================


      Code (inc. data)   RO Data    RW Data    ZI Data      Debug   

     16574       1048        882        104       2392    1396844   Grand Totals
     16574       1048        882        104       2392    1396844   ELF Image Totals
     16574       1048        882        104          0          0   ROM Totals

==============================================================================

    Total RO  Size (Code + RO Data)                17456 (  17.05kB)
    Total RW  Size (RW Data + ZI Data)              2496 (   2.44kB)
    Total ROM Size (Code + RO Data + RW Data)      17560 (  17.15kB)

==============================================================================

